Archive member included to satisfy reference by file (symbol)

C:\Users\rikta\OneDrive\Documents\UBC 2nd Year\ELEC291\gcc-arm-none-eabi-10.3-2021.10\arm-none-eabi\lib\thumb\v6-m\nofp\libnosys.a(errno.o)
                              newlib_stubs.o (errno)
C:\Users\rikta\OneDrive\Documents\UBC 2nd Year\ELEC291\gcc-arm-none-eabi-10.3-2021.10\lib\gcc\arm-none-eabi\10.3.1\thumb\v6-m\nofp\libgcc.a(_divsi3.o)
                              main.o (__aeabi_idiv)
C:\Users\rikta\OneDrive\Documents\UBC 2nd Year\ELEC291\gcc-arm-none-eabi-10.3-2021.10\lib\gcc\arm-none-eabi\10.3.1\thumb\v6-m\nofp\libgcc.a(_dvmd_tls.o)
                              C:\Users\rikta\OneDrive\Documents\UBC 2nd Year\ELEC291\gcc-arm-none-eabi-10.3-2021.10\lib\gcc\arm-none-eabi\10.3.1\thumb\v6-m\nofp\libgcc.a(_divsi3.o) (__aeabi_idiv0)
C:\Users\rikta\OneDrive\Documents\UBC 2nd Year\ELEC291\gcc-arm-none-eabi-10.3-2021.10\lib\gcc\arm-none-eabi\10.3.1\thumb\v6-m\nofp\libgcc.a(divsf3.o)
                              main.o (__aeabi_fdiv)
C:\Users\rikta\OneDrive\Documents\UBC 2nd Year\ELEC291\gcc-arm-none-eabi-10.3-2021.10\lib\gcc\arm-none-eabi\10.3.1\thumb\v6-m\nofp\libgcc.a(divdf3.o)
                              main.o (__aeabi_ddiv)
C:\Users\rikta\OneDrive\Documents\UBC 2nd Year\ELEC291\gcc-arm-none-eabi-10.3-2021.10\lib\gcc\arm-none-eabi\10.3.1\thumb\v6-m\nofp\libgcc.a(muldf3.o)
                              main.o (__aeabi_dmul)
C:\Users\rikta\OneDrive\Documents\UBC 2nd Year\ELEC291\gcc-arm-none-eabi-10.3-2021.10\lib\gcc\arm-none-eabi\10.3.1\thumb\v6-m\nofp\libgcc.a(fixdfsi.o)
                              main.o (__aeabi_d2iz)
C:\Users\rikta\OneDrive\Documents\UBC 2nd Year\ELEC291\gcc-arm-none-eabi-10.3-2021.10\lib\gcc\arm-none-eabi\10.3.1\thumb\v6-m\nofp\libgcc.a(floatsidf.o)
                              main.o (__aeabi_i2d)
C:\Users\rikta\OneDrive\Documents\UBC 2nd Year\ELEC291\gcc-arm-none-eabi-10.3-2021.10\lib\gcc\arm-none-eabi\10.3.1\thumb\v6-m\nofp\libgcc.a(truncdfsf2.o)
                              main.o (__aeabi_d2f)
C:\Users\rikta\OneDrive\Documents\UBC 2nd Year\ELEC291\gcc-arm-none-eabi-10.3-2021.10\lib\gcc\arm-none-eabi\10.3.1\thumb\v6-m\nofp\libgcc.a(_udivsi3.o)
                              C:\Users\rikta\OneDrive\Documents\UBC 2nd Year\ELEC291\gcc-arm-none-eabi-10.3-2021.10\lib\gcc\arm-none-eabi\10.3.1\thumb\v6-m\nofp\libgcc.a(divdf3.o) (__aeabi_uidivmod)
C:\Users\rikta\OneDrive\Documents\UBC 2nd Year\ELEC291\gcc-arm-none-eabi-10.3-2021.10\lib\gcc\arm-none-eabi\10.3.1\thumb\v6-m\nofp\libgcc.a(_clzsi2.o)
                              C:\Users\rikta\OneDrive\Documents\UBC 2nd Year\ELEC291\gcc-arm-none-eabi-10.3-2021.10\lib\gcc\arm-none-eabi\10.3.1\thumb\v6-m\nofp\libgcc.a(divsf3.o) (__clzsi2)
C:\Users\rikta\OneDrive\Documents\UBC 2nd Year\ELEC291\gcc-arm-none-eabi-10.3-2021.10\arm-none-eabi\lib\thumb\v6-m\nofp\libc_nano.a(lib_a-printf.o)
                              main.o (printf)
C:\Users\rikta\OneDrive\Documents\UBC 2nd Year\ELEC291\gcc-arm-none-eabi-10.3-2021.10\arm-none-eabi\lib\thumb\v6-m\nofp\libc_nano.a(lib_a-puts.o)
                              main.o (puts)
C:\Users\rikta\OneDrive\Documents\UBC 2nd Year\ELEC291\gcc-arm-none-eabi-10.3-2021.10\arm-none-eabi\lib\thumb\v6-m\nofp\libc_nano.a(lib_a-sprintf.o)
                              main.o (sprintf)
C:\Users\rikta\OneDrive\Documents\UBC 2nd Year\ELEC291\gcc-arm-none-eabi-10.3-2021.10\arm-none-eabi\lib\thumb\v6-m\nofp\libc_nano.a(lib_a-sscanf.o)
                              main.o (sscanf)
C:\Users\rikta\OneDrive\Documents\UBC 2nd Year\ELEC291\gcc-arm-none-eabi-10.3-2021.10\arm-none-eabi\lib\thumb\v6-m\nofp\libc_nano.a(lib_a-stdio.o)
                              C:\Users\rikta\OneDrive\Documents\UBC 2nd Year\ELEC291\gcc-arm-none-eabi-10.3-2021.10\arm-none-eabi\lib\thumb\v6-m\nofp\libc_nano.a(lib_a-sscanf.o) (__seofread)
C:\Users\rikta\OneDrive\Documents\UBC 2nd Year\ELEC291\gcc-arm-none-eabi-10.3-2021.10\arm-none-eabi\lib\thumb\v6-m\nofp\libc_nano.a(lib_a-strlen.o)
                              main.o (strlen)
C:\Users\rikta\OneDrive\Documents\UBC 2nd Year\ELEC291\gcc-arm-none-eabi-10.3-2021.10\arm-none-eabi\lib\thumb\v6-m\nofp\libc_nano.a(lib_a-wbuf.o)
                              C:\Users\rikta\OneDrive\Documents\UBC 2nd Year\ELEC291\gcc-arm-none-eabi-10.3-2021.10\arm-none-eabi\lib\thumb\v6-m\nofp\libc_nano.a(lib_a-puts.o) (__swbuf_r)
C:\Users\rikta\OneDrive\Documents\UBC 2nd Year\ELEC291\gcc-arm-none-eabi-10.3-2021.10\arm-none-eabi\lib\thumb\v6-m\nofp\libc_nano.a(lib_a-writer.o)
                              C:\Users\rikta\OneDrive\Documents\UBC 2nd Year\ELEC291\gcc-arm-none-eabi-10.3-2021.10\arm-none-eabi\lib\thumb\v6-m\nofp\libc_nano.a(lib_a-stdio.o) (_write_r)
C:\Users\rikta\OneDrive\Documents\UBC 2nd Year\ELEC291\gcc-arm-none-eabi-10.3-2021.10\arm-none-eabi\lib\thumb\v6-m\nofp\libc_nano.a(lib_a-wsetup.o)
[...]
Memory Configuration

Name             Origin             Length             Attributes
flash            0x08000000         0x00010000
ram              0x20000000         0x00002000
*default*        0x00000000         0xffffffff

Linker script and memory map

LOAD main.o
LOAD serial.o
LOAD UART2.o
LOAD startup.o
LOAD newlib_stubs.o
LOAD C:\Users\rikta\OneDrive\Documents\UBC 2nd Year\ELEC291\gcc-arm-none-eabi-10.3-2021.10\arm-none-eabi\lib\thumb\v6-m\nofp\libnosys.a
LOAD C:\Users\rikta\OneDrive\Documents\UBC 2nd Year\ELEC291\gcc-arm-none-eabi-10.3-2021.10\lib\gcc\arm-none-eabi\10.3.1\thumb\v6-m\nofp\libgcc.a
START GROUP
LOAD C:\Users\rikta\OneDrive\Documents\UBC 2nd Year\ELEC291\gcc-arm-none-eabi-10.3-2021.10\lib\gcc\arm-none-eabi\10.3.1\thumb\v6-m\nofp\libgcc.a
LOAD C:\Users\rikta\OneDrive\Documents\UBC 2nd Year\ELEC291\gcc-arm-none-eabi-10.3-2021.10\arm-none-eabi\lib\thumb\v6-m\nofp\libc_nano.a
LOAD C:\Users\rikta\OneDrive\Documents\UBC 2nd Year\ELEC291\gcc-arm-none-eabi-10.3-2021.10\arm-none-eabi\lib\thumb\v6-m\nofp\libm.a
END GROUP

.text           0x08000000     0x5a14
 *(.vectors)
 .vectors       0x08000000       0xb8 startup.o
                0x08000000                Vectors
 *(.after_vectors*)
 .after_vectors
                0x080000b8       0x28 startup.o
                0x080000b8                ResetInit
 *(.text*)
 .text          0x080000e0      0xbe4 main.o
                0x080000e0                delay
                0x080000fe                wait_1ms
                0x08000138                delayms
                0x0800015a                Delay_us
                0x080001b8                waitms
                0x080001da                GetPeriod
                0x080002dc                TIM2_Handler
                0x080003f0                Hardware_Init
                0x08000608                SendATCommand
                0x08000680                main
 .text          0x08000cc4      0x5b4 serial.o
                0x08000cc4                ReadCom
                0x08000d38                WriteCom
                0x08000dd8                initUART
                0x08000f28                USART1_Handler
                0x08000f54                usart_rx
                0x08000f84                usart_tx
                0x08000fec                PutBuf
                0x0800104e                GetBuf
                0x080010a4                GetBufCount
                0x080010b8                eputs
                0x080010f4                eputc
                0x08001112                egetc
                0x0800112c                egets
                0x080011b8                egetc_echo
                0x080011de                egets_echo
 .text          0x08001278      0x5c8 UART2.o
                0x08001278                ReadCom2
                0x080012ec                WriteCom2
                0x0800138c                initUART2
                0x080014d8                USART2_Handler
                0x08001504                usart_rx2
                0x08001534                usart_tx2
                0x0800159c                PutBuf2
                0x080015fe                GetBuf2
                0x08001654                GetBufCount2
                0x08001668                eputs2
                0x080016a4                eputc2
                0x080016c2                egetc2
                0x080016dc                egets2
                0x08001768                ReceivedBytes2
                0x08001780                egetc_echo2
                0x080017a6                egets_echo2
 .text          0x08001840      0x1a8 startup.o
                0x080018b8                initClock
                0x080019c0                EXTI2_3_Handler
                0x080019c0                TIM21_Handler
                0x080019c0                SysTick_Handler
                0x080019c0                I2C1_Handler
                0x080019c0                PendSV_Handler
                0x080019c0                NMI_Handler
                0x080019c0                WWDG_Handler
                0x080019c0                RTC_Handler
                0x080019c0                EXTI4_15_Handler
                0x080019c0                DMA_CH4_5_6_7_Handler
                0x080019c0                Default_Handler
                0x080019c0                LPUART1_Handler
                0x080019c0                FLASH_Handler
                0x080019c0                EXTI0_1_Handler
                0x080019c0                DMA_CH1_Handler
                0x080019c0                SPI2_Handler
                0x080019c0                DMA_CH2_3_Handler
                0x080019c0                I2C2_Handler
                0x080019c0                SVC_Handler
                0x080019c0                LPTIM1_Handler
                0x080019c0                SPI1_Handler
                0x080019c0                RCC_Handler
                0x080019c0                PVD_Handler
                0x080019c0                TIM6_Handler
                0x080019c0                TIM22_Handler
                0x080019c0                ADC_COMP_Handler
                0x080019d4                Hard_Fault_Handler
 .text          0x080019e8      0x29c newlib_stubs.o
                0x080019e8                _exit
                0x080019f2                _close
                0x08001a06                _execve
                0x08001a28                _fork
                0x08001a40                _fstat
                0x08001a5c                _getpid
                0x08001a68                _kill
                0x08001a88                _link
                0x08001aa8                _lseek
                0x08001abe                _stat
                0x08001ada                _times
                0x08001aee                _unlink
                0x08001b0c                _wait
                0x08001b2c                _isatty
                0x08001b54                _sbrk
                0x08001bb8                _read
                0x08001c30                _write
 .text          0x08001c84        0x0 C:\Users\rikta\OneDrive\Documents\UBC 2nd Year\ELEC291\gcc-arm-none-eabi-10.3-2021.10\arm-none-eabi\lib\thumb\v6-m\nofp\libnosys.a(errno.o)
 .text          0x08001c84      0x1d4 C:\Users\rikta\OneDrive\Documents\UBC 2nd Year\ELEC291\gcc-arm-none-eabi-10.3-2021.10\lib\gcc\arm-none-eabi\10.3.1\thumb\v6-m\nofp\libgcc.a(_divsi3.o)
                0x08001c84                __divsi3
                0x08001c84                __aeabi_idiv
                0x08001e50                __aeabi_idivmod
 .text          0x08001e58        0x4 C:\Users\rikta\OneDrive\Documents\UBC 2nd Year\ELEC291\gcc-arm-none-eabi-10.3-2021.10\lib\gcc\arm-none-eabi\10.3.1\thumb\v6-m\nofp\libgcc.a(_dvmd_tls.o)
                0x08001e58                __aeabi_idiv0
                0x08001e58                __aeabi_ldiv0
 .text          0x08001e5c      0x230 C:\Users\rikta\OneDrive\Documents\UBC 2nd Year\ELEC291\gcc-arm-none-eabi-10.3-2021.10\lib\gcc\arm-none-eabi\10.3.1\thumb\v6-m\nofp\libgcc.a(divsf3.o)
                0x08001e5c                __aeabi_fdiv
 .text          0x0800208c      0x5ec C:\Users\rikta\OneDrive\Documents\UBC 2nd Year\ELEC291\gcc-arm-none-eabi-10.3-2021.10\lib\gcc\arm-none-eabi\10.3.1\thumb\v6-m\nofp\libgcc.a(divdf3.o)
                0x0800208c                __aeabi_ddiv
 .text          0x08002678      0x4d8 C:\Users\rikta\OneDrive\Documents\UBC 2nd Year\ELEC291\gcc-arm-none-eabi-10.3-2021.10\lib\gcc\arm-none-eabi\10.3.1\thumb\v6-m\nofp\libgcc.a(muldf3.o)
                0x08002678                __aeabi_dmul
 .text          0x08002b50       0x6c C:\Users\rikta\OneDrive\Documents\UBC 2nd Year\ELEC291\gcc-arm-none-eabi-10.3-2021.10\lib\gcc\arm-none-eabi\10.3.1\thumb\v6-m\nofp\libgcc.a(fixdfsi.o)
                0x08002b50                __aeabi_d2iz
 .text          0x08002bbc       0x60 C:\Users\rikta\OneDrive\Documents\UBC 2nd Year\ELEC291\gcc-arm-none-eabi-10.3-2021.10\lib\gcc\arm-none-eabi\10.3.1\thumb\v6-m\nofp\libgcc.a(floatsidf.o)
                0x08002bbc                __aeabi_i2d
 .text          0x08002c1c      0x110 C:\Users\rikta\OneDrive\Documents\UBC 2nd Year\ELEC291\gcc-arm-none-eabi-10.3-2021.10\lib\gcc\arm-none-eabi\10.3.1\thumb\v6-m\nofp\libgcc.a(truncdfsf2.o)
                0x08002c1c                __aeabi_d2f
 .text          0x08002d2c      0x114 C:\Users\rikta\OneDrive\Documents\UBC 2nd Year\ELEC291\gcc-arm-none-eabi-10.3-2021.10\lib\gcc\arm-none-eabi\10.3.1\thumb\v6-m\nofp\libgcc.a(_udivsi3.o)
                0x08002d2c                __aeabi_uidiv
                0x08002d2c                __udivsi3
                0x08002e38                __aeabi_uidivmod
 .text          0x08002e40       0x3c C:\Users\rikta\OneDrive\Documents\UBC 2nd Year\ELEC291\gcc-arm-none-eabi-10.3-2021.10\lib\gcc\arm-none-eabi\10.3.1\thumb\v6-m\nofp\libgcc.a(_clzsi2.o)
                0x08002e40                __clzsi2
 .text          0x08002e7c        0x0 C:\Users\rikta\OneDrive\Documents\UBC 2nd Year\ELEC291\gcc-arm-none-eabi-10.3-2021.10\arm-none-eabi\lib\thumb\v6-m\nofp\libc_nano.a(lib_a-printf.o)
 .text._printf_r
                0x08002e7c       0x28 C:\Users\rikta\OneDrive\Documents\UBC 2nd Year\ELEC291\gcc-arm-none-eabi-10.3-2021.10\arm-none-eabi\lib\thumb\v6-m\nofp\libc_nano.a(lib_a-printf.o)
                0x08002e7c                _iprintf_r
                0x08002e7c                _printf_r
 .text.printf   0x08002ea4       0x34 C:\Users\rikta\OneDrive\Documents\UBC 2nd Year\ELEC291\gcc-arm-none-eabi-10.3-2021.10\arm-none-eabi\lib\thumb\v6-m\nofp\libc_nano.a(lib_a-printf.o)
                0x08002ea4                iprintf
                0x08002ea4                printf
 .text          0x08002ed8        0x0 C:\Users\rikta\OneDrive\Documents\UBC 2nd Year\ELEC291\gcc-arm-none-eabi-10.3-2021.10\arm-none-eabi\lib\thumb\v6-m\nofp\libc_nano.a(lib_a-puts.o)
 .text._puts_r  0x08002ed8       0xe4 C:\Users\rikta\OneDrive\Documents\UBC 2nd Year\ELEC291\gcc-arm-none-eabi-10.3-2021.10\arm-none-eabi\lib\thumb\v6-m\nofp\libc_nano.a(lib_a-puts.o)
                0x08002ed8                _puts_r
 .text.puts     0x08002fbc       0x14 C:\Users\rikta\OneDrive\Documents\UBC 2nd Year\ELEC291\gcc-arm-none-eabi-10.3-2021.10\arm-none-eabi\lib\thumb\v6-m\nofp\libc_nano.a(lib_a-puts.o)
                0x08002fbc                puts
 .text          0x08002fd0        0x0 C:\Users\rikta\OneDrive\Documents\UBC 2nd Year\ELEC291\gcc-arm-none-eabi-10.3-2021.10\arm-none-eabi\lib\thumb\v6-m\nofp\libc_nano.a(lib_a-sprintf.o)
 .text._sprintf_r
                0x08002fd0       0x38 C:\Users\rikta\OneDrive\Documents\UBC 2nd Year\ELEC291\gcc-arm-none-eabi-10.3-2021.10\arm-none-eabi\lib\thumb\v6-m\nofp\libc_nano.a(lib_a-sprintf.o)
                0x08002fd0                _sprintf_r
                0x08002fd0                _siprintf_r
 .text.sprintf  0x08003008       0x40 C:\Users\rikta\OneDrive\Documents\UBC 2nd Year\ELEC291\gcc-arm-none-eabi-10.3-2021.10\arm-none-eabi\lib\thumb\v6-m\nofp\libc_nano.a(lib_a-sprintf.o)
                0x08003008                siprintf
                0x08003008                sprintf
 .text          0x08003048        0x0 C:\Users\rikta\OneDrive\Documents\UBC 2nd Year\ELEC291\gcc-arm-none-eabi-10.3-2021.10\arm-none-eabi\lib\thumb\v6-m\nofp\libc_nano.a(lib_a-sscanf.o)
 .text.sscanf   0x08003048       0x50 C:\Users\rikta\OneDrive\Documents\UBC 2nd Year\ELEC291\gcc-arm-none-eabi-10.3-2021.10\arm-none-eabi\lib\thumb\v6-m\nofp\libc_nano.a(lib_a-sscanf.o)
                0x08003048                siscanf
                0x08003048                sscanf
 .text._sscanf_r
                0x08003098       0x50 C:\Users\rikta\OneDrive\Documents\UBC 2nd Year\ELEC291\gcc-arm-none-eabi-10.3-2021.10\arm-none-eabi\lib\thumb\v6-m\nofp\libc_nano.a(lib_a-sscanf.o)
                0x08003098                _sscanf_r
                0x08003098                _siscanf_r
 .text          0x080030e8        0x0 C:\Users\rikta\OneDrive\Documents\UBC 2nd Year\ELEC291\gcc-arm-none-eabi-10.3-2021.10\arm-none-eabi\lib\thumb\v6-m\nofp\libc_nano.a(lib_a-stdio.o)
 .text.__sread  0x080030e8       0x28 C:\Users\rikta\OneDrive\Documents\UBC 2nd Year\ELEC291\gcc-arm-none-eabi-10.3-2021.10\arm-none-eabi\lib\thumb\v6-m\nofp\libc_nano.a(lib_a-stdio.o)
                0x080030e8                __sread
 .text.__seofread
                0x08003110        0x4 C:\Users\rikta\OneDrive\Documents\UBC 2nd Year\ELEC291\gcc-arm-none-eabi-10.3-2021.10\arm-none-eabi\lib\thumb\v6-m\nofp\libc_nano.a(lib_a-stdio.o)
                0x08003110                __seofread
 .text.__swrite
                0x08003114       0x38 C:\Users\rikta\OneDrive\Documents\UBC 2nd Year\ELEC291\gcc-arm-none-eabi-10.3-2021.10\arm-none-eabi\lib\thumb\v6-m\nofp\libc_nano.a(lib_a-stdio.o)
                0x08003114                __swrite
 .text.__sseek  0x0800314c       0x2c C:\Users\rikta\OneDrive\Documents\UBC 2nd Year\ELEC291\gcc-arm-none-eabi-10.3-2021.10\arm-none-eabi\lib\thumb\v6-m\nofp\libc_nano.a(lib_a-stdio.o)
                0x0800314c                __sseek
 .text.__sclose
                0x08003178        0xc C:\Users\rikta\OneDrive\Documents\UBC 2nd Year\ELEC291\gcc-arm-none-eabi-10.3-2021.10\arm-none-eabi\lib\thumb\v6-m\nofp\libc_nano.a(lib_a-stdio.o)
                0x08003178                __sclose
 .text          0x08003184        0xe C:\Users\rikta\OneDrive\Documents\UBC 2nd Year\ELEC291\gcc-arm-none-eabi-10.3-2021.10\arm-none-eabi\lib\thumb\v6-m\nofp\libc_nano.a(lib_a-strlen.o)
                0x08003184                strlen
 .text          0x08003192        0x0 C:\Users\rikta\OneDrive\Documents\UBC 2nd Year\ELEC291\gcc-arm-none-eabi-10.3-2021.10\arm-none-eabi\lib\thumb\v6-m\nofp\libc_nano.a(lib_a-wbuf.o)
 *fill*         0x08003192        0x2 
 .text.__swbuf_r
                0x08003194       0xac C:\Users\rikta\OneDrive\Documents\UBC 2nd Year\ELEC291\gcc-arm-none-eabi-10.3-2021.10\arm-none-eabi\lib\thumb\v6-m\nofp\libc_nano.a(lib_a-wbuf.o)
                0x08003194                __swbuf_r
 .text.__swbuf  0x08003240       0x14 C:\Users\rikta\OneDrive\Documents\UBC 2nd Year\ELEC291\gcc-arm-none-eabi-10.3-2021.10\arm-none-eabi\lib\thumb\v6-m\nofp\libc_nano.a(lib_a-wbuf.o)
                0x08003240                __swbuf
 .text          0x08003254        0x0 C:\Users\rikta\OneDrive\Documents\UBC 2nd Year\ELEC291\gcc-arm-none-eabi-10.3-2021.10\arm-none-eabi\lib\thumb\v6-m\nofp\libc_nano.a(lib_a-writer.o)
 .text._write_r
                0x08003254       0x28 C:\Users\rikta\OneDrive\Documents\UBC 2nd Year\ELEC291\gcc-arm-none-eabi-10.3-2021.10\arm-none-eabi\lib\thumb\v6-m\nofp\libc_nano.a(lib_a-writer.o)
                0x08003254                _write_r
 .text          0x0800327c        0x0 C:\Users\rikta\OneDrive\Documents\UBC 2nd Year\ELEC291\gcc-arm-none-eabi-10.3-2021.10\arm-none-eabi\lib\thumb\v6-m\nofp\libc_nano.a(lib_a-wsetup.o)
 .text.__swsetup_r
                0x0800327c       0xf0 C:\Users\rikta\OneDrive\Documents\UBC 2nd Year\ELEC291\gcc-arm-none-eabi-10.3-2021.10\arm-none-eabi\lib\thumb\v6-m\nofp\libc_nano.a(lib_a-wsetup.o)
                0x0800327c                __swsetup_r
 .text          0x0800336c        0x0 C:\Users\rikta\OneDrive\Documents\UBC 2nd Year\ELEC291\gcc-arm-none-eabi-10.3-2021.10\arm-none-eabi\lib\thumb\v6-m\nofp\libc_nano.a(lib_a-closer.o)
 .text._close_r
                0x0800336c       0x24 C:\Users\rikta\OneDrive\Documents\UBC 2nd Year\ELEC291\gcc-arm-none-eabi-10.3-2021.10\arm-none-eabi\lib\thumb\v6-m\nofp\libc_nano.a(lib_a-closer.o)
                0x0800336c                _close_r
 .text          0x08003390        0x0 C:\Users\rikta\OneDrive\Documents\UBC 2nd Year\ELEC291\gcc-arm-none-eabi-10.3-2021.10\arm-none-eabi\lib\thumb\v6-m\nofp\libc_nano.a(lib_a-fflush.o)
 .text.__sflush_r
                0x08003390      0x118 C:\Users\rikta\OneDrive\Documents\UBC 2nd Year\ELEC291\gcc-arm-none-eabi-10.3-2021.10\arm-none-eabi\lib\thumb\v6-m\nofp\libc_nano.a(lib_a-fflush.o)
                0x08003390                __sflush_r
 .text._fflush_r
                0x080034a8       0x80 C:\Users\rikta\OneDrive\Documents\UBC 2nd Year\ELEC291\gcc-arm-none-eabi-10.3-2021.10\arm-none-eabi\lib\thumb\v6-m\nofp\libc_nano.a(lib_a-fflush.o)
                0x080034a8                _fflush_r
 .text.fflush   0x08003528       0x2c C:\Users\rikta\OneDrive\Documents\UBC 2nd Year\ELEC291\gcc-arm-none-eabi-10.3-2021.10\arm-none-eabi\lib\thumb\v6-m\nofp\libc_nano.a(lib_a-fflush.o)
                0x08003528                fflush
 .text          0x08003554        0x0 C:\Users\rikta\OneDrive\Documents\UBC 2nd Year\ELEC291\gcc-arm-none-eabi-10.3-2021.10\arm-none-eabi\lib\thumb\v6-m\nofp\libc_nano.a(lib_a-findfp.o)
 .text.std      0x08003554       0x48 C:\Users\rikta\OneDrive\Documents\UBC 2nd Year\ELEC291\gcc-arm-none-eabi-10.3-2021.10\arm-none-eabi\lib\thumb\v6-m\nofp\libc_nano.a(lib_a-findfp.o)
 .text._cleanup_r
                0x0800359c       0x10 C:\Users\rikta\OneDrive\Documents\UBC 2nd Year\ELEC291\gcc-arm-none-eabi-10.3-2021.10\arm-none-eabi\lib\thumb\v6-m\nofp\libc_nano.a(lib_a-findfp.o)
                0x0800359c                _cleanup_r
 .text.__fp_lock
                0x080035ac       0x18 C:\Users\rikta\OneDrive\Documents\UBC 2nd Year\ELEC291\gcc-arm-none-eabi-10.3-2021.10\arm-none-eabi\lib\thumb\v6-m\nofp\libc_nano.a(lib_a-findfp.o)
 .text.__fp_unlock
                0x080035c4       0x18 C:\Users\rikta\OneDrive\Documents\UBC 2nd Year\ELEC291\gcc-arm-none-eabi-10.3-2021.10\arm-none-eabi\lib\thumb\v6-m\nofp\libc_nano.a(lib_a-findfp.o)
 .text.__sfmoreglue
                0x080035dc       0x2c C:\Users\rikta\OneDrive\Documents\UBC 2nd Year\ELEC291\gcc-arm-none-eabi-10.3-2021.10\arm-none-eabi\lib\thumb\v6-m\nofp\libc_nano.a(lib_a-findfp.o)
                0x080035dc                __sfmoreglue
 .text._cleanup
                0x08003608       0x10 C:\Users\rikta\OneDrive\Documents\UBC 2nd Year\ELEC291\gcc-arm-none-eabi-10.3-2021.10\arm-none-eabi\lib\thumb\v6-m\nofp\libc_nano.a(lib_a-findfp.o)
                0x08003608                _cleanup
 .text.__sfp_lock_acquire
                0x08003618       0x10 C:\Users\rikta\OneDrive\Documents\UBC 2nd Year\ELEC291\gcc-arm-none-eabi-10.3-2021.10\arm-none-eabi\lib\thumb\v6-m\nofp\libc_nano.a(lib_a-findfp.o)
                0x08003618                __sfp_lock_acquire
 .text.__sfp_lock_release
                0x08003628       0x10 C:\Users\rikta\OneDrive\Documents\UBC 2nd Year\ELEC291\gcc-arm-none-eabi-10.3-2021.10\arm-none-eabi\lib\thumb\v6-m\nofp\libc_nano.a(lib_a-findfp.o)
                0x08003628                __sfp_lock_release
 .text.__sinit_lock_acquire
                0x08003638       0x10 C:\Users\rikta\OneDrive\Documents\UBC 2nd Year\ELEC291\gcc-arm-none-eabi-10.3-2021.10\arm-none-eabi\lib\thumb\v6-m\nofp\libc_nano.a(lib_a-findfp.o)
                0x08003638                __sinit_lock_acquire
 .text.__sinit_lock_release
                0x08003648       0x10 C:\Users\rikta\OneDrive\Documents\UBC 2nd Year\ELEC291\gcc-arm-none-eabi-10.3-2021.10\arm-none-eabi\lib\thumb\v6-m\nofp\libc_nano.a(lib_a-findfp.o)
                0x08003648                __sinit_lock_release
 .text.__sinit  0x08003658       0x70 C:\Users\rikta\OneDrive\Documents\UBC 2nd Year\ELEC291\gcc-arm-none-eabi-10.3-2021.10\arm-none-eabi\lib\thumb\v6-m\nofp\libc_nano.a(lib_a-findfp.o)
                0x08003658                __sinit
 .text.__sfp    0x080036c8       0x90 C:\Users\rikta\OneDrive\Documents\UBC 2nd Year\ELEC291\gcc-arm-none-eabi-10.3-2021.10\arm-none-eabi\lib\thumb\v6-m\nofp\libc_nano.a(lib_a-findfp.o)
                0x080036c8                __sfp
 .text.__fp_lock_all
                0x08003758       0x1c C:\Users\rikta\OneDrive\Documents\UBC 2nd Year\ELEC291\gcc-arm-none-eabi-10.3-2021.10\arm-none-eabi\lib\thumb\v6-m\nofp\libc_nano.a(lib_a-findfp.o)
                0x08003758                __fp_lock_all
 .text.__fp_unlock_all
                0x08003774       0x1c C:\Users\rikta\OneDrive\Documents\UBC 2nd Year\ELEC291\gcc-arm-none-eabi-10.3-2021.10\arm-none-eabi\lib\thumb\v6-m\nofp\libc_nano.a(lib_a-findfp.o)
                0x08003774                __fp_unlock_all
 .text          0x08003790        0x0 C:\Users\rikta\OneDrive\Documents\UBC 2nd Year\ELEC291\gcc-arm-none-eabi-10.3-2021.10\arm-none-eabi\lib\thumb\v6-m\nofp\libc_nano.a(lib_a-fwalk.o)
 .text._fwalk   0x08003790       0x36 C:\Users\rikta\OneDrive\Documents\UBC 2nd Year\ELEC291\gcc-arm-none-eabi-10.3-2021.10\arm-none-eabi\lib\thumb\v6-m\nofp\libc_nano.a(lib_a-fwalk.o)
                0x08003790                _fwalk
 .text._fwalk_reent
                0x080037c6       0x40 C:\Users\rikta\OneDrive\Documents\UBC 2nd Year\ELEC291\gcc-arm-none-eabi-10.3-2021.10\arm-none-eabi\lib\thumb\v6-m\nofp\libc_nano.a(lib_a-fwalk.o)
                0x080037c6                _fwalk_reent
 .text          0x08003806        0x0 C:\Users\rikta\OneDrive\Documents\UBC 2nd Year\ELEC291\gcc-arm-none-eabi-10.3-2021.10\arm-none-eabi\lib\thumb\v6-m\nofp\libc_nano.a(lib_a-impure.o)
 .text          0x08003806        0x0 C:\Users\rikta\OneDrive\Documents\UBC 2nd Year\ELEC291\gcc-arm-none-eabi-10.3-2021.10\arm-none-eabi\lib\thumb\v6-m\nofp\libc_nano.a(lib_a-lock.o)
 .text.__retarget_lock_init
                0x08003806        0x2 C:\Users\rikta\OneDrive\Documents\UBC 2nd Year\ELEC291\gcc-arm-none-eabi-10.3-2021.10\arm-none-eabi\lib\thumb\v6-m\nofp\libc_nano.a(lib_a-lock.o)
                0x08003806                __retarget_lock_init
 .text.__retarget_lock_init_recursive
                0x08003808        0x2 C:\Users\rikta\OneDrive\Documents\UBC 2nd Year\ELEC291\gcc-arm-none-eabi-10.3-2021.10\arm-none-eabi\lib\thumb\v6-m\nofp\libc_nano.a(lib_a-lock.o)
                0x08003808                __retarget_lock_init_recursive
 .text.__retarget_lock_close
                0x0800380a        0x2 C:\Users\rikta\OneDrive\Documents\UBC 2nd Year\ELEC291\gcc-arm-none-eabi-10.3-2021.10\arm-none-eabi\lib\thumb\v6-m\nofp\libc_nano.a(lib_a-lock.o)
                0x0800380a                __retarget_lock_close
 .text.__retarget_lock_close_recursive
                0x0800380c        0x2 C:\Users\rikta\OneDrive\Documents\UBC 2nd Year\ELEC291\gcc-arm-none-eabi-10.3-2021.10\arm-none-eabi\lib\thumb\v6-m\nofp\libc_nano.a(lib_a-lock.o)
                0x0800380c                __retarget_lock_close_recursive
 .text.__retarget_lock_acquire
                0x0800380e        0x2 C:\Users\rikta\OneDrive\Documents\UBC 2nd Year\ELEC291\gcc-arm-none-eabi-10.3-2021.10\arm-none-eabi\lib\thumb\v6-m\nofp\libc_nano.a(lib_a-lock.o)
                0x0800380e                __retarget_lock_acquire
 .text.__retarget_lock_acquire_recursive
                0x08003810        0x2 C:\Users\rikta\OneDrive\Documents\UBC 2nd Year\ELEC291\gcc-arm-none-eabi-10.3-2021.10\arm-none-eabi\lib\thumb\v6-m\nofp\libc_nano.a(lib_a-lock.o)
                0x08003810                __retarget_lock_acquire_recursive
 .text.__retarget_lock_try_acquire
                0x08003812        0x4 C:\Users\rikta\OneDrive\Documents\UBC 2nd Year\ELEC291\gcc-arm-none-eabi-10.3-2021.10\arm-none-eabi\lib\thumb\v6-m\nofp\libc_nano.a(lib_a-lock.o)
                0x08003812                __retarget_lock_try_acquire
 .text.__retarget_lock_try_acquire_recursive
                0x08003816        0x4 C:\Users\rikta\OneDrive\Documents\UBC 2nd Year\ELEC291\gcc-arm-none-eabi-10.3-2021.10\arm-none-eabi\lib\thumb\v6-m\nofp\libc_nano.a(lib_a-lock.o)
                0x08003816                __retarget_lock_try_acquire_recursive
 .text.__retarget_lock_release
                0x0800381a        0x2 C:\Users\rikta\OneDrive\Documents\UBC 2nd Year\ELEC291\gcc-arm-none-eabi-10.3-2021.10\arm-none-eabi\lib\thumb\v6-m\nofp\libc_nano.a(lib_a-lock.o)
                0x0800381a                __retarget_lock_release
 .text.__retarget_lock_release_recursive
                0x0800381c        0x2 C:\Users\rikta\OneDrive\Documents\UBC 2nd Year\ELEC291\gcc-arm-none-eabi-10.3-2021.10\arm-none-eabi\lib\thumb\v6-m\nofp\libc_nano.a(lib_a-lock.o)
                0x0800381c                __retarget_lock_release_recursive
 .text          0x0800381e        0x0 C:\Users\rikta\OneDrive\Documents\UBC 2nd Year\ELEC291\gcc-arm-none-eabi-10.3-2021.10\arm-none-eabi\lib\thumb\v6-m\nofp\libc_nano.a(lib_a-lseekr.o)
 *fill*         0x0800381e        0x2 
 .text._lseek_r
                0x08003820       0x28 C:\Users\rikta\OneDrive\Documents\UBC 2nd Year\ELEC291\gcc-arm-none-eabi-10.3-2021.10\arm-none-eabi\lib\thumb\v6-m\nofp\libc_nano.a(lib_a-lseekr.o)
                0x08003820                _lseek_r
 .text          0x08003848        0x0 C:\Users\rikta\OneDrive\Documents\UBC 2nd Year\ELEC291\gcc-arm-none-eabi-10.3-2021.10\arm-none-eabi\lib\thumb\v6-m\nofp\libc_nano.a(lib_a-makebuf.o)
 .text.__swhatbuf_r
                0x08003848       0x50 C:\Users\rikta\OneDrive\Documents\UBC 2nd Year\ELEC291\gcc-arm-none-eabi-10.3-2021.10\arm-none-eabi\lib\thumb\v6-m\nofp\libc_nano.a(lib_a-makebuf.o)
                0x08003848                __swhatbuf_r
 .text.__smakebuf_r
                0x08003898       0x88 C:\Users\rikta\OneDrive\Documents\UBC 2nd Year\ELEC291\gcc-arm-none-eabi-10.3-2021.10\arm-none-eabi\lib\thumb\v6-m\nofp\libc_nano.a(lib_a-makebuf.o)
                0x08003898                __smakebuf_r
 .text          0x08003920        0x0 C:\Users\rikta\OneDrive\Documents\UBC 2nd Year\ELEC291\gcc-arm-none-eabi-10.3-2021.10\arm-none-eabi\lib\thumb\v6-m\nofp\libc_nano.a(lib_a-memset.o)
 .text.memset   0x08003920       0x10 C:\Users\rikta\OneDrive\Documents\UBC 2nd Year\ELEC291\gcc-arm-none-eabi-10.3-2021.10\arm-none-eabi\lib\thumb\v6-m\nofp\libc_nano.a(lib_a-memset.o)
                0x08003920                memset
 .text          0x08003930        0x0 C:\Users\rikta\OneDrive\Documents\UBC 2nd Year\ELEC291\gcc-arm-none-eabi-10.3-2021.10\arm-none-eabi\lib\thumb\v6-m\nofp\libc_nano.a(lib_a-nano-freer.o)
 .text._free_r  0x08003930       0x94 C:\Users\rikta\OneDrive\Documents\UBC 2nd Year\ELEC291\gcc-arm-none-eabi-10.3-2021.10\arm-none-eabi\lib\thumb\v6-m\nofp\libc_nano.a(lib_a-nano-freer.o)
                0x08003930                _free_r
 .text          0x080039c4        0x0 C:\Users\rikta\OneDrive\Documents\UBC 2nd Year\ELEC291\gcc-arm-none-eabi-10.3-2021.10\arm-none-eabi\lib\thumb\v6-m\nofp\libc_nano.a(lib_a-nano-mallocr.o)
 .text.sbrk_aligned
                0x080039c4       0x44 C:\Users\rikta\OneDrive\Documents\UBC 2nd Year\ELEC291\gcc-arm-none-eabi-10.3-2021.10\arm-none-eabi\lib\thumb\v6-m\nofp\libc_nano.a(lib_a-nano-mallocr.o)
 .text._malloc_r
                0x08003a08       0xec C:\Users\rikta\OneDrive\Documents\UBC 2nd Year\ELEC291\gcc-arm-none-eabi-10.3-2021.10\arm-none-eabi\lib\thumb\v6-m\nofp\libc_nano.a(lib_a-nano-mallocr.o)
                0x08003a08                _malloc_r
 .text          0x08003af4        0x0 C:\Users\rikta\OneDrive\Documents\UBC 2nd Year\ELEC291\gcc-arm-none-eabi-10.3-2021.10\arm-none-eabi\lib\thumb\v6-m\nofp\libc_nano.a(lib_a-nano-svfprintf.o)
 .text.__ssputs_r
                0x08003af4       0xc4 C:\Users\rikta\OneDrive\Documents\UBC 2nd Year\ELEC291\gcc-arm-none-eabi-10.3-2021.10\arm-none-eabi\lib\thumb\v6-m\nofp\libc_nano.a(lib_a-nano-svfprintf.o)
                0x08003af4                __ssputs_r
 .text.__ssprint_r
                0x08003bb8      0x100 C:\Users\rikta\OneDrive\Documents\UBC 2nd Year\ELEC291\gcc-arm-none-eabi-10.3-2021.10\arm-none-eabi\lib\thumb\v6-m\nofp\libc_nano.a(lib_a-nano-svfprintf.o)
                0x08003bb8                __ssprint_r
 .text._svfprintf_r
                0x08003cb8      0x200 C:\Users\rikta\OneDrive\Documents\UBC 2nd Year\ELEC291\gcc-arm-none-eabi-10.3-2021.10\arm-none-eabi\lib\thumb\v6-m\nofp\libc_nano.a(lib_a-nano-svfprintf.o)
                0x08003cb8                _svfiprintf_r
                0x08003cb8                _svfprintf_r
 .text          0x08003eb8        0x0 C:\Users\rikta\OneDrive\Documents\UBC 2nd Year\ELEC291\gcc-arm-none-eabi-10.3-2021.10\arm-none-eabi\lib\thumb\v6-m\nofp\libc_nano.a(lib_a-nano-svfscanf.o)
 .text._sungetc_r
                0x08003eb8       0x78 C:\Users\rikta\OneDrive\Documents\UBC 2nd Year\ELEC291\gcc-arm-none-eabi-10.3-2021.10\arm-none-eabi\lib\thumb\v6-m\nofp\libc_nano.a(lib_a-nano-svfscanf.o)
                0x08003eb8                _sungetc_r
 .text.__ssrefill_r
                0x08003f30       0x3e C:\Users\rikta\OneDrive\Documents\UBC 2nd Year\ELEC291\gcc-arm-none-eabi-10.3-2021.10\arm-none-eabi\lib\thumb\v6-m\nofp\libc_nano.a(lib_a-nano-svfscanf.o)
                0x08003f30                __ssrefill_r
 *fill*         0x08003f6e        0x2 
 .text.__ssvfscanf_r
                0x08003f70      0x2fc C:\Users\rikta\OneDrive\Documents\UBC 2nd Year\ELEC291\gcc-arm-none-eabi-10.3-2021.10\arm-none-eabi\lib\thumb\v6-m\nofp\libc_nano.a(lib_a-nano-svfscanf.o)
                0x08003f70                __ssvfiscanf_r
                0x08003f70                __ssvfscanf_r
 .text          0x0800426c        0x0 C:\Users\rikta\OneDrive\Documents\UBC 2nd Year\ELEC291\gcc-arm-none-eabi-10.3-2021.10\arm-none-eabi\lib\thumb\v6-m\nofp\libc_nano.a(lib_a-nano-vfprintf.o)
 .text.__sfputc_r
                0x0800426c       0x2a C:\Users\rikta\OneDrive\Documents\UBC 2nd Year\ELEC291\gcc-arm-none-eabi-10.3-2021.10\arm-none-eabi\lib\thumb\v6-m\nofp\libc_nano.a(lib_a-nano-vfprintf.o)
 .text.__sfputs_r
                0x08004296       0x24 C:\Users\rikta\OneDrive\Documents\UBC 2nd Year\ELEC291\gcc-arm-none-eabi-10.3-2021.10\arm-none-eabi\lib\thumb\v6-m\nofp\libc_nano.a(lib_a-nano-vfprintf.o)
                0x08004296                __sfputs_r
 .text.__sprint_r
                0x080042ba       0x1c C:\Users\rikta\OneDrive\Documents\UBC 2nd Year\ELEC291\gcc-arm-none-eabi-10.3-2021.10\arm-none-eabi\lib\thumb\v6-m\nofp\libc_nano.a(lib_a-nano-vfprintf.o)
                0x080042ba                __sprint_r
 *fill*         0x080042d6        0x2 
 .text._vfprintf_r
                0x080042d8      0x274 C:\Users\rikta\OneDrive\Documents\UBC 2nd Year\ELEC291\gcc-arm-none-eabi-10.3-2021.10\arm-none-eabi\lib\thumb\v6-m\nofp\libc_nano.a(lib_a-nano-vfprintf.o)
                0x080042d8                _vfprintf_r
                0x080042d8                _vfiprintf_r
 .text.vfprintf
                0x0800454c       0x18 C:\Users\rikta\OneDrive\Documents\UBC 2nd Year\ELEC291\gcc-arm-none-eabi-10.3-2021.10\arm-none-eabi\lib\thumb\v6-m\nofp\libc_nano.a(lib_a-nano-vfprintf.o)
                0x0800454c                vfprintf
                0x0800454c                vfiprintf
 .text          0x08004564        0x0 C:\Users\rikta\OneDrive\Documents\UBC 2nd Year\ELEC291\gcc-arm-none-eabi-10.3-2021.10\arm-none-eabi\lib\thumb\v6-m\nofp\libc_nano.a(lib_a-nano-vfprintf_i.o)
 .text._printf_common
                0x08004564       0xde C:\Users\rikta\OneDrive\Documents\UBC 2nd Year\ELEC291\gcc-arm-none-eabi-10.3-2021.10\arm-none-eabi\lib\thumb\v6-m\nofp\libc_nano.a(lib_a-nano-vfprintf_i.o)
                0x08004564                _printf_common
 *fill*         0x08004642        0x2 
 .text._printf_i
                0x08004644      0x224 C:\Users\rikta\OneDrive\Documents\UBC 2nd Year\ELEC291\gcc-arm-none-eabi-10.3-2021.10\arm-none-eabi\lib\thumb\v6-m\nofp\libc_nano.a(lib_a-nano-vfprintf_i.o)
                0x08004644                _printf_i
 .text          0x08004868        0x0 C:\Users\rikta\OneDrive\Documents\UBC 2nd Year\ELEC291\gcc-arm-none-eabi-10.3-2021.10\arm-none-eabi\lib\thumb\v6-m\nofp\libc_nano.a(lib_a-nano-vfscanf_i.o)
 .text._scanf_chars
                0x08004868       0xbc C:\Users\rikta\OneDrive\Documents\UBC 2nd Year\ELEC291\gcc-arm-none-eabi-10.3-2021.10\arm-none-eabi\lib\thumb\v6-m\nofp\libc_nano.a(lib_a-nano-vfscanf_i.o)
                0x08004868                _scanf_chars
 .text._scanf_i
                0x08004924      0x208 C:\Users\rikta\OneDrive\Documents\UBC 2nd Year\ELEC291\gcc-arm-none-eabi-10.3-2021.10\arm-none-eabi\lib\thumb\v6-m\nofp\libc_nano.a(lib_a-nano-vfscanf_i.o)
                0x08004924                _scanf_i
 .text          0x08004b2c        0x0 C:\Users\rikta\OneDrive\Documents\UBC 2nd Year\ELEC291\gcc-arm-none-eabi-10.3-2021.10\arm-none-eabi\lib\thumb\v6-m\nofp\libc_nano.a(lib_a-readr.o)
 .text._read_r  0x08004b2c       0x28 C:\Users\rikta\OneDrive\Documents\UBC 2nd Year\ELEC291\gcc-arm-none-eabi-10.3-2021.10\arm-none-eabi\lib\thumb\v6-m\nofp\libc_nano.a(lib_a-readr.o)
                0x08004b2c                _read_r
 .text          0x08004b54        0x0 C:\Users\rikta\OneDrive\Documents\UBC 2nd Year\ELEC291\gcc-arm-none-eabi-10.3-2021.10\arm-none-eabi\lib\thumb\v6-m\nofp\libc_nano.a(lib_a-sbrkr.o)
 .text._sbrk_r  0x08004b54       0x24 C:\Users\rikta\OneDrive\Documents\UBC 2nd Year\ELEC291\gcc-arm-none-eabi-10.3-2021.10\arm-none-eabi\lib\thumb\v6-m\nofp\libc_nano.a(lib_a-sbrkr.o)
                0x08004b54                _sbrk_r
 .text          0x08004b78        0x0 C:\Users\rikta\OneDrive\Documents\UBC 2nd Year\ELEC291\gcc-arm-none-eabi-10.3-2021.10\arm-none-eabi\lib\thumb\v6-m\nofp\libc_nano.a(lib_a-sccl.o)
 .text.__sccl   0x08004b78       0x78 C:\Users\rikta\OneDrive\Documents\UBC 2nd Year\ELEC291\gcc-arm-none-eabi-10.3-2021.10\arm-none-eabi\lib\thumb\v6-m\nofp\libc_nano.a(lib_a-sccl.o)
                0x08004b78                __sccl
 .text          0x08004bf0        0x0 C:\Users\rikta\OneDrive\Documents\UBC 2nd Year\ELEC291\gcc-arm-none-eabi-10.3-2021.10\arm-none-eabi\lib\thumb\v6-m\nofp\libc_nano.a(lib_a-strtol.o)
 .text._strtol_l.constprop.0
                0x08004bf0      0x11c C:\Users\rikta\OneDrive\Documents\UBC 2nd Year\ELEC291\gcc-arm-none-eabi-10.3-2021.10\arm-none-eabi\lib\thumb\v6-m\nofp\libc_nano.a(lib_a-strtol.o)
 .text._strtol_r
                0x08004d0c        0x8 C:\Users\rikta\OneDrive\Documents\UBC 2nd Year\ELEC291\gcc-arm-none-eabi-10.3-2021.10\arm-none-eabi\lib\thumb\v6-m\nofp\libc_nano.a(lib_a-strtol.o)
                0x08004d0c                _strtol_r
 .text.strtol_l
                0x08004d14       0x18 C:\Users\rikta\OneDrive\Documents\UBC 2nd Year\ELEC291\gcc-arm-none-eabi-10.3-2021.10\arm-none-eabi\lib\thumb\v6-m\nofp\libc_nano.a(lib_a-strtol.o)
                0x08004d14                strtol_l
 .text.strtol   0x08004d2c       0x18 C:\Users\rikta\OneDrive\Documents\UBC 2nd Year\ELEC291\gcc-arm-none-eabi-10.3-2021.10\arm-none-eabi\lib\thumb\v6-m\nofp\libc_nano.a(lib_a-strtol.o)
                0x08004d2c                strtol
 .text          0x08004d44        0x0 C:\Users\rikta\OneDrive\Documents\UBC 2nd Year\ELEC291\gcc-arm-none-eabi-10.3-2021.10\arm-none-eabi\lib\thumb\v6-m\nofp\libc_nano.a(lib_a-strtoul.o)
 .text._strtoul_l.constprop.0
                0x08004d44      0x114 C:\Users\rikta\OneDrive\Documents\UBC 2nd Year\ELEC291\gcc-arm-none-eabi-10.3-2021.10\arm-none-eabi\lib\thumb\v6-m\nofp\libc_nano.a(lib_a-strtoul.o)
 .text._strtoul_r
                0x08004e58        0x8 C:\Users\rikta\OneDrive\Documents\UBC 2nd Year\ELEC291\gcc-arm-none-eabi-10.3-2021.10\arm-none-eabi\lib\thumb\v6-m\nofp\libc_nano.a(lib_a-strtoul.o)
                0x08004e58                _strtoul_r
 .text.strtoul_l
                0x08004e60       0x18 C:\Users\rikta\OneDrive\Documents\UBC 2nd Year\ELEC291\gcc-arm-none-eabi-10.3-2021.10\arm-none-eabi\lib\thumb\v6-m\nofp\libc_nano.a(lib_a-strtoul.o)
                0x08004e60                strtoul_l
 .text.strtoul  0x08004e78       0x18 C:\Users\rikta\OneDrive\Documents\UBC 2nd Year\ELEC291\gcc-arm-none-eabi-10.3-2021.10\arm-none-eabi\lib\thumb\v6-m\nofp\libc_nano.a(lib_a-strtoul.o)
                0x08004e78                strtoul
 .text          0x08004e90        0x0 C:\Users\rikta\OneDrive\Documents\UBC 2nd Year\ELEC291\gcc-arm-none-eabi-10.3-2021.10\arm-none-eabi\lib\thumb\v6-m\nofp\libc_nano.a(lib_a-ungetc.o)
 .text.__submore
                0x08004e90       0x7c C:\Users\rikta\OneDrive\Documents\UBC 2nd Year\ELEC291\gcc-arm-none-eabi-10.3-2021.10\arm-none-eabi\lib\thumb\v6-m\nofp\libc_nano.a(lib_a-ungetc.o)
                0x08004e90                __submore
 .text._ungetc_r
                0x08004f0c      0x138 C:\Users\rikta\OneDrive\Documents\UBC 2nd Year\ELEC291\gcc-arm-none-eabi-10.3-2021.10\arm-none-eabi\lib\thumb\v6-m\nofp\libc_nano.a(lib_a-ungetc.o)
                0x08004f0c                _ungetc_r
 .text.ungetc   0x08005044       0x14 C:\Users\rikta\OneDrive\Documents\UBC 2nd Year\ELEC291\gcc-arm-none-eabi-10.3-2021.10\arm-none-eabi\lib\thumb\v6-m\nofp\libc_nano.a(lib_a-ungetc.o)
                0x08005044                ungetc
 .text          0x08005058        0x0 C:\Users\rikta\OneDrive\Documents\UBC 2nd Year\ELEC291\gcc-arm-none-eabi-10.3-2021.10\arm-none-eabi\lib\thumb\v6-m\nofp\libc_nano.a(lib_a-ctype_.o)
 .text          0x08005058        0x0 C:\Users\rikta\OneDrive\Documents\UBC 2nd Year\ELEC291\gcc-arm-none-eabi-10.3-2021.10\arm-none-eabi\lib\thumb\v6-m\nofp\libc_nano.a(lib_a-errno.o)
 .text.__errno  0x08005058        0xc C:\Users\rikta\OneDrive\Documents\UBC 2nd Year\ELEC291\gcc-arm-none-eabi-10.3-2021.10\arm-none-eabi\lib\thumb\v6-m\nofp\libc_nano.a(lib_a-errno.o)
                0x08005058                __errno
 .text          0x08005064        0x0 C:\Users\rikta\OneDrive\Documents\UBC 2nd Year\ELEC291\gcc-arm-none-eabi-10.3-2021.10\arm-none-eabi\lib\thumb\v6-m\nofp\libc_nano.a(lib_a-fstatr.o)
 .text._fstat_r
                0x08005064       0x24 C:\Users\rikta\OneDrive\Documents\UBC 2nd Year\ELEC291\gcc-arm-none-eabi-10.3-2021.10\arm-none-eabi\lib\thumb\v6-m\nofp\libc_nano.a(lib_a-fstatr.o)
                0x08005064                _fstat_r
 .text          0x08005088        0x0 C:\Users\rikta\OneDrive\Documents\UBC 2nd Year\ELEC291\gcc-arm-none-eabi-10.3-2021.10\arm-none-eabi\lib\thumb\v6-m\nofp\libc_nano.a(lib_a-fvwrite.o)
 .text.__sfvwrite_r
                0x08005088      0x2d0 C:\Users\rikta\OneDrive\Documents\UBC 2nd Year\ELEC291\gcc-arm-none-eabi-10.3-2021.10\arm-none-eabi\lib\thumb\v6-m\nofp\libc_nano.a(lib_a-fvwrite.o)
                0x08005088                __sfvwrite_r
 .text          0x08005358        0x0 C:\Users\rikta\OneDrive\Documents\UBC 2nd Year\ELEC291\gcc-arm-none-eabi-10.3-2021.10\arm-none-eabi\lib\thumb\v6-m\nofp\libc_nano.a(lib_a-isattyr.o)
 .text._isatty_r
                0x08005358       0x24 C:\Users\rikta\OneDrive\Documents\UBC 2nd Year\ELEC291\gcc-arm-none-eabi-10.3-2021.10\arm-none-eabi\lib\thumb\v6-m\nofp\libc_nano.a(lib_a-isattyr.o)
                0x08005358                _isatty_r
 .text          0x0800537c        0x0 C:\Users\rikta\OneDrive\Documents\UBC 2nd Year\ELEC291\gcc-arm-none-eabi-10.3-2021.10\arm-none-eabi\lib\thumb\v6-m\nofp\libc_nano.a(lib_a-memchr-stub.o)
 .text.memchr   0x0800537c       0x16 C:\Users\rikta\OneDrive\Documents\UBC 2nd Year\ELEC291\gcc-arm-none-eabi-10.3-2021.10\arm-none-eabi\lib\thumb\v6-m\nofp\libc_nano.a(lib_a-memchr-stub.o)
                0x0800537c                memchr
 .text          0x08005392        0x0 C:\Users\rikta\OneDrive\Documents\UBC 2nd Year\ELEC291\gcc-arm-none-eabi-10.3-2021.10\arm-none-eabi\lib\thumb\v6-m\nofp\libc_nano.a(lib_a-memcpy-stub.o)
 .text.memcpy   0x08005392       0x12 C:\Users\rikta\OneDrive\Documents\UBC 2nd Year\ELEC291\gcc-arm-none-eabi-10.3-2021.10\arm-none-eabi\lib\thumb\v6-m\nofp\libc_nano.a(lib_a-memcpy-stub.o)
                0x08005392                memcpy
 .text          0x080053a4        0x0 C:\Users\rikta\OneDrive\Documents\UBC 2nd Year\ELEC291\gcc-arm-none-eabi-10.3-2021.10\arm-none-eabi\lib\thumb\v6-m\nofp\libc_nano.a(lib_a-memmove.o)
 .text.memmove  0x080053a4       0x26 C:\Users\rikta\OneDrive\Documents\UBC 2nd Year\ELEC291\gcc-arm-none-eabi-10.3-2021.10\arm-none-eabi\lib\thumb\v6-m\nofp\libc_nano.a(lib_a-memmove.o)
                0x080053a4                memmove
 .text          0x080053ca        0x0 C:\Users\rikta\OneDrive\Documents\UBC 2nd Year\ELEC291\gcc-arm-none-eabi-10.3-2021.10\arm-none-eabi\lib\thumb\v6-m\nofp\libc_nano.a(lib_a-mlock.o)
 *fill*         0x080053ca        0x2 
 .text.__malloc_lock
                0x080053cc       0x10 C:\Users\rikta\OneDrive\Documents\UBC 2nd Year\ELEC291\gcc-arm-none-eabi-10.3-2021.10\arm-none-eabi\lib\thumb\v6-m\nofp\libc_nano.a(lib_a-mlock.o)
                0x080053cc                __malloc_lock
 .text.__malloc_unlock
                0x080053dc       0x10 C:\Users\rikta\OneDrive\Documents\UBC 2nd Year\ELEC291\gcc-arm-none-eabi-10.3-2021.10\arm-none-eabi\lib\thumb\v6-m\nofp\libc_nano.a(lib_a-mlock.o)
                0x080053dc                __malloc_unlock
 .text          0x080053ec        0x0 C:\Users\rikta\OneDrive\Documents\UBC 2nd Year\ELEC291\gcc-arm-none-eabi-10.3-2021.10\arm-none-eabi\lib\thumb\v6-m\nofp\libc_nano.a(lib_a-nano-reallocr.o)
 .text._realloc_r
                0x080053ec       0x5e C:\Users\rikta\OneDrive\Documents\UBC 2nd Year\ELEC291\gcc-arm-none-eabi-10.3-2021.10\arm-none-eabi\lib\thumb\v6-m\nofp\libc_nano.a(lib_a-nano-reallocr.o)
                0x080053ec                _realloc_r
 .text          0x0800544a        0x0 C:\Users\rikta\OneDrive\Documents\UBC 2nd Year\ELEC291\gcc-arm-none-eabi-10.3-2021.10\arm-none-eabi\lib\thumb\v6-m\nofp\libc_nano.a(lib_a-nano-msizer.o)
 .text._malloc_usable_size_r
                0x0800544a       0x10 C:\Users\rikta\OneDrive\Documents\UBC 2nd Year\ELEC291\gcc-arm-none-eabi-10.3-2021.10\arm-none-eabi\lib\thumb\v6-m\nofp\libc_nano.a(lib_a-nano-msizer.o)
                0x0800544a                _malloc_usable_size_r
 *fill*         0x0800545a        0x2 
 .text          0x0800545c       0x14 C:\Users\rikta\OneDrive\Documents\UBC 2nd Year\ELEC291\gcc-arm-none-eabi-10.3-2021.10\lib\gcc\arm-none-eabi\10.3.1\thumb\v6-m\nofp\libgcc.a(_thumb1_case_shi.o)
                0x0800545c                __gnu_thumb1_case_shi
 *(.rodata*)
 .rodata        0x08005470      0x262 main.o
 *fill*         0x080056d2        0x2 
 .rodata        0x080056d4       0x7c startup.o
 .rodata        0x08005750       0x80 C:\Users\rikta\OneDrive\Documents\UBC 2nd Year\ELEC291\gcc-arm-none-eabi-10.3-2021.10\lib\gcc\arm-none-eabi\10.3.1\thumb\v6-m\nofp\libgcc.a(divsf3.o)
 .rodata        0x080057d0       0x40 C:\Users\rikta\OneDrive\Documents\UBC 2nd Year\ELEC291\gcc-arm-none-eabi-10.3-2021.10\lib\gcc\arm-none-eabi\10.3.1\thumb\v6-m\nofp\libgcc.a(divdf3.o)
 .rodata        0x08005810       0x40 C:\Users\rikta\OneDrive\Documents\UBC 2nd Year\ELEC291\gcc-arm-none-eabi-10.3-2021.10\lib\gcc\arm-none-eabi\10.3.1\thumb\v6-m\nofp\libgcc.a(muldf3.o)
 .rodata.__sf_fake_stderr
                0x08005850       0x20 C:\Users\rikta\OneDrive\Documents\UBC 2nd Year\ELEC291\gcc-arm-none-eabi-10.3-2021.10\arm-none-eabi\lib\thumb\v6-m\nofp\libc_nano.a(lib_a-findfp.o)
                0x08005850                __sf_fake_stderr
 .rodata.__sf_fake_stdin
                0x08005870       0x20 C:\Users\rikta\OneDrive\Documents\UBC 2nd Year\ELEC291\gcc-arm-none-eabi-10.3-2021.10\arm-none-eabi\lib\thumb\v6-m\nofp\libc_nano.a(lib_a-findfp.o)
                0x08005870                __sf_fake_stdin
 .rodata.__sf_fake_stdout
                0x08005890       0x20 C:\Users\rikta\OneDrive\Documents\UBC 2nd Year\ELEC291\gcc-arm-none-eabi-10.3-2021.10\arm-none-eabi\lib\thumb\v6-m\nofp\libc_nano.a(lib_a-findfp.o)
                0x08005890                __sf_fake_stdout
 .rodata._global_impure_ptr
                0x080058b0        0x4 C:\Users\rikta\OneDrive\Documents\UBC 2nd Year\ELEC291\gcc-arm-none-eabi-10.3-2021.10\arm-none-eabi\lib\thumb\v6-m\nofp\libc_nano.a(lib_a-impure.o)
                0x080058b0                _global_impure_ptr
 .rodata._svfprintf_r.str1.1
                0x080058b4       0x11 C:\Users\rikta\OneDrive\Documents\UBC 2nd Year\ELEC291\gcc-arm-none-eabi-10.3-2021.10\arm-none-eabi\lib\thumb\v6-m\nofp\libc_nano.a(lib_a-nano-svfprintf.o)
 .rodata.__ssvfscanf_r.str1.1
                0x080058c5        0x4 C:\Users\rikta\OneDrive\Documents\UBC 2nd Year\ELEC291\gcc-arm-none-eabi-10.3-2021.10\arm-none-eabi\lib\thumb\v6-m\nofp\libc_nano.a(lib_a-nano-svfscanf.o)
 .rodata._vfprintf_r.str1.1
                0x080058c5       0x11 C:\Users\rikta\OneDrive\Documents\UBC 2nd Year\ELEC291\gcc-arm-none-eabi-10.3-2021.10\arm-none-eabi\lib\thumb\v6-m\nofp\libc_nano.a(lib_a-nano-vfprintf.o)
 .rodata._printf_i.str1.1
                0x080058c5       0x22 C:\Users\rikta\OneDrive\Documents\UBC 2nd Year\ELEC291\gcc-arm-none-eabi-10.3-2021.10\arm-none-eabi\lib\thumb\v6-m\nofp\libc_nano.a(lib_a-nano-vfprintf_i.o)
 .rodata.str1.1
                0x080058e7        0x9 C:\Users\rikta\OneDrive\Documents\UBC 2nd Year\ELEC291\gcc-arm-none-eabi-10.3-2021.10\arm-none-eabi\lib\thumb\v6-m\nofp\libc_nano.a(lib_a-nano-vfscanf_i.o)
 .rodata._scanf_i.str1.1
                0x080058f0       0x12 C:\Users\rikta\OneDrive\Documents\UBC 2nd Year\ELEC291\gcc-arm-none-eabi-10.3-2021.10\arm-none-eabi\lib\thumb\v6-m\nofp\libc_nano.a(lib_a-nano-vfscanf_i.o)
 *fill*         0x08005902        0x2 
 .rodata        0x08005904        0xc C:\Users\rikta\OneDrive\Documents\UBC 2nd Year\ELEC291\gcc-arm-none-eabi-10.3-2021.10\arm-none-eabi\lib\thumb\v6-m\nofp\libc_nano.a(lib_a-nano-vfscanf_i.o)
 .rodata._ctype_
                0x08005910      0x101 C:\Users\rikta\OneDrive\Documents\UBC 2nd Year\ELEC291\gcc-arm-none-eabi-10.3-2021.10\arm-none-eabi\lib\thumb\v6-m\nofp\libc_nano.a(lib_a-ctype_.o)
                0x08005910                _ctype_
                0x08005a14                . = ALIGN (0x4)
 *fill*         0x08005a11        0x3 
                0x08005a14                PROVIDE (__init_array_start = .)
 *(SORT_BY_NAME(.init_array.*))
 *(.init_array)
                0x08005a14                PROVIDE (__init_array_end = .)
                0x08005a14                . = ALIGN (0x4)
                0x08005a14                _etext = .

.glue_7         0x08005a14        0x0
 .glue_7        0x08005a14        0x0 linker stubs

.glue_7t        0x08005a14        0x0
 .glue_7t       0x08005a14        0x0 linker stubs

.vfp11_veneer   0x08005a14        0x0
 .vfp11_veneer  0x08005a14        0x0 linker stubs

.v4_bx          0x08005a14        0x0
 .v4_bx         0x08005a14        0x0 linker stubs

.iplt           0x08005a14        0x0
 .iplt          0x08005a14        0x0 main.o

.rel.dyn        0x08005a14        0x0
 .rel.iplt      0x08005a14        0x0 main.o

.data           0x20000000       0x68 load address 0x08005a14
                0x20000000                . = ALIGN (0x4)
                0x20000000                _data = .
 *(.data*)
 .data          0x20000000        0x0 main.o
 .data          0x20000000        0x0 serial.o
 .data          0x20000000        0x0 UART2.o
 .data          0x20000000        0x0 startup.o
 .data          0x20000000        0x4 newlib_stubs.o
                0x20000000                environ
 .data          0x20000004        0x0 C:\Users\rikta\OneDrive\Documents\UBC 2nd Year\ELEC291\gcc-arm-none-eabi-10.3-2021.10\arm-none-eabi\lib\thumb\v6-m\nofp\libnosys.a(errno.o)
 .data          0x20000004        0x0 C:\Users\rikta\OneDrive\Documents\UBC 2nd Year\ELEC291\gcc-arm-none-eabi-10.3-2021.10\lib\gcc\arm-none-eabi\10.3.1\thumb\v6-m\nofp\libgcc.a(_divsi3.o)
 .data          0x20000004        0x0 C:\Users\rikta\OneDrive\Documents\UBC 2nd Year\ELEC291\gcc-arm-none-eabi-10.3-2021.10\lib\gcc\arm-none-eabi\10.3.1\thumb\v6-m\nofp\libgcc.a(_dvmd_tls.o)
 .data          0x20000004        0x0 C:\Users\rikta\OneDrive\Documents\UBC 2nd Year\ELEC291\gcc-arm-none-eabi-10.3-2021.10\lib\gcc\arm-none-eabi\10.3.1\thumb\v6-m\nofp\libgcc.a(divsf3.o)
 .data          0x20000004        0x0 C:\Users\rikta\OneDrive\Documents\UBC 2nd Year\ELEC291\gcc-arm-none-eabi-10.3-2021.10\lib\gcc\arm-none-eabi\10.3.1\thumb\v6-m\nofp\libgcc.a(divdf3.o)
 .data          0x20000004        0x0 C:\Users\rikta\OneDrive\Documents\UBC 2nd Year\ELEC291\gcc-arm-none-eabi-10.3-2021.10\lib\gcc\arm-none-eabi\10.3.1\thumb\v6-m\nofp\libgcc.a(muldf3.o)
 .data          0x20000004        0x0 C:\Users\rikta\OneDrive\Documents\UBC 2nd Year\ELEC291\gcc-arm-none-eabi-10.3-2021.10\lib\gcc\arm-none-eabi\10.3.1\thumb\v6-m\nofp\libgcc.a(fixdfsi.o)
 .data          0x20000004        0x0 C:\Users\rikta\OneDrive\Documents\UBC 2nd Year\ELEC291\gcc-arm-none-eabi-10.3-2021.10\lib\gcc\arm-none-eabi\10.3.1\thumb\v6-m\nofp\libgcc.a(floatsidf.o)
 .data          0x20000004        0x0 C:\Users\rikta\OneDrive\Documents\UBC 2nd Year\ELEC291\gcc-arm-none-eabi-10.3-2021.10\lib\gcc\arm-none-eabi\10.3.1\thumb\v6-m\nofp\libgcc.a(truncdfsf2.o)
 .data          0x20000004        0x0 C:\Users\rikta\OneDrive\Documents\UBC 2nd Year\ELEC291\gcc-arm-none-eabi-10.3-2021.10\lib\gcc\arm-none-eabi\10.3.1\thumb\v6-m\nofp\libgcc.a(_udivsi3.o)
 .data          0x20000004        0x0 C:\Users\rikta\OneDrive\Documents\UBC 2nd Year\ELEC291\gcc-arm-none-eabi-10.3-2021.10\lib\gcc\arm-none-eabi\10.3.1\thumb\v6-m\nofp\libgcc.a(_clzsi2.o)
 .data          0x20000004        0x0 C:\Users\rikta\OneDrive\Documents\UBC 2nd Year\ELEC291\gcc-arm-none-eabi-10.3-2021.10\arm-none-eabi\lib\thumb\v6-m\nofp\libc_nano.a(lib_a-printf.o)
 .data          0x20000004        0x0 C:\Users\rikta\OneDrive\Documents\UBC 2nd Year\ELEC291\gcc-arm-none-eabi-10.3-2021.10\arm-none-eabi\lib\thumb\v6-m\nofp\libc_nano.a(lib_a-puts.o)
 .data          0x20000004        0x0 C:\Users\rikta\OneDrive\Documents\UBC 2nd Year\ELEC291\gcc-arm-none-eabi-10.3-2021.10\arm-none-eabi\lib\thumb\v6-m\nofp\libc_nano.a(lib_a-sprintf.o)
 .data          0x20000004        0x0 C:\Users\rikta\OneDrive\Documents\UBC 2nd Year\ELEC291\gcc-arm-none-eabi-10.3-2021.10\arm-none-eabi\lib\thumb\v6-m\nofp\libc_nano.a(lib_a-sscanf.o)
 .data          0x20000004        0x0 C:\Users\rikta\OneDrive\Documents\UBC 2nd Year\ELEC291\gcc-arm-none-eabi-10.3-2021.10\arm-none-eabi\lib\thumb\v6-m\nofp\libc_nano.a(lib_a-stdio.o)
 .data          0x20000004        0x0 C:\Users\rikta\OneDrive\Documents\UBC 2nd Year\ELEC291\gcc-arm-none-eabi-10.3-2021.10\arm-none-eabi\lib\thumb\v6-m\nofp\libc_nano.a(lib_a-strlen.o)
 .data          0x20000004        0x0 C:\Users\rikta\OneDrive\Documents\UBC 2nd Year\ELEC291\gcc-arm-none-eabi-10.3-2021.10\arm-none-eabi\lib\thumb\v6-m\nofp\libc_nano.a(lib_a-wbuf.o)
 .data          0x20000004        0x0 C:\Users\rikta\OneDrive\Documents\UBC 2nd Year\ELEC291\gcc-arm-none-eabi-10.3-2021.10\arm-none-eabi\lib\thumb\v6-m\nofp\libc_nano.a(lib_a-writer.o)
 .data          0x20000004        0x0 C:\Users\rikta\OneDrive\Documents\UBC 2nd Year\ELEC291\gcc-arm-none-eabi-10.3-2021.10\arm-none-eabi\lib\thumb\v6-m\nofp\libc_nano.a(lib_a-wsetup.o)
 .data          0x20000004        0x0 C:\Users\rikta\OneDrive\Documents\UBC 2nd Year\ELEC291\gcc-arm-none-eabi-10.3-2021.10\arm-none-eabi\lib\thumb\v6-m\nofp\libc_nano.a(lib_a-closer.o)
 .data          0x20000004        0x0 C:\Users\rikta\OneDrive\Documents\UBC 2nd Year\ELEC291\gcc-arm-none-eabi-10.3-2021.10\arm-none-eabi\lib\thumb\v6-m\nofp\libc_nano.a(lib_a-fflush.o)
 .data          0x20000004        0x0 C:\Users\rikta\OneDrive\Documents\UBC 2nd Year\ELEC291\gcc-arm-none-eabi-10.3-2021.10\arm-none-eabi\lib\thumb\v6-m\nofp\libc_nano.a(lib_a-findfp.o)
 .data          0x20000004        0x0 C:\Users\rikta\OneDrive\Documents\UBC 2nd Year\ELEC291\gcc-arm-none-eabi-10.3-2021.10\arm-none-eabi\lib\thumb\v6-m\nofp\libc_nano.a(lib_a-fwalk.o)
 .data          0x20000004        0x0 C:\Users\rikta\OneDrive\Documents\UBC 2nd Year\ELEC291\gcc-arm-none-eabi-10.3-2021.10\arm-none-eabi\lib\thumb\v6-m\nofp\libc_nano.a(lib_a-impure.o)
 .data._impure_ptr
                0x20000004        0x4 C:\Users\rikta\OneDrive\Documents\UBC 2nd Year\ELEC291\gcc-arm-none-eabi-10.3-2021.10\arm-none-eabi\lib\thumb\v6-m\nofp\libc_nano.a(lib_a-impure.o)
                0x20000004                _impure_ptr
 .data.impure_data
                0x20000008       0x60 C:\Users\rikta\OneDrive\Documents\UBC 2nd Year\ELEC291\gcc-arm-none-eabi-10.3-2021.10\arm-none-eabi\lib\thumb\v6-m\nofp\libc_nano.a(lib_a-impure.o)
 .data          0x20000068        0x0 C:\Users\rikta\OneDrive\Documents\UBC 2nd Year\ELEC291\gcc-arm-none-eabi-10.3-2021.10\arm-none-eabi\lib\thumb\v6-m\nofp\libc_nano.a(lib_a-lock.o)
 .data          0x20000068        0x0 C:\Users\rikta\OneDrive\Documents\UBC 2nd Year\ELEC291\gcc-arm-none-eabi-10.3-2021.10\arm-none-eabi\lib\thumb\v6-m\nofp\libc_nano.a(lib_a-lseekr.o)
 .data          0x20000068        0x0 C:\Users\rikta\OneDrive\Documents\UBC 2nd Year\ELEC291\gcc-arm-none-eabi-10.3-2021.10\arm-none-eabi\lib\thumb\v6-m\nofp\libc_nano.a(lib_a-makebuf.o)
 .data          0x20000068        0x0 C:\Users\rikta\OneDrive\Documents\UBC 2nd Year\ELEC291\gcc-arm-none-eabi-10.3-2021.10\arm-none-eabi\lib\thumb\v6-m\nofp\libc_nano.a(lib_a-memset.o)
 .data          0x20000068        0x0 C:\Users\rikta\OneDrive\Documents\UBC 2nd Year\ELEC291\gcc-arm-none-eabi-10.3-2021.10\arm-none-eabi\lib\thumb\v6-m\nofp\libc_nano.a(lib_a-nano-freer.o)
 .data          0x20000068        0x0 C:\Users\rikta\OneDrive\Documents\UBC 2nd Year\ELEC291\gcc-arm-none-eabi-10.3-2021.10\arm-none-eabi\lib\thumb\v6-m\nofp\libc_nano.a(lib_a-nano-mallocr.o)
 .data          0x20000068        0x0 C:\Users\rikta\OneDrive\Documents\UBC 2nd Year\ELEC291\gcc-arm-none-eabi-10.3-2021.10\arm-none-eabi\lib\thumb\v6-m\nofp\libc_nano.a(lib_a-nano-svfprintf.o)
 .data          0x20000068        0x0 C:\Users\rikta\OneDrive\Documents\UBC 2nd Year\ELEC291\gcc-arm-none-eabi-10.3-2021.10\arm-none-eabi\lib\thumb\v6-m\nofp\libc_nano.a(lib_a-nano-svfscanf.o)
 .data          0x20000068        0x0 C:\Users\rikta\OneDrive\Documents\UBC 2nd Year\ELEC291\gcc-arm-none-eabi-10.3-2021.10\arm-none-eabi\lib\thumb\v6-m\nofp\libc_nano.a(lib_a-nano-vfprintf.o)
 .data          0x20000068        0x0 C:\Users\rikta\OneDrive\Documents\UBC 2nd Year\ELEC291\gcc-arm-none-eabi-10.3-2021.10\arm-none-eabi\lib\thumb\v6-m\nofp\libc_nano.a(lib_a-nano-vfprintf_i.o)
 .data          0x20000068        0x0 C:\Users\rikta\OneDrive\Documents\UBC 2nd Year\ELEC291\gcc-arm-none-eabi-10.3-2021.10\arm-none-eabi\lib\thumb\v6-m\nofp\libc_nano.a(lib_a-nano-vfscanf_i.o)
 .data          0x20000068        0x0 C:\Users\rikta\OneDrive\Documents\UBC 2nd Year\ELEC291\gcc-arm-none-eabi-10.3-2021.10\arm-none-eabi\lib\thumb\v6-m\nofp\libc_nano.a(lib_a-readr.o)
 .data          0x20000068        0x0 C:\Users\rikta\OneDrive\Documents\UBC 2nd Year\ELEC291\gcc-arm-none-eabi-10.3-2021.10\arm-none-eabi\lib\thumb\v6-m\nofp\libc_nano.a(lib_a-sbrkr.o)
 .data          0x20000068        0x0 C:\Users\rikta\OneDrive\Documents\UBC 2nd Year\ELEC291\gcc-arm-none-eabi-10.3-2021.10\arm-none-eabi\lib\thumb\v6-m\nofp\libc_nano.a(lib_a-sccl.o)
 .data          0x20000068        0x0 C:\Users\rikta\OneDrive\Documents\UBC 2nd Year\ELEC291\gcc-arm-none-eabi-10.3-2021.10\arm-none-eabi\lib\thumb\v6-m\nofp\libc_nano.a(lib_a-strtol.o)
 .data          0x20000068        0x0 C:\Users\rikta\OneDrive\Documents\UBC 2nd Year\ELEC291\gcc-arm-none-eabi-10.3-2021.10\arm-none-eabi\lib\thumb\v6-m\nofp\libc_nano.a(lib_a-strtoul.o)
 .data          0x20000068        0x0 C:\Users\rikta\OneDrive\Documents\UBC 2nd Year\ELEC291\gcc-arm-none-eabi-10.3-2021.10\arm-none-eabi\lib\thumb\v6-m\nofp\libc_nano.a(lib_a-ungetc.o)
 .data          0x20000068        0x0 C:\Users\rikta\OneDrive\Documents\UBC 2nd Year\ELEC291\gcc-arm-none-eabi-10.3-2021.10\arm-none-eabi\lib\thumb\v6-m\nofp\libc_nano.a(lib_a-ctype_.o)
 .data          0x20000068        0x0 C:\Users\rikta\OneDrive\Documents\UBC 2nd Year\ELEC291\gcc-arm-none-eabi-10.3-2021.10\arm-none-eabi\lib\thumb\v6-m\nofp\libc_nano.a(lib_a-errno.o)
 .data          0x20000068        0x0 C:\Users\rikta\OneDrive\Documents\UBC 2nd Year\ELEC291\gcc-arm-none-eabi-10.3-2021.10\arm-none-eabi\lib\thumb\v6-m\nofp\libc_nano.a(lib_a-fstatr.o)
 .data          0x20000068        0x0 C:\Users\rikta\OneDrive\Documents\UBC 2nd Year\ELEC291\gcc-arm-none-eabi-10.3-2021.10\arm-none-eabi\lib\thumb\v6-m\nofp\libc_nano.a(lib_a-fvwrite.o)
 .data          0x20000068        0x0 C:\Users\rikta\OneDrive\Documents\UBC 2nd Year\ELEC291\gcc-arm-none-eabi-10.3-2021.10\arm-none-eabi\lib\thumb\v6-m\nofp\libc_nano.a(lib_a-isattyr.o)
 .data          0x20000068        0x0 C:\Users\rikta\OneDrive\Documents\UBC 2nd Year\ELEC291\gcc-arm-none-eabi-10.3-2021.10\arm-none-eabi\lib\thumb\v6-m\nofp\libc_nano.a(lib_a-memchr-stub.o)
 .data          0x20000068        0x0 C:\Users\rikta\OneDrive\Documents\UBC 2nd Year\ELEC291\gcc-arm-none-eabi-10.3-2021.10\arm-none-eabi\lib\thumb\v6-m\nofp\libc_nano.a(lib_a-memcpy-stub.o)
 .data          0x20000068        0x0 C:\Users\rikta\OneDrive\Documents\UBC 2nd Year\ELEC291\gcc-arm-none-eabi-10.3-2021.10\arm-none-eabi\lib\thumb\v6-m\nofp\libc_nano.a(lib_a-memmove.o)
 .data          0x20000068        0x0 C:\Users\rikta\OneDrive\Documents\UBC 2nd Year\ELEC291\gcc-arm-none-eabi-10.3-2021.10\arm-none-eabi\lib\thumb\v6-m\nofp\libc_nano.a(lib_a-mlock.o)
 .data          0x20000068        0x0 C:\Users\rikta\OneDrive\Documents\UBC 2nd Year\ELEC291\gcc-arm-none-eabi-10.3-2021.10\arm-none-eabi\lib\thumb\v6-m\nofp\libc_nano.a(lib_a-nano-reallocr.o)
 .data          0x20000068        0x0 C:\Users\rikta\OneDrive\Documents\UBC 2nd Year\ELEC291\gcc-arm-none-eabi-10.3-2021.10\arm-none-eabi\lib\thumb\v6-m\nofp\libc_nano.a(lib_a-nano-msizer.o)
 .data          0x20000068        0x0 C:\Users\rikta\OneDrive\Documents\UBC 2nd Year\ELEC291\gcc-arm-none-eabi-10.3-2021.10\lib\gcc\arm-none-eabi\10.3.1\thumb\v6-m\nofp\libgcc.a(_thumb1_case_shi.o)
                0x20000068                . = ALIGN (0x4)
                0x20000068                _edata = .

.igot.plt       0x20000068        0x0 load address 0x08005a7c
 .igot.plt      0x20000068        0x0 main.o

.bss            0x20000068      0x17c load address 0x08005a7c
                0x20000068                _bss = .
 *(.bss*)
 .bss           0x20000068       0x14 main.o
                0x20000068                PWM_Counter
                0x2000006c                pwm1
                0x20000070                pwm2
                0x20000074                pwm3
                0x20000078                pwm4
 .bss           0x2000007c       0xa4 serial.o
                0x2000007c                ComRXBuffer
                0x200000c8                ComTXBuffer
                0x20000114                ComOpen
                0x20000118                ComError
                0x2000011c                ComBusy
 .bss           0x20000120       0xa4 UART2.o
                0x20000120                ComRXBuffer2
                0x2000016c                ComTXBuffer2
                0x200001b8                ComOpen2
                0x200001bc                ComError2
                0x200001c0                ComBusy2
 .bss           0x200001c4        0x0 startup.o
 .bss           0x200001c4        0x8 newlib_stubs.o
                0x200001c4                __env
 .bss           0x200001cc        0x0 C:\Users\rikta\OneDrive\Documents\UBC 2nd Year\ELEC291\gcc-arm-none-eabi-10.3-2021.10\arm-none-eabi\lib\thumb\v6-m\nofp\libnosys.a(errno.o)
 .bss.errno     0x200001cc        0x4 C:\Users\rikta\OneDrive\Documents\UBC 2nd Year\ELEC291\gcc-arm-none-eabi-10.3-2021.10\arm-none-eabi\lib\thumb\v6-m\nofp\libnosys.a(errno.o)
                0x200001cc                errno
 .bss           0x200001d0        0x0 C:\Users\rikta\OneDrive\Documents\UBC 2nd Year\ELEC291\gcc-arm-none-eabi-10.3-2021.10\lib\gcc\arm-none-eabi\10.3.1\thumb\v6-m\nofp\libgcc.a(_divsi3.o)
 .bss           0x200001d0        0x0 C:\Users\rikta\OneDrive\Documents\UBC 2nd Year\ELEC291\gcc-arm-none-eabi-10.3-2021.10\lib\gcc\arm-none-eabi\10.3.1\thumb\v6-m\nofp\libgcc.a(_dvmd_tls.o)
 .bss           0x200001d0        0x0 C:\Users\rikta\OneDrive\Documents\UBC 2nd Year\ELEC291\gcc-arm-none-eabi-10.3-2021.10\lib\gcc\arm-none-eabi\10.3.1\thumb\v6-m\nofp\libgcc.a(divsf3.o)
 .bss           0x200001d0        0x0 C:\Users\rikta\OneDrive\Documents\UBC 2nd Year\ELEC291\gcc-arm-none-eabi-10.3-2021.10\lib\gcc\arm-none-eabi\10.3.1\thumb\v6-m\nofp\libgcc.a(divdf3.o)
 .bss           0x200001d0        0x0 C:\Users\rikta\OneDrive\Documents\UBC 2nd Year\ELEC291\gcc-arm-none-eabi-10.3-2021.10\lib\gcc\arm-none-eabi\10.3.1\thumb\v6-m\nofp\libgcc.a(muldf3.o)
 .bss           0x200001d0        0x0 C:\Users\rikta\OneDrive\Documents\UBC 2nd Year\ELEC291\gcc-arm-none-eabi-10.3-2021.10\lib\gcc\arm-none-eabi\10.3.1\thumb\v6-m\nofp\libgcc.a(fixdfsi.o)
 .bss           0x200001d0        0x0 C:\Users\rikta\OneDrive\Documents\UBC 2nd Year\ELEC291\gcc-arm-none-eabi-10.3-2021.10\lib\gcc\arm-none-eabi\10.3.1\thumb\v6-m\nofp\libgcc.a(floatsidf.o)
 .bss           0x200001d0        0x0 C:\Users\rikta\OneDrive\Documents\UBC 2nd Year\ELEC291\gcc-arm-none-eabi-10.3-2021.10\lib\gcc\arm-none-eabi\10.3.1\thumb\v6-m\nofp\libgcc.a(truncdfsf2.o)
 .bss           0x200001d0        0x0 C:\Users\rikta\OneDrive\Documents\UBC 2nd Year\ELEC291\gcc-arm-none-eabi-10.3-2021.10\lib\gcc\arm-none-eabi\10.3.1\thumb\v6-m\nofp\libgcc.a(_udivsi3.o)
 .bss           0x200001d0        0x0 C:\Users\rikta\OneDrive\Documents\UBC 2nd Year\ELEC291\gcc-arm-none-eabi-10.3-2021.10\lib\gcc\arm-none-eabi\10.3.1\thumb\v6-m\nofp\libgcc.a(_clzsi2.o)
 .bss           0x200001d0        0x0 C:\Users\rikta\OneDrive\Documents\UBC 2nd Year\ELEC291\gcc-arm-none-eabi-10.3-2021.10\arm-none-eabi\lib\thumb\v6-m\nofp\libc_nano.a(lib_a-printf.o)
 .bss           0x200001d0        0x0 C:\Users\rikta\OneDrive\Documents\UBC 2nd Year\ELEC291\gcc-arm-none-eabi-10.3-2021.10\arm-none-eabi\lib\thumb\v6-m\nofp\libc_nano.a(lib_a-puts.o)
 .bss           0x200001d0        0x0 C:\Users\rikta\OneDrive\Documents\UBC 2nd Year\ELEC291\gcc-arm-none-eabi-10.3-2021.10\arm-none-eabi\lib\thumb\v6-m\nofp\libc_nano.a(lib_a-sprintf.o)
 .bss           0x200001d0        0x0 C:\Users\rikta\OneDrive\Documents\UBC 2nd Year\ELEC291\gcc-arm-none-eabi-10.3-2021.10\arm-none-eabi\lib\thumb\v6-m\nofp\libc_nano.a(lib_a-sscanf.o)
 .bss           0x200001d0        0x0 C:\Users\rikta\OneDrive\Documents\UBC 2nd Year\ELEC291\gcc-arm-none-eabi-10.3-2021.10\arm-none-eabi\lib\thumb\v6-m\nofp\libc_nano.a(lib_a-stdio.o)
 .bss           0x200001d0        0x0 C:\Users\rikta\OneDrive\Documents\UBC 2nd Year\ELEC291\gcc-arm-none-eabi-10.3-2021.10\arm-none-eabi\lib\thumb\v6-m\nofp\libc_nano.a(lib_a-strlen.o)
 .bss           0x200001d0        0x0 C:\Users\rikta\OneDrive\Documents\UBC 2nd Year\ELEC291\gcc-arm-none-eabi-10.3-2021.10\arm-none-eabi\lib\thumb\v6-m\nofp\libc_nano.a(lib_a-wbuf.o)
 .bss           0x200001d0        0x0 C:\Users\rikta\OneDrive\Documents\UBC 2nd Year\ELEC291\gcc-arm-none-eabi-10.3-2021.10\arm-none-eabi\lib\thumb\v6-m\nofp\libc_nano.a(lib_a-writer.o)
 .bss           0x200001d0        0x0 C:\Users\rikta\OneDrive\Documents\UBC 2nd Year\ELEC291\gcc-arm-none-eabi-10.3-2021.10\arm-none-eabi\lib\thumb\v6-m\nofp\libc_nano.a(lib_a-wsetup.o)
 .bss           0x200001d0        0x0 C:\Users\rikta\OneDrive\Documents\UBC 2nd Year\ELEC291\gcc-arm-none-eabi-10.3-2021.10\arm-none-eabi\lib\thumb\v6-m\nofp\libc_nano.a(lib_a-closer.o)
 .bss           0x200001d0        0x0 C:\Users\rikta\OneDrive\Documents\UBC 2nd Year\ELEC291\gcc-arm-none-eabi-10.3-2021.10\arm-none-eabi\lib\thumb\v6-m\nofp\libc_nano.a(lib_a-fflush.o)
 .bss           0x200001d0        0x0 C:\Users\rikta\OneDrive\Documents\UBC 2nd Year\ELEC291\gcc-arm-none-eabi-10.3-2021.10\arm-none-eabi\lib\thumb\v6-m\nofp\libc_nano.a(lib_a-findfp.o)
 .bss           0x200001d0        0x0 C:\Users\rikta\OneDrive\Documents\UBC 2nd Year\ELEC291\gcc-arm-none-eabi-10.3-2021.10\arm-none-eabi\lib\thumb\v6-m\nofp\libc_nano.a(lib_a-fwalk.o)
 .bss           0x200001d0        0x0 C:\Users\rikta\OneDrive\Documents\UBC 2nd Year\ELEC291\gcc-arm-none-eabi-10.3-2021.10\arm-none-eabi\lib\thumb\v6-m\nofp\libc_nano.a(lib_a-impure.o)
 .bss           0x200001d0        0x0 C:\Users\rikta\OneDrive\Documents\UBC 2nd Year\ELEC291\gcc-arm-none-eabi-10.3-2021.10\arm-none-eabi\lib\thumb\v6-m\nofp\libc_nano.a(lib_a-lock.o)
 .bss.__lock___arc4random_mutex
                0x200001d0        0x1 C:\Users\rikta\OneDrive\Documents\UBC 2nd Year\ELEC291\gcc-arm-none-eabi-10.3-2021.10\arm-none-eabi\lib\thumb\v6-m\nofp\libc_nano.a(lib_a-lock.o)
                0x200001d0                __lock___arc4random_mutex
 .bss.__lock___at_quick_exit_mutex
                0x200001d1        0x1 C:\Users\rikta\OneDrive\Documents\UBC 2nd Year\ELEC291\gcc-arm-none-eabi-10.3-2021.10\arm-none-eabi\lib\thumb\v6-m\nofp\libc_nano.a(lib_a-lock.o)
                0x200001d1                __lock___at_quick_exit_mutex
 .bss.__lock___atexit_recursive_mutex
                0x200001d2        0x1 C:\Users\rikta\OneDrive\Documents\UBC 2nd Year\ELEC291\gcc-arm-none-eabi-10.3-2021.10\arm-none-eabi\lib\thumb\v6-m\nofp\libc_nano.a(lib_a-lock.o)
                0x200001d2                __lock___atexit_recursive_mutex
 .bss.__lock___dd_hash_mutex
                0x200001d3        0x1 C:\Users\rikta\OneDrive\Documents\UBC 2nd Year\ELEC291\gcc-arm-none-eabi-10.3-2021.10\arm-none-eabi\lib\thumb\v6-m\nofp\libc_nano.a(lib_a-lock.o)
                0x200001d3                __lock___dd_hash_mutex
 .bss.__lock___env_recursive_mutex
                0x200001d4        0x1 C:\Users\rikta\OneDrive\Documents\UBC 2nd Year\ELEC291\gcc-arm-none-eabi-10.3-2021.10\arm-none-eabi\lib\thumb\v6-m\nofp\libc_nano.a(lib_a-lock.o)
                0x200001d4                __lock___env_recursive_mutex
 .bss.__lock___malloc_recursive_mutex
                0x200001d5        0x1 C:\Users\rikta\OneDrive\Documents\UBC 2nd Year\ELEC291\gcc-arm-none-eabi-10.3-2021.10\arm-none-eabi\lib\thumb\v6-m\nofp\libc_nano.a(lib_a-lock.o)
                0x200001d5                __lock___malloc_recursive_mutex
 .bss.__lock___sfp_recursive_mutex
                0x200001d6        0x1 C:\Users\rikta\OneDrive\Documents\UBC 2nd Year\ELEC291\gcc-arm-none-eabi-10.3-2021.10\arm-none-eabi\lib\thumb\v6-m\nofp\libc_nano.a(lib_a-lock.o)
                0x200001d6                __lock___sfp_recursive_mutex
 .bss.__lock___sinit_recursive_mutex
                0x200001d7        0x1 C:\Users\rikta\OneDrive\Documents\UBC 2nd Year\ELEC291\gcc-arm-none-eabi-10.3-2021.10\arm-none-eabi\lib\thumb\v6-m\nofp\libc_nano.a(lib_a-lock.o)
                0x200001d7                __lock___sinit_recursive_mutex
 .bss.__lock___tz_mutex
                0x200001d8        0x1 C:\Users\rikta\OneDrive\Documents\UBC 2nd Year\ELEC291\gcc-arm-none-eabi-10.3-2021.10\arm-none-eabi\lib\thumb\v6-m\nofp\libc_nano.a(lib_a-lock.o)
                0x200001d8                __lock___tz_mutex
 .bss           0x200001d9        0x0 C:\Users\rikta\OneDrive\Documents\UBC 2nd Year\ELEC291\gcc-arm-none-eabi-10.3-2021.10\arm-none-eabi\lib\thumb\v6-m\nofp\libc_nano.a(lib_a-lseekr.o)
 .bss           0x200001d9        0x0 C:\Users\rikta\OneDrive\Documents\UBC 2nd Year\ELEC291\gcc-arm-none-eabi-10.3-2021.10\arm-none-eabi\lib\thumb\v6-m\nofp\libc_nano.a(lib_a-makebuf.o)
 .bss           0x200001d9        0x0 C:\Users\rikta\OneDrive\Documents\UBC 2nd Year\ELEC291\gcc-arm-none-eabi-10.3-2021.10\arm-none-eabi\lib\thumb\v6-m\nofp\libc_nano.a(lib_a-memset.o)
 .bss           0x200001d9        0x0 C:\Users\rikta\OneDrive\Documents\UBC 2nd Year\ELEC291\gcc-arm-none-eabi-10.3-2021.10\arm-none-eabi\lib\thumb\v6-m\nofp\libc_nano.a(lib_a-nano-freer.o)
 .bss           0x200001d9        0x0 C:\Users\rikta\OneDrive\Documents\UBC 2nd Year\ELEC291\gcc-arm-none-eabi-10.3-2021.10\arm-none-eabi\lib\thumb\v6-m\nofp\libc_nano.a(lib_a-nano-mallocr.o)
 *fill*         0x200001d9        0x3 
 .bss.__malloc_free_list
                0x200001dc        0x4 C:\Users\rikta\OneDrive\Documents\UBC 2nd Year\ELEC291\gcc-arm-none-eabi-10.3-2021.10\arm-none-eabi\lib\thumb\v6-m\nofp\libc_nano.a(lib_a-nano-mallocr.o)
                0x200001dc                __malloc_free_list
 .bss.__malloc_sbrk_start
                0x200001e0        0x4 C:\Users\rikta\OneDrive\Documents\UBC 2nd Year\ELEC291\gcc-arm-none-eabi-10.3-2021.10\arm-none-eabi\lib\thumb\v6-m\nofp\libc_nano.a(lib_a-nano-mallocr.o)
                0x200001e0                __malloc_sbrk_start
 .bss           0x200001e4        0x0 C:\Users\rikta\OneDrive\Documents\UBC 2nd Year\ELEC291\gcc-arm-none-eabi-10.3-2021.10\arm-none-eabi\lib\thumb\v6-m\nofp\libc_nano.a(lib_a-nano-svfprintf.o)
 .bss           0x200001e4        0x0 C:\Users\rikta\OneDrive\Documents\UBC 2nd Year\ELEC291\gcc-arm-none-eabi-10.3-2021.10\arm-none-eabi\lib\thumb\v6-m\nofp\libc_nano.a(lib_a-nano-svfscanf.o)
 .bss           0x200001e4        0x0 C:\Users\rikta\OneDrive\Documents\UBC 2nd Year\ELEC291\gcc-arm-none-eabi-10.3-2021.10\arm-none-eabi\lib\thumb\v6-m\nofp\libc_nano.a(lib_a-nano-vfprintf.o)
 .bss           0x200001e4        0x0 C:\Users\rikta\OneDrive\Documents\UBC 2nd Year\ELEC291\gcc-arm-none-eabi-10.3-2021.10\arm-none-eabi\lib\thumb\v6-m\nofp\libc_nano.a(lib_a-nano-vfprintf_i.o)
 .bss           0x200001e4        0x0 C:\Users\rikta\OneDrive\Documents\UBC 2nd Year\ELEC291\gcc-arm-none-eabi-10.3-2021.10\arm-none-eabi\lib\thumb\v6-m\nofp\libc_nano.a(lib_a-nano-vfscanf_i.o)
 .bss           0x200001e4        0x0 C:\Users\rikta\OneDrive\Documents\UBC 2nd Year\ELEC291\gcc-arm-none-eabi-10.3-2021.10\arm-none-eabi\lib\thumb\v6-m\nofp\libc_nano.a(lib_a-readr.o)
 .bss           0x200001e4        0x0 C:\Users\rikta\OneDrive\Documents\UBC 2nd Year\ELEC291\gcc-arm-none-eabi-10.3-2021.10\arm-none-eabi\lib\thumb\v6-m\nofp\libc_nano.a(lib_a-sbrkr.o)
 .bss           0x200001e4        0x0 C:\Users\rikta\OneDrive\Documents\UBC 2nd Year\ELEC291\gcc-arm-none-eabi-10.3-2021.10\arm-none-eabi\lib\thumb\v6-m\nofp\libc_nano.a(lib_a-sccl.o)
 .bss           0x200001e4        0x0 C:\Users\rikta\OneDrive\Documents\UBC 2nd Year\ELEC291\gcc-arm-none-eabi-10.3-2021.10\arm-none-eabi\lib\thumb\v6-m\nofp\libc_nano.a(lib_a-strtol.o)
 .bss           0x200001e4        0x0 C:\Users\rikta\OneDrive\Documents\UBC 2nd Year\ELEC291\gcc-arm-none-eabi-10.3-2021.10\arm-none-eabi\lib\thumb\v6-m\nofp\libc_nano.a(lib_a-strtoul.o)
 .bss           0x200001e4        0x0 C:\Users\rikta\OneDrive\Documents\UBC 2nd Year\ELEC291\gcc-arm-none-eabi-10.3-2021.10\arm-none-eabi\lib\thumb\v6-m\nofp\libc_nano.a(lib_a-ungetc.o)
 .bss           0x200001e4        0x0 C:\Users\rikta\OneDrive\Documents\UBC 2nd Year\ELEC291\gcc-arm-none-eabi-10.3-2021.10\arm-none-eabi\lib\thumb\v6-m\nofp\libc_nano.a(lib_a-ctype_.o)
 .bss           0x200001e4        0x0 C:\Users\rikta\OneDrive\Documents\UBC 2nd Year\ELEC291\gcc-arm-none-eabi-10.3-2021.10\arm-none-eabi\lib\thumb\v6-m\nofp\libc_nano.a(lib_a-errno.o)
 .bss           0x200001e4        0x0 C:\Users\rikta\OneDrive\Documents\UBC 2nd Year\ELEC291\gcc-arm-none-eabi-10.3-2021.10\arm-none-eabi\lib\thumb\v6-m\nofp\libc_nano.a(lib_a-fstatr.o)
 .bss           0x200001e4        0x0 C:\Users\rikta\OneDrive\Documents\UBC 2nd Year\ELEC291\gcc-arm-none-eabi-10.3-2021.10\arm-none-eabi\lib\thumb\v6-m\nofp\libc_nano.a(lib_a-fvwrite.o)
 .bss           0x200001e4        0x0 C:\Users\rikta\OneDrive\Documents\UBC 2nd Year\ELEC291\gcc-arm-none-eabi-10.3-2021.10\arm-none-eabi\lib\thumb\v6-m\nofp\libc_nano.a(lib_a-isattyr.o)
 .bss           0x200001e4        0x0 C:\Users\rikta\OneDrive\Documents\UBC 2nd Year\ELEC291\gcc-arm-none-eabi-10.3-2021.10\arm-none-eabi\lib\thumb\v6-m\nofp\libc_nano.a(lib_a-memchr-stub.o)
 .bss           0x200001e4        0x0 C:\Users\rikta\OneDrive\Documents\UBC 2nd Year\ELEC291\gcc-arm-none-eabi-10.3-2021.10\arm-none-eabi\lib\thumb\v6-m\nofp\libc_nano.a(lib_a-memcpy-stub.o)
 .bss           0x200001e4        0x0 C:\Users\rikta\OneDrive\Documents\UBC 2nd Year\ELEC291\gcc-arm-none-eabi-10.3-2021.10\arm-none-eabi\lib\thumb\v6-m\nofp\libc_nano.a(lib_a-memmove.o)
 .bss           0x200001e4        0x0 C:\Users\rikta\OneDrive\Documents\UBC 2nd Year\ELEC291\gcc-arm-none-eabi-10.3-2021.10\arm-none-eabi\lib\thumb\v6-m\nofp\libc_nano.a(lib_a-mlock.o)
 .bss           0x200001e4        0x0 C:\Users\rikta\OneDrive\Documents\UBC 2nd Year\ELEC291\gcc-arm-none-eabi-10.3-2021.10\arm-none-eabi\lib\thumb\v6-m\nofp\libc_nano.a(lib_a-nano-reallocr.o)
 .bss           0x200001e4        0x0 C:\Users\rikta\OneDrive\Documents\UBC 2nd Year\ELEC291\gcc-arm-none-eabi-10.3-2021.10\arm-none-eabi\lib\thumb\v6-m\nofp\libc_nano.a(lib_a-nano-msizer.o)
 .bss           0x200001e4        0x0 C:\Users\rikta\OneDrive\Documents\UBC 2nd Year\ELEC291\gcc-arm-none-eabi-10.3-2021.10\lib\gcc\arm-none-eabi\10.3.1\thumb\v6-m\nofp\libgcc.a(_thumb1_case_shi.o)
 *(COMMON)
                0x200001e4                . = ALIGN (0x4)
                0x200001e4                _ebss = .
                [!provide]                PROVIDE (end = .)
                0x200001e4                PROVIDE (_HeapStart = .)
                0x20002000                PROVIDE (_StackTop = (ORIGIN (ram) + LENGTH (ram)))
OUTPUT(main.elf elf32-littlearm)
LOAD linker stubs

.debug_info     0x00000000     0x2371
 .debug_info    0x00000000      0x830 main.o
 .debug_info    0x00000830      0x82d serial.o
 .debug_info    0x0000105d      0x843 UART2.o
 .debug_info    0x000018a0      0x3ad startup.o
 .debug_info    0x00001c4d      0x724 newlib_stubs.o

.debug_abbrev   0x00000000      0x8dc
 .debug_abbrev  0x00000000      0x203 main.o
 .debug_abbrev  0x00000203      0x1f5 serial.o
 .debug_abbrev  0x000003f8      0x1f5 UART2.o
 .debug_abbrev  0x000005ed      0x174 startup.o
 .debug_abbrev  0x00000761      0x17b newlib_stubs.o

.debug_aranges  0x00000000       0xa8
 .debug_aranges
                0x00000000       0x20 main.o
 .debug_aranges
                0x00000020       0x20 serial.o
 .debug_aranges
                0x00000040       0x20 UART2.o
 .debug_aranges
                0x00000060       0x28 startup.o
 .debug_aranges
                0x00000088       0x20 newlib_stubs.o

.debug_line     0x00000000     0x16f9
 .debug_line    0x00000000      0x79a main.o
 .debug_line    0x0000079a      0x4f2 serial.o
 .debug_line    0x00000c8c      0x4db UART2.o
 .debug_line    0x00001167      0x2b4 startup.o
 .debug_line    0x0000141b      0x2de newlib_stubs.o

.debug_str      0x00000000      0x89d
 .debug_str     0x00000000      0x381 main.o
                                0x3ca (size before relaxing)
 .debug_str     0x00000381      0x11b serial.o
                                0x3a3 (size before relaxing)
 .debug_str     0x0000049c       0xe9 UART2.o
                                0x3b4 (size before relaxing)
 .debug_str     0x00000585       0xee startup.o
                                0x2cb (size before relaxing)
 .debug_str     0x00000673      0x22a newlib_stubs.o
                                0x3c9 (size before relaxing)

.comment        0x00000000       0x49
 .comment       0x00000000       0x49 main.o
                                 0x4a (size before relaxing)
 .comment       0x00000049       0x4a serial.o
 .comment       0x00000049       0x4a UART2.o
 .comment       0x00000049       0x4a startup.o
 .comment       0x00000049       0x4a newlib_stubs.o

.ARM.attributes
                0x00000000       0x2a
 .ARM.attributes
                0x00000000       0x2c main.o
 .ARM.attributes
                0x0000002c       0x2c serial.o
 .ARM.attributes
                0x00000058       0x2c UART2.o
 .ARM.attributes
                0x00000084       0x2c startup.o
 .ARM.attributes
                0x000000b0       0x2c newlib_stubs.o
 .ARM.attributes
                0x000000dc       0x2c C:\Users\rikta\OneDrive\Documents\UBC 2nd Year\ELEC291\gcc-arm-none-eabi-10.3-2021.10\arm-none-eabi\lib\thumb\v6-m\nofp\libnosys.a(errno.o)
 .ARM.attributes
                0x00000108       0x1e C:\Users\rikta\OneDrive\Documents\UBC 2nd Year\ELEC291\gcc-arm-none-eabi-10.3-2021.10\lib\gcc\arm-none-eabi\10.3.1\thumb\v6-m\nofp\libgcc.a(_divsi3.o)
 .ARM.attributes
                0x00000126       0x1e C:\Users\rikta\OneDrive\Documents\UBC 2nd Year\ELEC291\gcc-arm-none-eabi-10.3-2021.10\lib\gcc\arm-none-eabi\10.3.1\thumb\v6-m\nofp\libgcc.a(_dvmd_tls.o)
 .ARM.attributes
                0x00000144       0x2c C:\Users\rikta\OneDrive\Documents\UBC 2nd Year\ELEC291\gcc-arm-none-eabi-10.3-2021.10\lib\gcc\arm-none-eabi\10.3.1\thumb\v6-m\nofp\libgcc.a(divsf3.o)
 .ARM.attributes
                0x00000170       0x2c C:\Users\rikta\OneDrive\Documents\UBC 2nd Year\ELEC291\gcc-arm-none-eabi-10.3-2021.10\lib\gcc\arm-none-eabi\10.3.1\thumb\v6-m\nofp\libgcc.a(divdf3.o)
 .ARM.attributes
                0x0000019c       0x2c C:\Users\rikta\OneDrive\Documents\UBC 2nd Year\ELEC291\gcc-arm-none-eabi-10.3-2021.10\lib\gcc\arm-none-eabi\10.3.1\thumb\v6-m\nofp\libgcc.a(muldf3.o)
 .ARM.attributes
                0x000001c8       0x2c C:\Users\rikta\OneDrive\Documents\UBC 2nd Year\ELEC291\gcc-arm-none-eabi-10.3-2021.10\lib\gcc\arm-none-eabi\10.3.1\thumb\v6-m\nofp\libgcc.a(fixdfsi.o)
 .ARM.attributes
                0x000001f4       0x2c C:\Users\rikta\OneDrive\Documents\UBC 2nd Year\ELEC291\gcc-arm-none-eabi-10.3-2021.10\lib\gcc\arm-none-eabi\10.3.1\thumb\v6-m\nofp\libgcc.a(floatsidf.o)
 .ARM.attributes
                0x00000220       0x2c C:\Users\rikta\OneDrive\Documents\UBC 2nd Year\ELEC291\gcc-arm-none-eabi-10.3-2021.10\lib\gcc\arm-none-eabi\10.3.1\thumb\v6-m\nofp\libgcc.a(truncdfsf2.o)
 .ARM.attributes
                0x0000024c       0x1e C:\Users\rikta\OneDrive\Documents\UBC 2nd Year\ELEC291\gcc-arm-none-eabi-10.3-2021.10\lib\gcc\arm-none-eabi\10.3.1\thumb\v6-m\nofp\libgcc.a(_udivsi3.o)
 .ARM.attributes
                0x0000026a       0x1e C:\Users\rikta\OneDrive\Documents\UBC 2nd Year\ELEC291\gcc-arm-none-eabi-10.3-2021.10\lib\gcc\arm-none-eabi\10.3.1\thumb\v6-m\nofp\libgcc.a(_clzsi2.o)
 .ARM.attributes
                0x00000288       0x2c C:\Users\rikta\OneDrive\Documents\UBC 2nd Year\ELEC291\gcc-arm-none-eabi-10.3-2021.10\arm-none-eabi\lib\thumb\v6-m\nofp\libc_nano.a(lib_a-printf.o)
 .ARM.attributes
                0x000002b4       0x2c C:\Users\rikta\OneDrive\Documents\UBC 2nd Year\ELEC291\gcc-arm-none-eabi-10.3-2021.10\arm-none-eabi\lib\thumb\v6-m\nofp\libc_nano.a(lib_a-puts.o)
 .ARM.attributes
                0x000002e0       0x2c C:\Users\rikta\OneDrive\Documents\UBC 2nd Year\ELEC291\gcc-arm-none-eabi-10.3-2021.10\arm-none-eabi\lib\thumb\v6-m\nofp\libc_nano.a(lib_a-sprintf.o)
 .ARM.attributes
                0x0000030c       0x2c C:\Users\rikta\OneDrive\Documents\UBC 2nd Year\ELEC291\gcc-arm-none-eabi-10.3-2021.10\arm-none-eabi\lib\thumb\v6-m\nofp\libc_nano.a(lib_a-sscanf.o)
 .ARM.attributes
                0x00000338       0x2c C:\Users\rikta\OneDrive\Documents\UBC 2nd Year\ELEC291\gcc-arm-none-eabi-10.3-2021.10\arm-none-eabi\lib\thumb\v6-m\nofp\libc_nano.a(lib_a-stdio.o)
 .ARM.attributes
                0x00000364       0x1c C:\Users\rikta\OneDrive\Documents\UBC 2nd Year\ELEC291\gcc-arm-none-eabi-10.3-2021.10\arm-none-eabi\lib\thumb\v6-m\nofp\libc_nano.a(lib_a-strlen.o)
 .ARM.attributes
                0x00000380       0x2c C:\Users\rikta\OneDrive\Documents\UBC 2nd Year\ELEC291\gcc-arm-none-eabi-10.3-2021.10\arm-none-eabi\lib\thumb\v6-m\nofp\libc_nano.a(lib_a-wbuf.o)
 .ARM.attributes
                0x000003ac       0x2c C:\Users\rikta\OneDrive\Documents\UBC 2nd Year\ELEC291\gcc-arm-none-eabi-10.3-2021.10\arm-none-eabi\lib\thumb\v6-m\nofp\libc_nano.a(lib_a-writer.o)
 .ARM.attributes
                0x000003d8       0x2c C:\Users\rikta\OneDrive\Documents\UBC 2nd Year\ELEC291\gcc-arm-none-eabi-10.3-2021.10\arm-none-eabi\lib\thumb\v6-m\nofp\libc_nano.a(lib_a-wsetup.o)
 .ARM.attributes
                0x00000404       0x2c C:\Users\rikta\OneDrive\Documents\UBC 2nd Year\ELEC291\gcc-arm-none-eabi-10.3-2021.10\arm-none-eabi\lib\thumb\v6-m\nofp\libc_nano.a(lib_a-closer.o)
 .ARM.attributes
                0x00000430       0x2c C:\Users\rikta\OneDrive\Documents\UBC 2nd Year\ELEC291\gcc-arm-none-eabi-10.3-2021.10\arm-none-eabi\lib\thumb\v6-m\nofp\libc_nano.a(lib_a-fflush.o)
 .ARM.attributes
                0x0000045c       0x2c C:\Users\rikta\OneDrive\Documents\UBC 2nd Year\ELEC291\gcc-arm-none-eabi-10.3-2021.10\arm-none-eabi\lib\thumb\v6-m\nofp\libc_nano.a(lib_a-findfp.o)
 .ARM.attributes
                0x00000488       0x2c C:\Users\rikta\OneDrive\Documents\UBC 2nd Year\ELEC291\gcc-arm-none-eabi-10.3-2021.10\arm-none-eabi\lib\thumb\v6-m\nofp\libc_nano.a(lib_a-fwalk.o)
 .ARM.attributes
                0x000004b4       0x2c C:\Users\rikta\OneDrive\Documents\UBC 2nd Year\ELEC291\gcc-arm-none-eabi-10.3-2021.10\arm-none-eabi\lib\thumb\v6-m\nofp\libc_nano.a(lib_a-impure.o)
 .ARM.attributes
                0x000004e0       0x2c C:\Users\rikta\OneDrive\Documents\UBC 2nd Year\ELEC291\gcc-arm-none-eabi-10.3-2021.10\arm-none-eabi\lib\thumb\v6-m\nofp\libc_nano.a(lib_a-lock.o)
 .ARM.attributes
                0x0000050c       0x2c C:\Users\rikta\OneDrive\Documents\UBC 2nd Year\ELEC291\gcc-arm-none-eabi-10.3-2021.10\arm-none-eabi\lib\thumb\v6-m\nofp\libc_nano.a(lib_a-lseekr.o)
 .ARM.attributes
                0x00000538       0x2c C:\Users\rikta\OneDrive\Documents\UBC 2nd Year\ELEC291\gcc-arm-none-eabi-10.3-2021.10\arm-none-eabi\lib\thumb\v6-m\nofp\libc_nano.a(lib_a-makebuf.o)
 .ARM.attributes
                0x00000564       0x2c C:\Users\rikta\OneDrive\Documents\UBC 2nd Year\ELEC291\gcc-arm-none-eabi-10.3-2021.10\arm-none-eabi\lib\thumb\v6-m\nofp\libc_nano.a(lib_a-memset.o)
 .ARM.attributes
                0x00000590       0x2c C:\Users\rikta\OneDrive\Documents\UBC 2nd Year\ELEC291\gcc-arm-none-eabi-10.3-2021.10\arm-none-eabi\lib\thumb\v6-m\nofp\libc_nano.a(lib_a-nano-freer.o)
 .ARM.attributes
                0x000005bc       0x2c C:\Users\rikta\OneDrive\Documents\UBC 2nd Year\ELEC291\gcc-arm-none-eabi-10.3-2021.10\arm-none-eabi\lib\thumb\v6-m\nofp\libc_nano.a(lib_a-nano-mallocr.o)
 .ARM.attributes
                0x000005e8       0x2c C:\Users\rikta\OneDrive\Documents\UBC 2nd Year\ELEC291\gcc-arm-none-eabi-10.3-2021.10\arm-none-eabi\lib\thumb\v6-m\nofp\libc_nano.a(lib_a-nano-svfprintf.o)
 .ARM.attributes
                0x00000614       0x2c C:\Users\rikta\OneDrive\Documents\UBC 2nd Year\ELEC291\gcc-arm-none-eabi-10.3-2021.10\arm-none-eabi\lib\thumb\v6-m\nofp\libc_nano.a(lib_a-nano-svfscanf.o)
 .ARM.attributes
                0x00000640       0x2c C:\Users\rikta\OneDrive\Documents\UBC 2nd Year\ELEC291\gcc-arm-none-eabi-10.3-2021.10\arm-none-eabi\lib\thumb\v6-m\nofp\libc_nano.a(lib_a-nano-vfprintf.o)
 .ARM.attributes
                0x0000066c       0x2c C:\Users\rikta\OneDrive\Documents\UBC 2nd Year\ELEC291\gcc-arm-none-eabi-10.3-2021.10\arm-none-eabi\lib\thumb\v6-m\nofp\libc_nano.a(lib_a-nano-vfprintf_i.o)
 .ARM.attributes
                0x00000698       0x2c C:\Users\rikta\OneDrive\Documents\UBC 2nd Year\ELEC291\gcc-arm-none-eabi-10.3-2021.10\arm-none-eabi\lib\thumb\v6-m\nofp\libc_nano.a(lib_a-nano-vfscanf_i.o)
 .ARM.attributes
                0x000006c4       0x2c C:\Users\rikta\OneDrive\Documents\UBC 2nd Year\ELEC291\gcc-arm-none-eabi-10.3-2021.10\arm-none-eabi\lib\thumb\v6-m\nofp\libc_nano.a(lib_a-readr.o)
 .ARM.attributes
                0x000006f0       0x2c C:\Users\rikta\OneDrive\Documents\UBC 2nd Year\ELEC291\gcc-arm-none-eabi-10.3-2021.10\arm-none-eabi\lib\thumb\v6-m\nofp\libc_nano.a(lib_a-sbrkr.o)
 .ARM.attributes
                0x0000071c       0x2c C:\Users\rikta\OneDrive\Documents\UBC 2nd Year\ELEC291\gcc-arm-none-eabi-10.3-2021.10\arm-none-eabi\lib\thumb\v6-m\nofp\libc_nano.a(lib_a-sccl.o)
 .ARM.attributes
                0x00000748       0x2c C:\Users\rikta\OneDrive\Documents\UBC 2nd Year\ELEC291\gcc-arm-none-eabi-10.3-2021.10\arm-none-eabi\lib\thumb\v6-m\nofp\libc_nano.a(lib_a-strtol.o)
 .ARM.attributes
                0x00000774       0x2c C:\Users\rikta\OneDrive\Documents\UBC 2nd Year\ELEC291\gcc-arm-none-eabi-10.3-2021.10\arm-none-eabi\lib\thumb\v6-m\nofp\libc_nano.a(lib_a-strtoul.o)
 .ARM.attributes
                0x000007a0       0x2c C:\Users\rikta\OneDrive\Documents\UBC 2nd Year\ELEC291\gcc-arm-none-eabi-10.3-2021.10\arm-none-eabi\lib\thumb\v6-m\nofp\libc_nano.a(lib_a-ungetc.o)
 .ARM.attributes
                0x000007cc       0x2c C:\Users\rikta\OneDrive\Documents\UBC 2nd Year\ELEC291\gcc-arm-none-eabi-10.3-2021.10\arm-none-eabi\lib\thumb\v6-m\nofp\libc_nano.a(lib_a-ctype_.o)
 .ARM.attributes
                0x000007f8       0x2c C:\Users\rikta\OneDrive\Documents\UBC 2nd Year\ELEC291\gcc-arm-none-eabi-10.3-2021.10\arm-none-eabi\lib\thumb\v6-m\nofp\libc_nano.a(lib_a-errno.o)
 .ARM.attributes
                0x00000824       0x2c C:\Users\rikta\OneDrive\Documents\UBC 2nd Year\ELEC291\gcc-arm-none-eabi-10.3-2021.10\arm-none-eabi\lib\thumb\v6-m\nofp\libc_nano.a(lib_a-fstatr.o)
 .ARM.attributes
                0x00000850       0x2c C:\Users\rikta\OneDrive\Documents\UBC 2nd Year\ELEC291\gcc-arm-none-eabi-10.3-2021.10\arm-none-eabi\lib\thumb\v6-m\nofp\libc_nano.a(lib_a-fvwrite.o)
 .ARM.attributes
                0x0000087c       0x2c C:\Users\rikta\OneDrive\Documents\UBC 2nd Year\ELEC291\gcc-arm-none-eabi-10.3-2021.10\arm-none-eabi\lib\thumb\v6-m\nofp\libc_nano.a(lib_a-isattyr.o)
 .ARM.attributes
                0x000008a8       0x2c C:\Users\rikta\OneDrive\Documents\UBC 2nd Year\ELEC291\gcc-arm-none-eabi-10.3-2021.10\arm-none-eabi\lib\thumb\v6-m\nofp\libc_nano.a(lib_a-memchr-stub.o)
 .ARM.attributes
                0x000008d4       0x2c C:\Users\rikta\OneDrive\Documents\UBC 2nd Year\ELEC291\gcc-arm-none-eabi-10.3-2021.10\arm-none-eabi\lib\thumb\v6-m\nofp\libc_nano.a(lib_a-memcpy-stub.o)
 .ARM.attributes
                0x00000900       0x2c C:\Users\rikta\OneDrive\Documents\UBC 2nd Year\ELEC291\gcc-arm-none-eabi-10.3-2021.10\arm-none-eabi\lib\thumb\v6-m\nofp\libc_nano.a(lib_a-memmove.o)
 .ARM.attributes
                0x0000092c       0x2c C:\Users\rikta\OneDrive\Documents\UBC 2nd Year\ELEC291\gcc-arm-none-eabi-10.3-2021.10\arm-none-eabi\lib\thumb\v6-m\nofp\libc_nano.a(lib_a-mlock.o)
 .ARM.attributes
                0x00000958       0x2c C:\Users\rikta\OneDrive\Documents\UBC 2nd Year\ELEC291\gcc-arm-none-eabi-10.3-2021.10\arm-none-eabi\lib\thumb\v6-m\nofp\libc_nano.a(lib_a-nano-reallocr.o)
 .ARM.attributes
                0x00000984       0x2c C:\Users\rikta\OneDrive\Documents\UBC 2nd Year\ELEC291\gcc-arm-none-eabi-10.3-2021.10\arm-none-eabi\lib\thumb\v6-m\nofp\libc_nano.a(lib_a-nano-msizer.o)
 .ARM.attributes
                0x000009b0       0x1e C:\Users\rikta\OneDrive\Documents\UBC 2nd Year\ELEC291\gcc-arm-none-eabi-10.3-2021.10\lib\gcc\arm-none-eabi\10.3.1\thumb\v6-m\nofp\libgcc.a(_thumb1_case_shi.o)

.debug_frame    0x00000000     0x159c
 .debug_frame   0x00000000      0x144 main.o
 .debug_frame   0x00000144      0x1e8 serial.o
 .debug_frame   0x0000032c      0x204 UART2.o
 .debug_frame   0x00000530       0x94 startup.o
 .debug_frame   0x000005c4      0x228 newlib_stubs.o
 .debug_frame   0x000007ec       0x20 C:\Users\rikta\OneDrive\Documents\UBC 2nd Year\ELEC291\gcc-arm-none-eabi-10.3-2021.10\lib\gcc\arm-none-eabi\10.3.1\thumb\v6-m\nofp\libgcc.a(_divsi3.o)
 .debug_frame   0x0000080c       0x38 C:\Users\rikta\OneDrive\Documents\UBC 2nd Year\ELEC291\gcc-arm-none-eabi-10.3-2021.10\lib\gcc\arm-none-eabi\10.3.1\thumb\v6-m\nofp\libgcc.a(divsf3.o)
 .debug_frame   0x00000844       0x3c C:\Users\rikta\OneDrive\Documents\UBC 2nd Year\ELEC291\gcc-arm-none-eabi-10.3-2021.10\lib\gcc\arm-none-eabi\10.3.1\thumb\v6-m\nofp\libgcc.a(divdf3.o)
 .debug_frame   0x00000880       0x3c C:\Users\rikta\OneDrive\Documents\UBC 2nd Year\ELEC291\gcc-arm-none-eabi-10.3-2021.10\lib\gcc\arm-none-eabi\10.3.1\thumb\v6-m\nofp\libgcc.a(muldf3.o)
 .debug_frame   0x000008bc       0x2c C:\Users\rikta\OneDrive\Documents\UBC 2nd Year\ELEC291\gcc-arm-none-eabi-10.3-2021.10\lib\gcc\arm-none-eabi\10.3.1\thumb\v6-m\nofp\libgcc.a(fixdfsi.o)
 .debug_frame   0x000008e8       0x2c C:\Users\rikta\OneDrive\Documents\UBC 2nd Year\ELEC291\gcc-arm-none-eabi-10.3-2021.10\lib\gcc\arm-none-eabi\10.3.1\thumb\v6-m\nofp\libgcc.a(floatsidf.o)
 .debug_frame   0x00000914       0x30 C:\Users\rikta\OneDrive\Documents\UBC 2nd Year\ELEC291\gcc-arm-none-eabi-10.3-2021.10\lib\gcc\arm-none-eabi\10.3.1\thumb\v6-m\nofp\libgcc.a(truncdfsf2.o)
 .debug_frame   0x00000944       0x20 C:\Users\rikta\OneDrive\Documents\UBC 2nd Year\ELEC291\gcc-arm-none-eabi-10.3-2021.10\lib\gcc\arm-none-eabi\10.3.1\thumb\v6-m\nofp\libgcc.a(_udivsi3.o)
 .debug_frame   0x00000964       0x50 C:\Users\rikta\OneDrive\Documents\UBC 2nd Year\ELEC291\gcc-arm-none-eabi-10.3-2021.10\arm-none-eabi\lib\thumb\v6-m\nofp\libc_nano.a(lib_a-printf.o)
 .debug_frame   0x000009b4       0x44 C:\Users\rikta\OneDrive\Documents\UBC 2nd Year\ELEC291\gcc-arm-none-eabi-10.3-2021.10\arm-none-eabi\lib\thumb\v6-m\nofp\libc_nano.a(lib_a-puts.o)
 .debug_frame   0x000009f8       0x48 C:\Users\rikta\OneDrive\Documents\UBC 2nd Year\ELEC291\gcc-arm-none-eabi-10.3-2021.10\arm-none-eabi\lib\thumb\v6-m\nofp\libc_nano.a(lib_a-sprintf.o)
 .debug_frame   0x00000a40       0x54 C:\Users\rikta\OneDrive\Documents\UBC 2nd Year\ELEC291\gcc-arm-none-eabi-10.3-2021.10\arm-none-eabi\lib\thumb\v6-m\nofp\libc_nano.a(lib_a-sscanf.o)
 .debug_frame   0x00000a94       0x90 C:\Users\rikta\OneDrive\Documents\UBC 2nd Year\ELEC291\gcc-arm-none-eabi-10.3-2021.10\arm-none-eabi\lib\thumb\v6-m\nofp\libc_nano.a(lib_a-stdio.o)
 .debug_frame   0x00000b24       0x48 C:\Users\rikta\OneDrive\Documents\UBC 2nd Year\ELEC291\gcc-arm-none-eabi-10.3-2021.10\arm-none-eabi\lib\thumb\v6-m\nofp\libc_nano.a(lib_a-wbuf.o)
 .debug_frame   0x00000b6c       0x2c C:\Users\rikta\OneDrive\Documents\UBC 2nd Year\ELEC291\gcc-arm-none-eabi-10.3-2021.10\arm-none-eabi\lib\thumb\v6-m\nofp\libc_nano.a(lib_a-writer.o)
 .debug_frame   0x00000b98       0x2c C:\Users\rikta\OneDrive\Documents\UBC 2nd Year\ELEC291\gcc-arm-none-eabi-10.3-2021.10\arm-none-eabi\lib\thumb\v6-m\nofp\libc_nano.a(lib_a-wsetup.o)
 .debug_frame   0x00000bc4       0x2c C:\Users\rikta\OneDrive\Documents\UBC 2nd Year\ELEC291\gcc-arm-none-eabi-10.3-2021.10\arm-none-eabi\lib\thumb\v6-m\nofp\libc_nano.a(lib_a-closer.o)
 .debug_frame   0x00000bf0       0x68 C:\Users\rikta\OneDrive\Documents\UBC 2nd Year\ELEC291\gcc-arm-none-eabi-10.3-2021.10\arm-none-eabi\lib\thumb\v6-m\nofp\libc_nano.a(lib_a-fflush.o)
 .debug_frame   0x00000c58      0x170 C:\Users\rikta\OneDrive\Documents\UBC 2nd Year\ELEC291\gcc-arm-none-eabi-10.3-2021.10\arm-none-eabi\lib\thumb\v6-m\nofp\libc_nano.a(lib_a-findfp.o)
 .debug_frame   0x00000dc8       0x58 C:\Users\rikta\OneDrive\Documents\UBC 2nd Year\ELEC291\gcc-arm-none-eabi-10.3-2021.10\arm-none-eabi\lib\thumb\v6-m\nofp\libc_nano.a(lib_a-fwalk.o)
 .debug_frame   0x00000e20       0xb0 C:\Users\rikta\OneDrive\Documents\UBC 2nd Year\ELEC291\gcc-arm-none-eabi-10.3-2021.10\arm-none-eabi\lib\thumb\v6-m\nofp\libc_nano.a(lib_a-lock.o)
 .debug_frame   0x00000ed0       0x2c C:\Users\rikta\OneDrive\Documents\UBC 2nd Year\ELEC291\gcc-arm-none-eabi-10.3-2021.10\arm-none-eabi\lib\thumb\v6-m\nofp\libc_nano.a(lib_a-lseekr.o)
 .debug_frame   0x00000efc       0x54 C:\Users\rikta\OneDrive\Documents\UBC 2nd Year\ELEC291\gcc-arm-none-eabi-10.3-2021.10\arm-none-eabi\lib\thumb\v6-m\nofp\libc_nano.a(lib_a-makebuf.o)
 .debug_frame   0x00000f50       0x20 C:\Users\rikta\OneDrive\Documents\UBC 2nd Year\ELEC291\gcc-arm-none-eabi-10.3-2021.10\arm-none-eabi\lib\thumb\v6-m\nofp\libc_nano.a(lib_a-memset.o)
 .debug_frame   0x00000f70       0x2c C:\Users\rikta\OneDrive\Documents\UBC 2nd Year\ELEC291\gcc-arm-none-eabi-10.3-2021.10\arm-none-eabi\lib\thumb\v6-m\nofp\libc_nano.a(lib_a-nano-freer.o)
 .debug_frame   0x00000f9c       0x50 C:\Users\rikta\OneDrive\Documents\UBC 2nd Year\ELEC291\gcc-arm-none-eabi-10.3-2021.10\arm-none-eabi\lib\thumb\v6-m\nofp\libc_nano.a(lib_a-nano-mallocr.o)
 .debug_frame   0x00000fec       0x74 C:\Users\rikta\OneDrive\Documents\UBC 2nd Year\ELEC291\gcc-arm-none-eabi-10.3-2021.10\arm-none-eabi\lib\thumb\v6-m\nofp\libc_nano.a(lib_a-nano-svfprintf.o)
 .debug_frame   0x00001060       0x68 C:\Users\rikta\OneDrive\Documents\UBC 2nd Year\ELEC291\gcc-arm-none-eabi-10.3-2021.10\arm-none-eabi\lib\thumb\v6-m\nofp\libc_nano.a(lib_a-nano-svfscanf.o)
 .debug_frame   0x000010c8       0x9c C:\Users\rikta\OneDrive\Documents\UBC 2nd Year\ELEC291\gcc-arm-none-eabi-10.3-2021.10\arm-none-eabi\lib\thumb\v6-m\nofp\libc_nano.a(lib_a-nano-vfprintf.o)
 .debug_frame   0x00001164       0x54 C:\Users\rikta\OneDrive\Documents\UBC 2nd Year\ELEC291\gcc-arm-none-eabi-10.3-2021.10\arm-none-eabi\lib\thumb\v6-m\nofp\libc_nano.a(lib_a-nano-vfprintf_i.o)
 .debug_frame   0x000011b8       0x54 C:\Users\rikta\OneDrive\Documents\UBC 2nd Year\ELEC291\gcc-arm-none-eabi-10.3-2021.10\arm-none-eabi\lib\thumb\v6-m\nofp\libc_nano.a(lib_a-nano-vfscanf_i.o)
 .debug_frame   0x0000120c       0x2c C:\Users\rikta\OneDrive\Documents\UBC 2nd Year\ELEC291\gcc-arm-none-eabi-10.3-2021.10\arm-none-eabi\lib\thumb\v6-m\nofp\libc_nano.a(lib_a-readr.o)
 .debug_frame   0x00001238       0x2c C:\Users\rikta\OneDrive\Documents\UBC 2nd Year\ELEC291\gcc-arm-none-eabi-10.3-2021.10\arm-none-eabi\lib\thumb\v6-m\nofp\libc_nano.a(lib_a-sbrkr.o)
 .debug_frame   0x00001264       0x30 C:\Users\rikta\OneDrive\Documents\UBC 2nd Year\ELEC291\gcc-arm-none-eabi-10.3-2021.10\arm-none-eabi\lib\thumb\v6-m\nofp\libc_nano.a(lib_a-sccl.o)
 .debug_frame   0x00001294       0x78 C:\Users\rikta\OneDrive\Documents\UBC 2nd Year\ELEC291\gcc-arm-none-eabi-10.3-2021.10\arm-none-eabi\lib\thumb\v6-m\nofp\libc_nano.a(lib_a-strtol.o)
 .debug_frame   0x0000130c       0x78 C:\Users\rikta\OneDrive\Documents\UBC 2nd Year\ELEC291\gcc-arm-none-eabi-10.3-2021.10\arm-none-eabi\lib\thumb\v6-m\nofp\libc_nano.a(lib_a-strtoul.o)
 .debug_frame   0x00001384       0x6c C:\Users\rikta\OneDrive\Documents\UBC 2nd Year\ELEC291\gcc-arm-none-eabi-10.3-2021.10\arm-none-eabi\lib\thumb\v6-m\nofp\libc_nano.a(lib_a-ungetc.o)
 .debug_frame   0x000013f0       0x20 C:\Users\rikta\OneDrive\Documents\UBC 2nd Year\ELEC291\gcc-arm-none-eabi-10.3-2021.10\arm-none-eabi\lib\thumb\v6-m\nofp\libc_nano.a(lib_a-errno.o)
 .debug_frame   0x00001410       0x2c C:\Users\rikta\OneDrive\Documents\UBC 2nd Year\ELEC291\gcc-arm-none-eabi-10.3-2021.10\arm-none-eabi\lib\thumb\v6-m\nofp\libc_nano.a(lib_a-fstatr.o)