Archive member included to satisfy reference by file (symbol)

C:\Users\rikta\OneDrive\Documents\UBC 2nd Year\ELEC291\gcc-arm-none-eabi-10.3-2021.10\arm-none-eabi\lib\thumb\v6-m\nofp\libnosys.a(errno.o)
                              newlib_stubs.o (errno)
C:\Users\rikta\OneDrive\Documents\UBC 2nd Year\ELEC291\gcc-arm-none-eabi-10.3-2021.10\lib\gcc\arm-none-eabi\10.3.1\thumb\v6-m\nofp\libgcc.a(_divsi3.o)
                              main.o (__aeabi_idiv)
C:\Users\rikta\OneDrive\Documents\UBC 2nd Year\ELEC291\gcc-arm-none-eabi-10.3-2021.10\lib\gcc\arm-none-eabi\10.3.1\thumb\v6-m\nofp\libgcc.a(_dvmd_tls.o)
                              C:\Users\rikta\OneDrive\Documents\UBC 2nd Year\ELEC291\gcc-arm-none-eabi-10.3-2021.10\lib\gcc\arm-none-eabi\10.3.1\thumb\v6-m\nofp\libgcc.a(_divsi3.o) (__aeabi_idiv0)
C:\Users\rikta\OneDrive\Documents\UBC 2nd Year\ELEC291\gcc-arm-none-eabi-10.3-2021.10\lib\gcc\arm-none-eabi\10.3.1\thumb\v6-m\nofp\libgcc.a(muldf3.o)
                              main.o (__aeabi_dmul)
C:\Users\rikta\OneDrive\Documents\UBC 2nd Year\ELEC291\gcc-arm-none-eabi-10.3-2021.10\lib\gcc\arm-none-eabi\10.3.1\thumb\v6-m\nofp\libgcc.a(fixdfsi.o)
                              main.o (__aeabi_d2iz)
C:\Users\rikta\OneDrive\Documents\UBC 2nd Year\ELEC291\gcc-arm-none-eabi-10.3-2021.10\lib\gcc\arm-none-eabi\10.3.1\thumb\v6-m\nofp\libgcc.a(floatsidf.o)
                              main.o (__aeabi_i2d)
C:\Users\rikta\OneDrive\Documents\UBC 2nd Year\ELEC291\gcc-arm-none-eabi-10.3-2021.10\lib\gcc\arm-none-eabi\10.3.1\thumb\v6-m\nofp\libgcc.a(_clzsi2.o)
                              C:\Users\rikta\OneDrive\Documents\UBC 2nd Year\ELEC291\gcc-arm-none-eabi-10.3-2021.10\lib\gcc\arm-none-eabi\10.3.1\thumb\v6-m\nofp\libgcc.a(muldf3.o) (__clzsi2)
C:\Users\rikta\OneDrive\Documents\UBC 2nd Year\ELEC291\gcc-arm-none-eabi-10.3-2021.10\arm-none-eabi\lib\thumb\v6-m\nofp\libc_nano.a(lib_a-atoi.o)
                              main.o (atoi)
C:\Users\rikta\OneDrive\Documents\UBC 2nd Year\ELEC291\gcc-arm-none-eabi-10.3-2021.10\arm-none-eabi\lib\thumb\v6-m\nofp\libc_nano.a(lib_a-printf.o)
                              main.o (printf)
C:\Users\rikta\OneDrive\Documents\UBC 2nd Year\ELEC291\gcc-arm-none-eabi-10.3-2021.10\arm-none-eabi\lib\thumb\v6-m\nofp\libc_nano.a(lib_a-puts.o)
                              main.o (puts)
C:\Users\rikta\OneDrive\Documents\UBC 2nd Year\ELEC291\gcc-arm-none-eabi-10.3-2021.10\arm-none-eabi\lib\thumb\v6-m\nofp\libc_nano.a(lib_a-strcmp.o)
                              main.o (strcmp)
C:\Users\rikta\OneDrive\Documents\UBC 2nd Year\ELEC291\gcc-arm-none-eabi-10.3-2021.10\arm-none-eabi\lib\thumb\v6-m\nofp\libc_nano.a(lib_a-strlen.o)
                              main.o (strlen)
C:\Users\rikta\OneDrive\Documents\UBC 2nd Year\ELEC291\gcc-arm-none-eabi-10.3-2021.10\arm-none-eabi\lib\thumb\v6-m\nofp\libc_nano.a(lib_a-strtol.o)
                              C:\Users\rikta\OneDrive\Documents\UBC 2nd Year\ELEC291\gcc-arm-none-eabi-10.3-2021.10\arm-none-eabi\lib\thumb\v6-m\nofp\libc_nano.a(lib_a-atoi.o) (_strtol_r)
C:\Users\rikta\OneDrive\Documents\UBC 2nd Year\ELEC291\gcc-arm-none-eabi-10.3-2021.10\arm-none-eabi\lib\thumb\v6-m\nofp\libc_nano.a(lib_a-wbuf.o)
                              C:\Users\rikta\OneDrive\Documents\UBC 2nd Year\ELEC291\gcc-arm-none-eabi-10.3-2021.10\arm-none-eabi\lib\thumb\v6-m\nofp\libc_nano.a(lib_a-puts.o) (__swbuf_r)
C:\Users\rikta\OneDrive\Documents\UBC 2nd Year\ELEC291\gcc-arm-none-eabi-10.3-2021.10\arm-none-eabi\lib\thumb\v6-m\nofp\libc_nano.a(lib_a-wsetup.o)
                              C:\Users\rikta\OneDrive\Documents\UBC 2nd Year\ELEC291\gcc-arm-none-eabi-10.3-2021.10\arm-none-eabi\lib\thumb\v6-m\nofp\libc_nano.a(lib_a-puts.o) (__swsetup_r)
C:\Users\rikta\OneDrive\Documents\UBC 2nd Year\ELEC291\gcc-arm-none-eabi-10.3-2021.10\arm-none-eabi\lib\thumb\v6-m\nofp\libc_nano.a(lib_a-ctype_.o)
                              C:\Users\rikta\OneDrive\Documents\UBC 2nd Year\ELEC291\gcc-arm-none-eabi-10.3-2021.10\arm-none-eabi\lib\thumb\v6-m\nofp\libc_nano.a(lib_a-strtol.o) (_ctype_)
C:\Users\rikta\OneDrive\Documents\UBC 2nd Year\ELEC291\gcc-arm-none-eabi-10.3-2021.10\arm-none-eabi\lib\thumb\v6-m\nofp\libc_nano.a(lib_a-errno.o)
                              C:\Users\rikta\OneDrive\Documents\UBC 2nd Year\ELEC291\gcc-arm-none-eabi-10.3-2021.10\arm-none-eabi\lib\thumb\v6-m\nofp\libc_nano.a(lib_a-strtol.o) (__errno)
C:\Users\rikta\OneDrive\Documents\UBC 2nd Year\ELEC291\gcc-arm-none-eabi-10.3-2021.10\arm-none-eabi\lib\thumb\v6-m\nofp\libc_nano.a(lib_a-fflush.o)
                              C:\Users\rikta\OneDrive\Documents\UBC 2nd Year\ELEC291\gcc-arm-none-eabi-10.3-2021.10\arm-none-eabi\lib\thumb\v6-m\nofp\libc_nano.a(lib_a-wbuf.o) (_fflush_r)
C:\Users\rikta\OneDrive\Documents\UBC 2nd Year\ELEC291\gcc-arm-none-eabi-10.3-2021.10\arm-none-eabi\lib\thumb\v6-m\nofp\libc_nano.a(lib_a-findfp.o)
[...]
Memory Configuration

Name             Origin             Length             Attributes
flash            0x08000000         0x00010000
ram              0x20000000         0x00002000
*default*        0x00000000         0xffffffff

Linker script and memory map

LOAD main.o
LOAD serial.o
LOAD UART2.o
LOAD startup.o
LOAD newlib_stubs.o
LOAD C:\Users\rikta\OneDrive\Documents\UBC 2nd Year\ELEC291\gcc-arm-none-eabi-10.3-2021.10\arm-none-eabi\lib\thumb\v6-m\nofp\libnosys.a
LOAD C:\Users\rikta\OneDrive\Documents\UBC 2nd Year\ELEC291\gcc-arm-none-eabi-10.3-2021.10\lib\gcc\arm-none-eabi\10.3.1\thumb\v6-m\nofp\libgcc.a
START GROUP
LOAD C:\Users\rikta\OneDrive\Documents\UBC 2nd Year\ELEC291\gcc-arm-none-eabi-10.3-2021.10\lib\gcc\arm-none-eabi\10.3.1\thumb\v6-m\nofp\libgcc.a
LOAD C:\Users\rikta\OneDrive\Documents\UBC 2nd Year\ELEC291\gcc-arm-none-eabi-10.3-2021.10\arm-none-eabi\lib\thumb\v6-m\nofp\libc_nano.a
LOAD C:\Users\rikta\OneDrive\Documents\UBC 2nd Year\ELEC291\gcc-arm-none-eabi-10.3-2021.10\arm-none-eabi\lib\thumb\v6-m\nofp\libm.a
END GROUP

.text           0x08000000     0x4828
 *(.vectors)
 .vectors       0x08000000       0xb8 startup.o
                0x08000000                Vectors
 *(.after_vectors*)
 .after_vectors
                0x080000b8       0x28 startup.o
                0x080000b8                ResetInit
 *(.text*)
 .text          0x080000e0     0x13e8 main.o
                0x080000e0                delay
                0x080000fe                wait_1ms
                0x08000138                delayms
                0x0800015a                Delay_us
                0x080001b8                waitms
                0x080001da                GetPeriod
                0x080002dc                TIM2_Handler
                0x080003f0                Hardware_Init
                0x08000608                SendATCommand
                0x08000680                getDiff
                0x080006a6                main
 .text          0x080014c8      0x5b4 serial.o
                0x080014c8                ReadCom
                0x0800153c                WriteCom
                0x080015dc                initUART
                0x0800172c                USART1_Handler
                0x08001758                usart_rx
                0x08001788                usart_tx
                0x080017f0                PutBuf
                0x08001852                GetBuf
                0x080018a8                GetBufCount
                0x080018bc                eputs
                0x080018f8                eputc
                0x08001916                egetc
                0x08001930                egets
                0x080019bc                egetc_echo
                0x080019e2                egets_echo
 .text          0x08001a7c      0x5c8 UART2.o
                0x08001a7c                ReadCom2
                0x08001af0                WriteCom2
                0x08001b90                initUART2
                0x08001cdc                USART2_Handler
                0x08001d08                usart_rx2
                0x08001d38                usart_tx2
                0x08001da0                PutBuf2
                0x08001e02                GetBuf2
                0x08001e58                GetBufCount2
                0x08001e6c                eputs2
                0x08001ea8                eputc2
                0x08001ec6                egetc2
                0x08001ee0                egets2
                0x08001f6c                ReceivedBytes2
                0x08001f84                egetc_echo2
                0x08001faa                egets_echo2
 .text          0x08002044      0x1a8 startup.o
                0x080020bc                initClock
                0x080021c4                EXTI2_3_Handler
                0x080021c4                TIM21_Handler
                0x080021c4                SysTick_Handler
                0x080021c4                I2C1_Handler
                0x080021c4                PendSV_Handler
                0x080021c4                NMI_Handler
                0x080021c4                WWDG_Handler
                0x080021c4                RTC_Handler
                0x080021c4                EXTI4_15_Handler
                0x080021c4                DMA_CH4_5_6_7_Handler
                0x080021c4                Default_Handler
                0x080021c4                LPUART1_Handler
                0x080021c4                FLASH_Handler
                0x080021c4                EXTI0_1_Handler
                0x080021c4                DMA_CH1_Handler
                0x080021c4                SPI2_Handler
                0x080021c4                DMA_CH2_3_Handler
                0x080021c4                I2C2_Handler
                0x080021c4                SVC_Handler
                0x080021c4                LPTIM1_Handler
                0x080021c4                SPI1_Handler
                0x080021c4                RCC_Handler
                0x080021c4                PVD_Handler
                0x080021c4                TIM6_Handler
                0x080021c4                TIM22_Handler
                0x080021c4                ADC_COMP_Handler
                0x080021d8                Hard_Fault_Handler
 .text          0x080021ec      0x29c newlib_stubs.o
                0x080021ec                _exit
                0x080021f6                _close
                0x0800220a                _execve
                0x0800222c                _fork
                0x08002244                _fstat
                0x08002260                _getpid
                0x0800226c                _kill
                0x0800228c                _link
                0x080022ac                _lseek
                0x080022c2                _stat
                0x080022de                _times
                0x080022f2                _unlink
                0x08002310                _wait
                0x08002330                _isatty
                0x08002358                _sbrk
                0x080023bc                _read
                0x08002434                _write
 .text          0x08002488        0x0 C:\Users\rikta\OneDrive\Documents\UBC 2nd Year\ELEC291\gcc-arm-none-eabi-10.3-2021.10\arm-none-eabi\lib\thumb\v6-m\nofp\libnosys.a(errno.o)
 .text          0x08002488      0x1d4 C:\Users\rikta\OneDrive\Documents\UBC 2nd Year\ELEC291\gcc-arm-none-eabi-10.3-2021.10\lib\gcc\arm-none-eabi\10.3.1\thumb\v6-m\nofp\libgcc.a(_divsi3.o)
                0x08002488                __divsi3
                0x08002488                __aeabi_idiv
                0x08002654                __aeabi_idivmod
 .text          0x0800265c        0x4 C:\Users\rikta\OneDrive\Documents\UBC 2nd Year\ELEC291\gcc-arm-none-eabi-10.3-2021.10\lib\gcc\arm-none-eabi\10.3.1\thumb\v6-m\nofp\libgcc.a(_dvmd_tls.o)
                0x0800265c                __aeabi_idiv0
                0x0800265c                __aeabi_ldiv0
 .text          0x08002660      0x4d8 C:\Users\rikta\OneDrive\Documents\UBC 2nd Year\ELEC291\gcc-arm-none-eabi-10.3-2021.10\lib\gcc\arm-none-eabi\10.3.1\thumb\v6-m\nofp\libgcc.a(muldf3.o)
                0x08002660                __aeabi_dmul
 .text          0x08002b38       0x6c C:\Users\rikta\OneDrive\Documents\UBC 2nd Year\ELEC291\gcc-arm-none-eabi-10.3-2021.10\lib\gcc\arm-none-eabi\10.3.1\thumb\v6-m\nofp\libgcc.a(fixdfsi.o)
                0x08002b38                __aeabi_d2iz
 .text          0x08002ba4       0x60 C:\Users\rikta\OneDrive\Documents\UBC 2nd Year\ELEC291\gcc-arm-none-eabi-10.3-2021.10\lib\gcc\arm-none-eabi\10.3.1\thumb\v6-m\nofp\libgcc.a(floatsidf.o)
                0x08002ba4                __aeabi_i2d
 .text          0x08002c04       0x3c C:\Users\rikta\OneDrive\Documents\UBC 2nd Year\ELEC291\gcc-arm-none-eabi-10.3-2021.10\lib\gcc\arm-none-eabi\10.3.1\thumb\v6-m\nofp\libgcc.a(_clzsi2.o)
                0x08002c04                __clzsi2
 .text          0x08002c40        0x0 C:\Users\rikta\OneDrive\Documents\UBC 2nd Year\ELEC291\gcc-arm-none-eabi-10.3-2021.10\arm-none-eabi\lib\thumb\v6-m\nofp\libc_nano.a(lib_a-atoi.o)
 .text.atoi     0x08002c40        0xc C:\Users\rikta\OneDrive\Documents\UBC 2nd Year\ELEC291\gcc-arm-none-eabi-10.3-2021.10\arm-none-eabi\lib\thumb\v6-m\nofp\libc_nano.a(lib_a-atoi.o)
                0x08002c40                atoi
 .text._atoi_r  0x08002c4c        0xc C:\Users\rikta\OneDrive\Documents\UBC 2nd Year\ELEC291\gcc-arm-none-eabi-10.3-2021.10\arm-none-eabi\lib\thumb\v6-m\nofp\libc_nano.a(lib_a-atoi.o)
                0x08002c4c                _atoi_r
 .text          0x08002c58        0x0 C:\Users\rikta\OneDrive\Documents\UBC 2nd Year\ELEC291\gcc-arm-none-eabi-10.3-2021.10\arm-none-eabi\lib\thumb\v6-m\nofp\libc_nano.a(lib_a-printf.o)
 .text._printf_r
                0x08002c58       0x28 C:\Users\rikta\OneDrive\Documents\UBC 2nd Year\ELEC291\gcc-arm-none-eabi-10.3-2021.10\arm-none-eabi\lib\thumb\v6-m\nofp\libc_nano.a(lib_a-printf.o)
                0x08002c58                _iprintf_r
                0x08002c58                _printf_r
 .text.printf   0x08002c80       0x34 C:\Users\rikta\OneDrive\Documents\UBC 2nd Year\ELEC291\gcc-arm-none-eabi-10.3-2021.10\arm-none-eabi\lib\thumb\v6-m\nofp\libc_nano.a(lib_a-printf.o)
                0x08002c80                iprintf
                0x08002c80                printf
 .text          0x08002cb4        0x0 C:\Users\rikta\OneDrive\Documents\UBC 2nd Year\ELEC291\gcc-arm-none-eabi-10.3-2021.10\arm-none-eabi\lib\thumb\v6-m\nofp\libc_nano.a(lib_a-puts.o)
 .text._puts_r  0x08002cb4       0xe4 C:\Users\rikta\OneDrive\Documents\UBC 2nd Year\ELEC291\gcc-arm-none-eabi-10.3-2021.10\arm-none-eabi\lib\thumb\v6-m\nofp\libc_nano.a(lib_a-puts.o)
                0x08002cb4                _puts_r
 .text.puts     0x08002d98       0x14 C:\Users\rikta\OneDrive\Documents\UBC 2nd Year\ELEC291\gcc-arm-none-eabi-10.3-2021.10\arm-none-eabi\lib\thumb\v6-m\nofp\libc_nano.a(lib_a-puts.o)
                0x08002d98                puts
 .text          0x08002dac       0x14 C:\Users\rikta\OneDrive\Documents\UBC 2nd Year\ELEC291\gcc-arm-none-eabi-10.3-2021.10\arm-none-eabi\lib\thumb\v6-m\nofp\libc_nano.a(lib_a-strcmp.o)
                0x08002dac                strcmp
 .text          0x08002dc0        0xe C:\Users\rikta\OneDrive\Documents\UBC 2nd Year\ELEC291\gcc-arm-none-eabi-10.3-2021.10\arm-none-eabi\lib\thumb\v6-m\nofp\libc_nano.a(lib_a-strlen.o)
                0x08002dc0                strlen
 .text          0x08002dce        0x0 C:\Users\rikta\OneDrive\Documents\UBC 2nd Year\ELEC291\gcc-arm-none-eabi-10.3-2021.10\arm-none-eabi\lib\thumb\v6-m\nofp\libc_nano.a(lib_a-strtol.o)
 *fill*         0x08002dce        0x2 
 .text._strtol_l.constprop.0
                0x08002dd0      0x11c C:\Users\rikta\OneDrive\Documents\UBC 2nd Year\ELEC291\gcc-arm-none-eabi-10.3-2021.10\arm-none-eabi\lib\thumb\v6-m\nofp\libc_nano.a(lib_a-strtol.o)
 .text._strtol_r
                0x08002eec        0x8 C:\Users\rikta\OneDrive\Documents\UBC 2nd Year\ELEC291\gcc-arm-none-eabi-10.3-2021.10\arm-none-eabi\lib\thumb\v6-m\nofp\libc_nano.a(lib_a-strtol.o)
                0x08002eec                _strtol_r
 .text.strtol_l
                0x08002ef4       0x18 C:\Users\rikta\OneDrive\Documents\UBC 2nd Year\ELEC291\gcc-arm-none-eabi-10.3-2021.10\arm-none-eabi\lib\thumb\v6-m\nofp\libc_nano.a(lib_a-strtol.o)
                0x08002ef4                strtol_l
 .text.strtol   0x08002f0c       0x18 C:\Users\rikta\OneDrive\Documents\UBC 2nd Year\ELEC291\gcc-arm-none-eabi-10.3-2021.10\arm-none-eabi\lib\thumb\v6-m\nofp\libc_nano.a(lib_a-strtol.o)
                0x08002f0c                strtol
 .text          0x08002f24        0x0 C:\Users\rikta\OneDrive\Documents\UBC 2nd Year\ELEC291\gcc-arm-none-eabi-10.3-2021.10\arm-none-eabi\lib\thumb\v6-m\nofp\libc_nano.a(lib_a-wbuf.o)
 .text.__swbuf_r
                0x08002f24       0xac C:\Users\rikta\OneDrive\Documents\UBC 2nd Year\ELEC291\gcc-arm-none-eabi-10.3-2021.10\arm-none-eabi\lib\thumb\v6-m\nofp\libc_nano.a(lib_a-wbuf.o)
                0x08002f24                __swbuf_r
 .text.__swbuf  0x08002fd0       0x14 C:\Users\rikta\OneDrive\Documents\UBC 2nd Year\ELEC291\gcc-arm-none-eabi-10.3-2021.10\arm-none-eabi\lib\thumb\v6-m\nofp\libc_nano.a(lib_a-wbuf.o)
                0x08002fd0                __swbuf
 .text          0x08002fe4        0x0 C:\Users\rikta\OneDrive\Documents\UBC 2nd Year\ELEC291\gcc-arm-none-eabi-10.3-2021.10\arm-none-eabi\lib\thumb\v6-m\nofp\libc_nano.a(lib_a-wsetup.o)
 .text.__swsetup_r
                0x08002fe4       0xf0 C:\Users\rikta\OneDrive\Documents\UBC 2nd Year\ELEC291\gcc-arm-none-eabi-10.3-2021.10\arm-none-eabi\lib\thumb\v6-m\nofp\libc_nano.a(lib_a-wsetup.o)
                0x08002fe4                __swsetup_r
 .text          0x080030d4        0x0 C:\Users\rikta\OneDrive\Documents\UBC 2nd Year\ELEC291\gcc-arm-none-eabi-10.3-2021.10\arm-none-eabi\lib\thumb\v6-m\nofp\libc_nano.a(lib_a-ctype_.o)
 .text          0x080030d4        0x0 C:\Users\rikta\OneDrive\Documents\UBC 2nd Year\ELEC291\gcc-arm-none-eabi-10.3-2021.10\arm-none-eabi\lib\thumb\v6-m\nofp\libc_nano.a(lib_a-errno.o)
 .text.__errno  0x080030d4        0xc C:\Users\rikta\OneDrive\Documents\UBC 2nd Year\ELEC291\gcc-arm-none-eabi-10.3-2021.10\arm-none-eabi\lib\thumb\v6-m\nofp\libc_nano.a(lib_a-errno.o)
                0x080030d4                __errno
 .text          0x080030e0        0x0 C:\Users\rikta\OneDrive\Documents\UBC 2nd Year\ELEC291\gcc-arm-none-eabi-10.3-2021.10\arm-none-eabi\lib\thumb\v6-m\nofp\libc_nano.a(lib_a-fflush.o)
 .text.__sflush_r
                0x080030e0      0x118 C:\Users\rikta\OneDrive\Documents\UBC 2nd Year\ELEC291\gcc-arm-none-eabi-10.3-2021.10\arm-none-eabi\lib\thumb\v6-m\nofp\libc_nano.a(lib_a-fflush.o)
                0x080030e0                __sflush_r
 .text._fflush_r
                0x080031f8       0x80 C:\Users\rikta\OneDrive\Documents\UBC 2nd Year\ELEC291\gcc-arm-none-eabi-10.3-2021.10\arm-none-eabi\lib\thumb\v6-m\nofp\libc_nano.a(lib_a-fflush.o)
                0x080031f8                _fflush_r
 .text.fflush   0x08003278       0x2c C:\Users\rikta\OneDrive\Documents\UBC 2nd Year\ELEC291\gcc-arm-none-eabi-10.3-2021.10\arm-none-eabi\lib\thumb\v6-m\nofp\libc_nano.a(lib_a-fflush.o)
                0x08003278                fflush
 .text          0x080032a4        0x0 C:\Users\rikta\OneDrive\Documents\UBC 2nd Year\ELEC291\gcc-arm-none-eabi-10.3-2021.10\arm-none-eabi\lib\thumb\v6-m\nofp\libc_nano.a(lib_a-findfp.o)
 .text.std      0x080032a4       0x48 C:\Users\rikta\OneDrive\Documents\UBC 2nd Year\ELEC291\gcc-arm-none-eabi-10.3-2021.10\arm-none-eabi\lib\thumb\v6-m\nofp\libc_nano.a(lib_a-findfp.o)
 .text._cleanup_r
                0x080032ec       0x10 C:\Users\rikta\OneDrive\Documents\UBC 2nd Year\ELEC291\gcc-arm-none-eabi-10.3-2021.10\arm-none-eabi\lib\thumb\v6-m\nofp\libc_nano.a(lib_a-findfp.o)
                0x080032ec                _cleanup_r
 .text.__fp_lock
                0x080032fc       0x18 C:\Users\rikta\OneDrive\Documents\UBC 2nd Year\ELEC291\gcc-arm-none-eabi-10.3-2021.10\arm-none-eabi\lib\thumb\v6-m\nofp\libc_nano.a(lib_a-findfp.o)
 .text.__fp_unlock
                0x08003314       0x18 C:\Users\rikta\OneDrive\Documents\UBC 2nd Year\ELEC291\gcc-arm-none-eabi-10.3-2021.10\arm-none-eabi\lib\thumb\v6-m\nofp\libc_nano.a(lib_a-findfp.o)
 .text.__sfmoreglue
                0x0800332c       0x2c C:\Users\rikta\OneDrive\Documents\UBC 2nd Year\ELEC291\gcc-arm-none-eabi-10.3-2021.10\arm-none-eabi\lib\thumb\v6-m\nofp\libc_nano.a(lib_a-findfp.o)
                0x0800332c                __sfmoreglue
 .text._cleanup
                0x08003358       0x10 C:\Users\rikta\OneDrive\Documents\UBC 2nd Year\ELEC291\gcc-arm-none-eabi-10.3-2021.10\arm-none-eabi\lib\thumb\v6-m\nofp\libc_nano.a(lib_a-findfp.o)
                0x08003358                _cleanup
 .text.__sfp_lock_acquire
                0x08003368       0x10 C:\Users\rikta\OneDrive\Documents\UBC 2nd Year\ELEC291\gcc-arm-none-eabi-10.3-2021.10\arm-none-eabi\lib\thumb\v6-m\nofp\libc_nano.a(lib_a-findfp.o)
                0x08003368                __sfp_lock_acquire
 .text.__sfp_lock_release
                0x08003378       0x10 C:\Users\rikta\OneDrive\Documents\UBC 2nd Year\ELEC291\gcc-arm-none-eabi-10.3-2021.10\arm-none-eabi\lib\thumb\v6-m\nofp\libc_nano.a(lib_a-findfp.o)
                0x08003378                __sfp_lock_release
 .text.__sinit_lock_acquire
                0x08003388       0x10 C:\Users\rikta\OneDrive\Documents\UBC 2nd Year\ELEC291\gcc-arm-none-eabi-10.3-2021.10\arm-none-eabi\lib\thumb\v6-m\nofp\libc_nano.a(lib_a-findfp.o)
                0x08003388                __sinit_lock_acquire
 .text.__sinit_lock_release
                0x08003398       0x10 C:\Users\rikta\OneDrive\Documents\UBC 2nd Year\ELEC291\gcc-arm-none-eabi-10.3-2021.10\arm-none-eabi\lib\thumb\v6-m\nofp\libc_nano.a(lib_a-findfp.o)
                0x08003398                __sinit_lock_release
 .text.__sinit  0x080033a8       0x70 C:\Users\rikta\OneDrive\Documents\UBC 2nd Year\ELEC291\gcc-arm-none-eabi-10.3-2021.10\arm-none-eabi\lib\thumb\v6-m\nofp\libc_nano.a(lib_a-findfp.o)
                0x080033a8                __sinit
 .text.__sfp    0x08003418       0x90 C:\Users\rikta\OneDrive\Documents\UBC 2nd Year\ELEC291\gcc-arm-none-eabi-10.3-2021.10\arm-none-eabi\lib\thumb\v6-m\nofp\libc_nano.a(lib_a-findfp.o)
                0x08003418                __sfp
 .text.__fp_lock_all
                0x080034a8       0x1c C:\Users\rikta\OneDrive\Documents\UBC 2nd Year\ELEC291\gcc-arm-none-eabi-10.3-2021.10\arm-none-eabi\lib\thumb\v6-m\nofp\libc_nano.a(lib_a-findfp.o)
                0x080034a8                __fp_lock_all
 .text.__fp_unlock_all
                0x080034c4       0x1c C:\Users\rikta\OneDrive\Documents\UBC 2nd Year\ELEC291\gcc-arm-none-eabi-10.3-2021.10\arm-none-eabi\lib\thumb\v6-m\nofp\libc_nano.a(lib_a-findfp.o)
                0x080034c4                __fp_unlock_all
 .text          0x080034e0        0x0 C:\Users\rikta\OneDrive\Documents\UBC 2nd Year\ELEC291\gcc-arm-none-eabi-10.3-2021.10\arm-none-eabi\lib\thumb\v6-m\nofp\libc_nano.a(lib_a-fwalk.o)
 .text._fwalk   0x080034e0       0x36 C:\Users\rikta\OneDrive\Documents\UBC 2nd Year\ELEC291\gcc-arm-none-eabi-10.3-2021.10\arm-none-eabi\lib\thumb\v6-m\nofp\libc_nano.a(lib_a-fwalk.o)
                0x080034e0                _fwalk
 .text._fwalk_reent
                0x08003516       0x40 C:\Users\rikta\OneDrive\Documents\UBC 2nd Year\ELEC291\gcc-arm-none-eabi-10.3-2021.10\arm-none-eabi\lib\thumb\v6-m\nofp\libc_nano.a(lib_a-fwalk.o)
                0x08003516                _fwalk_reent
 .text          0x08003556        0x0 C:\Users\rikta\OneDrive\Documents\UBC 2nd Year\ELEC291\gcc-arm-none-eabi-10.3-2021.10\arm-none-eabi\lib\thumb\v6-m\nofp\libc_nano.a(lib_a-impure.o)
 .text          0x08003556        0x0 C:\Users\rikta\OneDrive\Documents\UBC 2nd Year\ELEC291\gcc-arm-none-eabi-10.3-2021.10\arm-none-eabi\lib\thumb\v6-m\nofp\libc_nano.a(lib_a-lock.o)
 .text.__retarget_lock_init
                0x08003556        0x2 C:\Users\rikta\OneDrive\Documents\UBC 2nd Year\ELEC291\gcc-arm-none-eabi-10.3-2021.10\arm-none-eabi\lib\thumb\v6-m\nofp\libc_nano.a(lib_a-lock.o)
                0x08003556                __retarget_lock_init
 .text.__retarget_lock_init_recursive
                0x08003558        0x2 C:\Users\rikta\OneDrive\Documents\UBC 2nd Year\ELEC291\gcc-arm-none-eabi-10.3-2021.10\arm-none-eabi\lib\thumb\v6-m\nofp\libc_nano.a(lib_a-lock.o)
                0x08003558                __retarget_lock_init_recursive
 .text.__retarget_lock_close
                0x0800355a        0x2 C:\Users\rikta\OneDrive\Documents\UBC 2nd Year\ELEC291\gcc-arm-none-eabi-10.3-2021.10\arm-none-eabi\lib\thumb\v6-m\nofp\libc_nano.a(lib_a-lock.o)
                0x0800355a                __retarget_lock_close
 .text.__retarget_lock_close_recursive
                0x0800355c        0x2 C:\Users\rikta\OneDrive\Documents\UBC 2nd Year\ELEC291\gcc-arm-none-eabi-10.3-2021.10\arm-none-eabi\lib\thumb\v6-m\nofp\libc_nano.a(lib_a-lock.o)
                0x0800355c                __retarget_lock_close_recursive
 .text.__retarget_lock_acquire
                0x0800355e        0x2 C:\Users\rikta\OneDrive\Documents\UBC 2nd Year\ELEC291\gcc-arm-none-eabi-10.3-2021.10\arm-none-eabi\lib\thumb\v6-m\nofp\libc_nano.a(lib_a-lock.o)
                0x0800355e                __retarget_lock_acquire
 .text.__retarget_lock_acquire_recursive
                0x08003560        0x2 C:\Users\rikta\OneDrive\Documents\UBC 2nd Year\ELEC291\gcc-arm-none-eabi-10.3-2021.10\arm-none-eabi\lib\thumb\v6-m\nofp\libc_nano.a(lib_a-lock.o)
                0x08003560                __retarget_lock_acquire_recursive
 .text.__retarget_lock_try_acquire
                0x08003562        0x4 C:\Users\rikta\OneDrive\Documents\UBC 2nd Year\ELEC291\gcc-arm-none-eabi-10.3-2021.10\arm-none-eabi\lib\thumb\v6-m\nofp\libc_nano.a(lib_a-lock.o)
                0x08003562                __retarget_lock_try_acquire
 .text.__retarget_lock_try_acquire_recursive
                0x08003566        0x4 C:\Users\rikta\OneDrive\Documents\UBC 2nd Year\ELEC291\gcc-arm-none-eabi-10.3-2021.10\arm-none-eabi\lib\thumb\v6-m\nofp\libc_nano.a(lib_a-lock.o)
                0x08003566                __retarget_lock_try_acquire_recursive
 .text.__retarget_lock_release
                0x0800356a        0x2 C:\Users\rikta\OneDrive\Documents\UBC 2nd Year\ELEC291\gcc-arm-none-eabi-10.3-2021.10\arm-none-eabi\lib\thumb\v6-m\nofp\libc_nano.a(lib_a-lock.o)
                0x0800356a                __retarget_lock_release
 .text.__retarget_lock_release_recursive
                0x0800356c        0x2 C:\Users\rikta\OneDrive\Documents\UBC 2nd Year\ELEC291\gcc-arm-none-eabi-10.3-2021.10\arm-none-eabi\lib\thumb\v6-m\nofp\libc_nano.a(lib_a-lock.o)
                0x0800356c                __retarget_lock_release_recursive
 .text          0x0800356e        0x0 C:\Users\rikta\OneDrive\Documents\UBC 2nd Year\ELEC291\gcc-arm-none-eabi-10.3-2021.10\arm-none-eabi\lib\thumb\v6-m\nofp\libc_nano.a(lib_a-makebuf.o)
 *fill*         0x0800356e        0x2 
 .text.__swhatbuf_r
                0x08003570       0x50 C:\Users\rikta\OneDrive\Documents\UBC 2nd Year\ELEC291\gcc-arm-none-eabi-10.3-2021.10\arm-none-eabi\lib\thumb\v6-m\nofp\libc_nano.a(lib_a-makebuf.o)
                0x08003570                __swhatbuf_r
 .text.__smakebuf_r
                0x080035c0       0x88 C:\Users\rikta\OneDrive\Documents\UBC 2nd Year\ELEC291\gcc-arm-none-eabi-10.3-2021.10\arm-none-eabi\lib\thumb\v6-m\nofp\libc_nano.a(lib_a-makebuf.o)
                0x080035c0                __smakebuf_r
 .text          0x08003648        0x0 C:\Users\rikta\OneDrive\Documents\UBC 2nd Year\ELEC291\gcc-arm-none-eabi-10.3-2021.10\arm-none-eabi\lib\thumb\v6-m\nofp\libc_nano.a(lib_a-memset.o)
 .text.memset   0x08003648       0x10 C:\Users\rikta\OneDrive\Documents\UBC 2nd Year\ELEC291\gcc-arm-none-eabi-10.3-2021.10\arm-none-eabi\lib\thumb\v6-m\nofp\libc_nano.a(lib_a-memset.o)
                0x08003648                memset
 .text          0x08003658        0x0 C:\Users\rikta\OneDrive\Documents\UBC 2nd Year\ELEC291\gcc-arm-none-eabi-10.3-2021.10\arm-none-eabi\lib\thumb\v6-m\nofp\libc_nano.a(lib_a-nano-freer.o)
 .text._free_r  0x08003658       0x94 C:\Users\rikta\OneDrive\Documents\UBC 2nd Year\ELEC291\gcc-arm-none-eabi-10.3-2021.10\arm-none-eabi\lib\thumb\v6-m\nofp\libc_nano.a(lib_a-nano-freer.o)
                0x08003658                _free_r
 .text          0x080036ec        0x0 C:\Users\rikta\OneDrive\Documents\UBC 2nd Year\ELEC291\gcc-arm-none-eabi-10.3-2021.10\arm-none-eabi\lib\thumb\v6-m\nofp\libc_nano.a(lib_a-nano-mallocr.o)
 .text.sbrk_aligned
                0x080036ec       0x44 C:\Users\rikta\OneDrive\Documents\UBC 2nd Year\ELEC291\gcc-arm-none-eabi-10.3-2021.10\arm-none-eabi\lib\thumb\v6-m\nofp\libc_nano.a(lib_a-nano-mallocr.o)
 .text._malloc_r
                0x08003730       0xec C:\Users\rikta\OneDrive\Documents\UBC 2nd Year\ELEC291\gcc-arm-none-eabi-10.3-2021.10\arm-none-eabi\lib\thumb\v6-m\nofp\libc_nano.a(lib_a-nano-mallocr.o)
                0x08003730                _malloc_r
 .text          0x0800381c        0x0 C:\Users\rikta\OneDrive\Documents\UBC 2nd Year\ELEC291\gcc-arm-none-eabi-10.3-2021.10\arm-none-eabi\lib\thumb\v6-m\nofp\libc_nano.a(lib_a-nano-vfprintf.o)
 .text.__sfputc_r
                0x0800381c       0x2a C:\Users\rikta\OneDrive\Documents\UBC 2nd Year\ELEC291\gcc-arm-none-eabi-10.3-2021.10\arm-none-eabi\lib\thumb\v6-m\nofp\libc_nano.a(lib_a-nano-vfprintf.o)
 .text.__sfputs_r
                0x08003846       0x24 C:\Users\rikta\OneDrive\Documents\UBC 2nd Year\ELEC291\gcc-arm-none-eabi-10.3-2021.10\arm-none-eabi\lib\thumb\v6-m\nofp\libc_nano.a(lib_a-nano-vfprintf.o)
                0x08003846                __sfputs_r
 .text.__sprint_r
                0x0800386a       0x1c C:\Users\rikta\OneDrive\Documents\UBC 2nd Year\ELEC291\gcc-arm-none-eabi-10.3-2021.10\arm-none-eabi\lib\thumb\v6-m\nofp\libc_nano.a(lib_a-nano-vfprintf.o)
                0x0800386a                __sprint_r
 *fill*         0x08003886        0x2 
 .text._vfprintf_r
                0x08003888      0x274 C:\Users\rikta\OneDrive\Documents\UBC 2nd Year\ELEC291\gcc-arm-none-eabi-10.3-2021.10\arm-none-eabi\lib\thumb\v6-m\nofp\libc_nano.a(lib_a-nano-vfprintf.o)
                0x08003888                _vfprintf_r
                0x08003888                _vfiprintf_r
 .text.vfprintf
                0x08003afc       0x18 C:\Users\rikta\OneDrive\Documents\UBC 2nd Year\ELEC291\gcc-arm-none-eabi-10.3-2021.10\arm-none-eabi\lib\thumb\v6-m\nofp\libc_nano.a(lib_a-nano-vfprintf.o)
                0x08003afc                vfprintf
                0x08003afc                vfiprintf
 .text          0x08003b14        0x0 C:\Users\rikta\OneDrive\Documents\UBC 2nd Year\ELEC291\gcc-arm-none-eabi-10.3-2021.10\arm-none-eabi\lib\thumb\v6-m\nofp\libc_nano.a(lib_a-nano-vfprintf_i.o)
 .text._printf_common
                0x08003b14       0xde C:\Users\rikta\OneDrive\Documents\UBC 2nd Year\ELEC291\gcc-arm-none-eabi-10.3-2021.10\arm-none-eabi\lib\thumb\v6-m\nofp\libc_nano.a(lib_a-nano-vfprintf_i.o)
                0x08003b14                _printf_common
 *fill*         0x08003bf2        0x2 
 .text._printf_i
                0x08003bf4      0x224 C:\Users\rikta\OneDrive\Documents\UBC 2nd Year\ELEC291\gcc-arm-none-eabi-10.3-2021.10\arm-none-eabi\lib\thumb\v6-m\nofp\libc_nano.a(lib_a-nano-vfprintf_i.o)
                0x08003bf4                _printf_i
 .text          0x08003e18        0x0 C:\Users\rikta\OneDrive\Documents\UBC 2nd Year\ELEC291\gcc-arm-none-eabi-10.3-2021.10\arm-none-eabi\lib\thumb\v6-m\nofp\libc_nano.a(lib_a-sbrkr.o)
 .text._sbrk_r  0x08003e18       0x24 C:\Users\rikta\OneDrive\Documents\UBC 2nd Year\ELEC291\gcc-arm-none-eabi-10.3-2021.10\arm-none-eabi\lib\thumb\v6-m\nofp\libc_nano.a(lib_a-sbrkr.o)
                0x08003e18                _sbrk_r
 .text          0x08003e3c        0x0 C:\Users\rikta\OneDrive\Documents\UBC 2nd Year\ELEC291\gcc-arm-none-eabi-10.3-2021.10\arm-none-eabi\lib\thumb\v6-m\nofp\libc_nano.a(lib_a-stdio.o)
 .text.__sread  0x08003e3c       0x28 C:\Users\rikta\OneDrive\Documents\UBC 2nd Year\ELEC291\gcc-arm-none-eabi-10.3-2021.10\arm-none-eabi\lib\thumb\v6-m\nofp\libc_nano.a(lib_a-stdio.o)
                0x08003e3c                __sread
 .text.__seofread
                0x08003e64        0x4 C:\Users\rikta\OneDrive\Documents\UBC 2nd Year\ELEC291\gcc-arm-none-eabi-10.3-2021.10\arm-none-eabi\lib\thumb\v6-m\nofp\libc_nano.a(lib_a-stdio.o)
                0x08003e64                __seofread
 .text.__swrite
                0x08003e68       0x38 C:\Users\rikta\OneDrive\Documents\UBC 2nd Year\ELEC291\gcc-arm-none-eabi-10.3-2021.10\arm-none-eabi\lib\thumb\v6-m\nofp\libc_nano.a(lib_a-stdio.o)
                0x08003e68                __swrite
 .text.__sseek  0x08003ea0       0x2c C:\Users\rikta\OneDrive\Documents\UBC 2nd Year\ELEC291\gcc-arm-none-eabi-10.3-2021.10\arm-none-eabi\lib\thumb\v6-m\nofp\libc_nano.a(lib_a-stdio.o)
                0x08003ea0                __sseek
 .text.__sclose
                0x08003ecc        0xc C:\Users\rikta\OneDrive\Documents\UBC 2nd Year\ELEC291\gcc-arm-none-eabi-10.3-2021.10\arm-none-eabi\lib\thumb\v6-m\nofp\libc_nano.a(lib_a-stdio.o)
                0x08003ecc                __sclose
 .text          0x08003ed8        0x0 C:\Users\rikta\OneDrive\Documents\UBC 2nd Year\ELEC291\gcc-arm-none-eabi-10.3-2021.10\arm-none-eabi\lib\thumb\v6-m\nofp\libc_nano.a(lib_a-writer.o)
 .text._write_r
                0x08003ed8       0x28 C:\Users\rikta\OneDrive\Documents\UBC 2nd Year\ELEC291\gcc-arm-none-eabi-10.3-2021.10\arm-none-eabi\lib\thumb\v6-m\nofp\libc_nano.a(lib_a-writer.o)
                0x08003ed8                _write_r
 .text          0x08003f00        0x0 C:\Users\rikta\OneDrive\Documents\UBC 2nd Year\ELEC291\gcc-arm-none-eabi-10.3-2021.10\arm-none-eabi\lib\thumb\v6-m\nofp\libc_nano.a(lib_a-closer.o)
 .text._close_r
                0x08003f00       0x24 C:\Users\rikta\OneDrive\Documents\UBC 2nd Year\ELEC291\gcc-arm-none-eabi-10.3-2021.10\arm-none-eabi\lib\thumb\v6-m\nofp\libc_nano.a(lib_a-closer.o)
                0x08003f00                _close_r
 .text          0x08003f24        0x0 C:\Users\rikta\OneDrive\Documents\UBC 2nd Year\ELEC291\gcc-arm-none-eabi-10.3-2021.10\arm-none-eabi\lib\thumb\v6-m\nofp\libc_nano.a(lib_a-fstatr.o)
 .text._fstat_r
                0x08003f24       0x24 C:\Users\rikta\OneDrive\Documents\UBC 2nd Year\ELEC291\gcc-arm-none-eabi-10.3-2021.10\arm-none-eabi\lib\thumb\v6-m\nofp\libc_nano.a(lib_a-fstatr.o)
                0x08003f24                _fstat_r
 .text          0x08003f48        0x0 C:\Users\rikta\OneDrive\Documents\UBC 2nd Year\ELEC291\gcc-arm-none-eabi-10.3-2021.10\arm-none-eabi\lib\thumb\v6-m\nofp\libc_nano.a(lib_a-fvwrite.o)
 .text.__sfvwrite_r
                0x08003f48      0x2d0 C:\Users\rikta\OneDrive\Documents\UBC 2nd Year\ELEC291\gcc-arm-none-eabi-10.3-2021.10\arm-none-eabi\lib\thumb\v6-m\nofp\libc_nano.a(lib_a-fvwrite.o)
                0x08003f48                __sfvwrite_r
 .text          0x08004218        0x0 C:\Users\rikta\OneDrive\Documents\UBC 2nd Year\ELEC291\gcc-arm-none-eabi-10.3-2021.10\arm-none-eabi\lib\thumb\v6-m\nofp\libc_nano.a(lib_a-isattyr.o)
 .text._isatty_r
                0x08004218       0x24 C:\Users\rikta\OneDrive\Documents\UBC 2nd Year\ELEC291\gcc-arm-none-eabi-10.3-2021.10\arm-none-eabi\lib\thumb\v6-m\nofp\libc_nano.a(lib_a-isattyr.o)
                0x08004218                _isatty_r
 .text          0x0800423c        0x0 C:\Users\rikta\OneDrive\Documents\UBC 2nd Year\ELEC291\gcc-arm-none-eabi-10.3-2021.10\arm-none-eabi\lib\thumb\v6-m\nofp\libc_nano.a(lib_a-lseekr.o)
 .text._lseek_r
                0x0800423c       0x28 C:\Users\rikta\OneDrive\Documents\UBC 2nd Year\ELEC291\gcc-arm-none-eabi-10.3-2021.10\arm-none-eabi\lib\thumb\v6-m\nofp\libc_nano.a(lib_a-lseekr.o)
                0x0800423c                _lseek_r
 .text          0x08004264        0x0 C:\Users\rikta\OneDrive\Documents\UBC 2nd Year\ELEC291\gcc-arm-none-eabi-10.3-2021.10\arm-none-eabi\lib\thumb\v6-m\nofp\libc_nano.a(lib_a-memchr-stub.o)
 .text.memchr   0x08004264       0x16 C:\Users\rikta\OneDrive\Documents\UBC 2nd Year\ELEC291\gcc-arm-none-eabi-10.3-2021.10\arm-none-eabi\lib\thumb\v6-m\nofp\libc_nano.a(lib_a-memchr-stub.o)
                0x08004264                memchr
 .text          0x0800427a        0x0 C:\Users\rikta\OneDrive\Documents\UBC 2nd Year\ELEC291\gcc-arm-none-eabi-10.3-2021.10\arm-none-eabi\lib\thumb\v6-m\nofp\libc_nano.a(lib_a-memcpy-stub.o)
 .text.memcpy   0x0800427a       0x12 C:\Users\rikta\OneDrive\Documents\UBC 2nd Year\ELEC291\gcc-arm-none-eabi-10.3-2021.10\arm-none-eabi\lib\thumb\v6-m\nofp\libc_nano.a(lib_a-memcpy-stub.o)
                0x0800427a                memcpy
 .text          0x0800428c        0x0 C:\Users\rikta\OneDrive\Documents\UBC 2nd Year\ELEC291\gcc-arm-none-eabi-10.3-2021.10\arm-none-eabi\lib\thumb\v6-m\nofp\libc_nano.a(lib_a-memmove.o)
 .text.memmove  0x0800428c       0x26 C:\Users\rikta\OneDrive\Documents\UBC 2nd Year\ELEC291\gcc-arm-none-eabi-10.3-2021.10\arm-none-eabi\lib\thumb\v6-m\nofp\libc_nano.a(lib_a-memmove.o)
                0x0800428c                memmove
 .text          0x080042b2        0x0 C:\Users\rikta\OneDrive\Documents\UBC 2nd Year\ELEC291\gcc-arm-none-eabi-10.3-2021.10\arm-none-eabi\lib\thumb\v6-m\nofp\libc_nano.a(lib_a-mlock.o)
 *fill*         0x080042b2        0x2 
 .text.__malloc_lock
                0x080042b4       0x10 C:\Users\rikta\OneDrive\Documents\UBC 2nd Year\ELEC291\gcc-arm-none-eabi-10.3-2021.10\arm-none-eabi\lib\thumb\v6-m\nofp\libc_nano.a(lib_a-mlock.o)
                0x080042b4                __malloc_lock
 .text.__malloc_unlock
                0x080042c4       0x10 C:\Users\rikta\OneDrive\Documents\UBC 2nd Year\ELEC291\gcc-arm-none-eabi-10.3-2021.10\arm-none-eabi\lib\thumb\v6-m\nofp\libc_nano.a(lib_a-mlock.o)
                0x080042c4                __malloc_unlock
 .text          0x080042d4        0x0 C:\Users\rikta\OneDrive\Documents\UBC 2nd Year\ELEC291\gcc-arm-none-eabi-10.3-2021.10\arm-none-eabi\lib\thumb\v6-m\nofp\libc_nano.a(lib_a-nano-reallocr.o)
 .text._realloc_r
                0x080042d4       0x5e C:\Users\rikta\OneDrive\Documents\UBC 2nd Year\ELEC291\gcc-arm-none-eabi-10.3-2021.10\arm-none-eabi\lib\thumb\v6-m\nofp\libc_nano.a(lib_a-nano-reallocr.o)
                0x080042d4                _realloc_r
 .text          0x08004332        0x0 C:\Users\rikta\OneDrive\Documents\UBC 2nd Year\ELEC291\gcc-arm-none-eabi-10.3-2021.10\arm-none-eabi\lib\thumb\v6-m\nofp\libc_nano.a(lib_a-readr.o)
 *fill*         0x08004332        0x2 
 .text._read_r  0x08004334       0x28 C:\Users\rikta\OneDrive\Documents\UBC 2nd Year\ELEC291\gcc-arm-none-eabi-10.3-2021.10\arm-none-eabi\lib\thumb\v6-m\nofp\libc_nano.a(lib_a-readr.o)
                0x08004334                _read_r
 .text          0x0800435c        0x0 C:\Users\rikta\OneDrive\Documents\UBC 2nd Year\ELEC291\gcc-arm-none-eabi-10.3-2021.10\arm-none-eabi\lib\thumb\v6-m\nofp\libc_nano.a(lib_a-nano-msizer.o)
 .text._malloc_usable_size_r
                0x0800435c       0x10 C:\Users\rikta\OneDrive\Documents\UBC 2nd Year\ELEC291\gcc-arm-none-eabi-10.3-2021.10\arm-none-eabi\lib\thumb\v6-m\nofp\libc_nano.a(lib_a-nano-msizer.o)
                0x0800435c                _malloc_usable_size_r
 .text          0x0800436c       0x14 C:\Users\rikta\OneDrive\Documents\UBC 2nd Year\ELEC291\gcc-arm-none-eabi-10.3-2021.10\lib\gcc\arm-none-eabi\10.3.1\thumb\v6-m\nofp\libgcc.a(_thumb1_case_shi.o)
                0x0800436c                __gnu_thumb1_case_shi
 .text          0x08004380      0x114 C:\Users\rikta\OneDrive\Documents\UBC 2nd Year\ELEC291\gcc-arm-none-eabi-10.3-2021.10\lib\gcc\arm-none-eabi\10.3.1\thumb\v6-m\nofp\libgcc.a(_udivsi3.o)
                0x08004380                __aeabi_uidiv
                0x08004380                __udivsi3
                0x0800448c                __aeabi_uidivmod
 *(.rodata*)
 .rodata        0x08004494      0x13a main.o
 *fill*         0x080045ce        0x2 
 .rodata        0x080045d0       0x7c startup.o
 .rodata        0x0800464c       0x40 C:\Users\rikta\OneDrive\Documents\UBC 2nd Year\ELEC291\gcc-arm-none-eabi-10.3-2021.10\lib\gcc\arm-none-eabi\10.3.1\thumb\v6-m\nofp\libgcc.a(muldf3.o)
 .rodata._ctype_
                0x0800468c      0x101 C:\Users\rikta\OneDrive\Documents\UBC 2nd Year\ELEC291\gcc-arm-none-eabi-10.3-2021.10\arm-none-eabi\lib\thumb\v6-m\nofp\libc_nano.a(lib_a-ctype_.o)
                0x0800468c                _ctype_
 *fill*         0x0800478d        0x3 
 .rodata.__sf_fake_stderr
                0x08004790       0x20 C:\Users\rikta\OneDrive\Documents\UBC 2nd Year\ELEC291\gcc-arm-none-eabi-10.3-2021.10\arm-none-eabi\lib\thumb\v6-m\nofp\libc_nano.a(lib_a-findfp.o)
                0x08004790                __sf_fake_stderr
 .rodata.__sf_fake_stdin
                0x080047b0       0x20 C:\Users\rikta\OneDrive\Documents\UBC 2nd Year\ELEC291\gcc-arm-none-eabi-10.3-2021.10\arm-none-eabi\lib\thumb\v6-m\nofp\libc_nano.a(lib_a-findfp.o)
                0x080047b0                __sf_fake_stdin
 .rodata.__sf_fake_stdout
                0x080047d0       0x20 C:\Users\rikta\OneDrive\Documents\UBC 2nd Year\ELEC291\gcc-arm-none-eabi-10.3-2021.10\arm-none-eabi\lib\thumb\v6-m\nofp\libc_nano.a(lib_a-findfp.o)
                0x080047d0                __sf_fake_stdout
 .rodata._global_impure_ptr
                0x080047f0        0x4 C:\Users\rikta\OneDrive\Documents\UBC 2nd Year\ELEC291\gcc-arm-none-eabi-10.3-2021.10\arm-none-eabi\lib\thumb\v6-m\nofp\libc_nano.a(lib_a-impure.o)
                0x080047f0                _global_impure_ptr
 .rodata._vfprintf_r.str1.1
                0x080047f4       0x11 C:\Users\rikta\OneDrive\Documents\UBC 2nd Year\ELEC291\gcc-arm-none-eabi-10.3-2021.10\arm-none-eabi\lib\thumb\v6-m\nofp\libc_nano.a(lib_a-nano-vfprintf.o)
 .rodata._printf_i.str1.1
                0x08004805       0x22 C:\Users\rikta\OneDrive\Documents\UBC 2nd Year\ELEC291\gcc-arm-none-eabi-10.3-2021.10\arm-none-eabi\lib\thumb\v6-m\nofp\libc_nano.a(lib_a-nano-vfprintf_i.o)
                0x08004828                . = ALIGN (0x4)
 *fill*         0x08004827        0x1 
                0x08004828                PROVIDE (__init_array_start = .)
 *(SORT_BY_NAME(.init_array.*))
 *(.init_array)
                0x08004828                PROVIDE (__init_array_end = .)
                0x08004828                . = ALIGN (0x4)
                0x08004828                _etext = .

.glue_7         0x08004828        0x0
 .glue_7        0x08004828        0x0 linker stubs

.glue_7t        0x08004828        0x0
 .glue_7t       0x08004828        0x0 linker stubs

.vfp11_veneer   0x08004828        0x0
 .vfp11_veneer  0x08004828        0x0 linker stubs

.v4_bx          0x08004828        0x0
 .v4_bx         0x08004828        0x0 linker stubs

.iplt           0x08004828        0x0
 .iplt          0x08004828        0x0 main.o

.rel.dyn        0x08004828        0x0
 .rel.iplt      0x08004828        0x0 main.o

.data           0x20000000       0x68 load address 0x08004828
                0x20000000                . = ALIGN (0x4)
                0x20000000                _data = .
 *(.data*)
 .data          0x20000000        0x0 main.o
 .data          0x20000000        0x0 serial.o
 .data          0x20000000        0x0 UART2.o
 .data          0x20000000        0x0 startup.o
 .data          0x20000000        0x4 newlib_stubs.o
                0x20000000                environ
 .data          0x20000004        0x0 C:\Users\rikta\OneDrive\Documents\UBC 2nd Year\ELEC291\gcc-arm-none-eabi-10.3-2021.10\arm-none-eabi\lib\thumb\v6-m\nofp\libnosys.a(errno.o)
 .data          0x20000004        0x0 C:\Users\rikta\OneDrive\Documents\UBC 2nd Year\ELEC291\gcc-arm-none-eabi-10.3-2021.10\lib\gcc\arm-none-eabi\10.3.1\thumb\v6-m\nofp\libgcc.a(_divsi3.o)
 .data          0x20000004        0x0 C:\Users\rikta\OneDrive\Documents\UBC 2nd Year\ELEC291\gcc-arm-none-eabi-10.3-2021.10\lib\gcc\arm-none-eabi\10.3.1\thumb\v6-m\nofp\libgcc.a(_dvmd_tls.o)
 .data          0x20000004        0x0 C:\Users\rikta\OneDrive\Documents\UBC 2nd Year\ELEC291\gcc-arm-none-eabi-10.3-2021.10\lib\gcc\arm-none-eabi\10.3.1\thumb\v6-m\nofp\libgcc.a(muldf3.o)
 .data          0x20000004        0x0 C:\Users\rikta\OneDrive\Documents\UBC 2nd Year\ELEC291\gcc-arm-none-eabi-10.3-2021.10\lib\gcc\arm-none-eabi\10.3.1\thumb\v6-m\nofp\libgcc.a(fixdfsi.o)
 .data          0x20000004        0x0 C:\Users\rikta\OneDrive\Documents\UBC 2nd Year\ELEC291\gcc-arm-none-eabi-10.3-2021.10\lib\gcc\arm-none-eabi\10.3.1\thumb\v6-m\nofp\libgcc.a(floatsidf.o)
 .data          0x20000004        0x0 C:\Users\rikta\OneDrive\Documents\UBC 2nd Year\ELEC291\gcc-arm-none-eabi-10.3-2021.10\lib\gcc\arm-none-eabi\10.3.1\thumb\v6-m\nofp\libgcc.a(_clzsi2.o)
 .data          0x20000004        0x0 C:\Users\rikta\OneDrive\Documents\UBC 2nd Year\ELEC291\gcc-arm-none-eabi-10.3-2021.10\arm-none-eabi\lib\thumb\v6-m\nofp\libc_nano.a(lib_a-atoi.o)
 .data          0x20000004        0x0 C:\Users\rikta\OneDrive\Documents\UBC 2nd Year\ELEC291\gcc-arm-none-eabi-10.3-2021.10\arm-none-eabi\lib\thumb\v6-m\nofp\libc_nano.a(lib_a-printf.o)
 .data          0x20000004        0x0 C:\Users\rikta\OneDrive\Documents\UBC 2nd Year\ELEC291\gcc-arm-none-eabi-10.3-2021.10\arm-none-eabi\lib\thumb\v6-m\nofp\libc_nano.a(lib_a-puts.o)
 .data          0x20000004        0x0 C:\Users\rikta\OneDrive\Documents\UBC 2nd Year\ELEC291\gcc-arm-none-eabi-10.3-2021.10\arm-none-eabi\lib\thumb\v6-m\nofp\libc_nano.a(lib_a-strcmp.o)
 .data          0x20000004        0x0 C:\Users\rikta\OneDrive\Documents\UBC 2nd Year\ELEC291\gcc-arm-none-eabi-10.3-2021.10\arm-none-eabi\lib\thumb\v6-m\nofp\libc_nano.a(lib_a-strlen.o)
 .data          0x20000004        0x0 C:\Users\rikta\OneDrive\Documents\UBC 2nd Year\ELEC291\gcc-arm-none-eabi-10.3-2021.10\arm-none-eabi\lib\thumb\v6-m\nofp\libc_nano.a(lib_a-strtol.o)
 .data          0x20000004        0x0 C:\Users\rikta\OneDrive\Documents\UBC 2nd Year\ELEC291\gcc-arm-none-eabi-10.3-2021.10\arm-none-eabi\lib\thumb\v6-m\nofp\libc_nano.a(lib_a-wbuf.o)
 .data          0x20000004        0x0 C:\Users\rikta\OneDrive\Documents\UBC 2nd Year\ELEC291\gcc-arm-none-eabi-10.3-2021.10\arm-none-eabi\lib\thumb\v6-m\nofp\libc_nano.a(lib_a-wsetup.o)
 .data          0x20000004        0x0 C:\Users\rikta\OneDrive\Documents\UBC 2nd Year\ELEC291\gcc-arm-none-eabi-10.3-2021.10\arm-none-eabi\lib\thumb\v6-m\nofp\libc_nano.a(lib_a-ctype_.o)
 .data          0x20000004        0x0 C:\Users\rikta\OneDrive\Documents\UBC 2nd Year\ELEC291\gcc-arm-none-eabi-10.3-2021.10\arm-none-eabi\lib\thumb\v6-m\nofp\libc_nano.a(lib_a-errno.o)
 .data          0x20000004        0x0 C:\Users\rikta\OneDrive\Documents\UBC 2nd Year\ELEC291\gcc-arm-none-eabi-10.3-2021.10\arm-none-eabi\lib\thumb\v6-m\nofp\libc_nano.a(lib_a-fflush.o)
 .data          0x20000004        0x0 C:\Users\rikta\OneDrive\Documents\UBC 2nd Year\ELEC291\gcc-arm-none-eabi-10.3-2021.10\arm-none-eabi\lib\thumb\v6-m\nofp\libc_nano.a(lib_a-findfp.o)
 .data          0x20000004        0x0 C:\Users\rikta\OneDrive\Documents\UBC 2nd Year\ELEC291\gcc-arm-none-eabi-10.3-2021.10\arm-none-eabi\lib\thumb\v6-m\nofp\libc_nano.a(lib_a-fwalk.o)
 .data          0x20000004        0x0 C:\Users\rikta\OneDrive\Documents\UBC 2nd Year\ELEC291\gcc-arm-none-eabi-10.3-2021.10\arm-none-eabi\lib\thumb\v6-m\nofp\libc_nano.a(lib_a-impure.o)
 .data._impure_ptr
                0x20000004        0x4 C:\Users\rikta\OneDrive\Documents\UBC 2nd Year\ELEC291\gcc-arm-none-eabi-10.3-2021.10\arm-none-eabi\lib\thumb\v6-m\nofp\libc_nano.a(lib_a-impure.o)
                0x20000004                _impure_ptr
 .data.impure_data
                0x20000008       0x60 C:\Users\rikta\OneDrive\Documents\UBC 2nd Year\ELEC291\gcc-arm-none-eabi-10.3-2021.10\arm-none-eabi\lib\thumb\v6-m\nofp\libc_nano.a(lib_a-impure.o)
 .data          0x20000068        0x0 C:\Users\rikta\OneDrive\Documents\UBC 2nd Year\ELEC291\gcc-arm-none-eabi-10.3-2021.10\arm-none-eabi\lib\thumb\v6-m\nofp\libc_nano.a(lib_a-lock.o)
 .data          0x20000068        0x0 C:\Users\rikta\OneDrive\Documents\UBC 2nd Year\ELEC291\gcc-arm-none-eabi-10.3-2021.10\arm-none-eabi\lib\thumb\v6-m\nofp\libc_nano.a(lib_a-makebuf.o)
 .data          0x20000068        0x0 C:\Users\rikta\OneDrive\Documents\UBC 2nd Year\ELEC291\gcc-arm-none-eabi-10.3-2021.10\arm-none-eabi\lib\thumb\v6-m\nofp\libc_nano.a(lib_a-memset.o)
 .data          0x20000068        0x0 C:\Users\rikta\OneDrive\Documents\UBC 2nd Year\ELEC291\gcc-arm-none-eabi-10.3-2021.10\arm-none-eabi\lib\thumb\v6-m\nofp\libc_nano.a(lib_a-nano-freer.o)
 .data          0x20000068        0x0 C:\Users\rikta\OneDrive\Documents\UBC 2nd Year\ELEC291\gcc-arm-none-eabi-10.3-2021.10\arm-none-eabi\lib\thumb\v6-m\nofp\libc_nano.a(lib_a-nano-mallocr.o)
 .data          0x20000068        0x0 C:\Users\rikta\OneDrive\Documents\UBC 2nd Year\ELEC291\gcc-arm-none-eabi-10.3-2021.10\arm-none-eabi\lib\thumb\v6-m\nofp\libc_nano.a(lib_a-nano-vfprintf.o)
 .data          0x20000068        0x0 C:\Users\rikta\OneDrive\Documents\UBC 2nd Year\ELEC291\gcc-arm-none-eabi-10.3-2021.10\arm-none-eabi\lib\thumb\v6-m\nofp\libc_nano.a(lib_a-nano-vfprintf_i.o)
 .data          0x20000068        0x0 C:\Users\rikta\OneDrive\Documents\UBC 2nd Year\ELEC291\gcc-arm-none-eabi-10.3-2021.10\arm-none-eabi\lib\thumb\v6-m\nofp\libc_nano.a(lib_a-sbrkr.o)
 .data          0x20000068        0x0 C:\Users\rikta\OneDrive\Documents\UBC 2nd Year\ELEC291\gcc-arm-none-eabi-10.3-2021.10\arm-none-eabi\lib\thumb\v6-m\nofp\libc_nano.a(lib_a-stdio.o)
 .data          0x20000068        0x0 C:\Users\rikta\OneDrive\Documents\UBC 2nd Year\ELEC291\gcc-arm-none-eabi-10.3-2021.10\arm-none-eabi\lib\thumb\v6-m\nofp\libc_nano.a(lib_a-writer.o)
 .data          0x20000068        0x0 C:\Users\rikta\OneDrive\Documents\UBC 2nd Year\ELEC291\gcc-arm-none-eabi-10.3-2021.10\arm-none-eabi\lib\thumb\v6-m\nofp\libc_nano.a(lib_a-closer.o)
 .data          0x20000068        0x0 C:\Users\rikta\OneDrive\Documents\UBC 2nd Year\ELEC291\gcc-arm-none-eabi-10.3-2021.10\arm-none-eabi\lib\thumb\v6-m\nofp\libc_nano.a(lib_a-fstatr.o)
 .data          0x20000068        0x0 C:\Users\rikta\OneDrive\Documents\UBC 2nd Year\ELEC291\gcc-arm-none-eabi-10.3-2021.10\arm-none-eabi\lib\thumb\v6-m\nofp\libc_nano.a(lib_a-fvwrite.o)
 .data          0x20000068        0x0 C:\Users\rikta\OneDrive\Documents\UBC 2nd Year\ELEC291\gcc-arm-none-eabi-10.3-2021.10\arm-none-eabi\lib\thumb\v6-m\nofp\libc_nano.a(lib_a-isattyr.o)
 .data          0x20000068        0x0 C:\Users\rikta\OneDrive\Documents\UBC 2nd Year\ELEC291\gcc-arm-none-eabi-10.3-2021.10\arm-none-eabi\lib\thumb\v6-m\nofp\libc_nano.a(lib_a-lseekr.o)
 .data          0x20000068        0x0 C:\Users\rikta\OneDrive\Documents\UBC 2nd Year\ELEC291\gcc-arm-none-eabi-10.3-2021.10\arm-none-eabi\lib\thumb\v6-m\nofp\libc_nano.a(lib_a-memchr-stub.o)
 .data          0x20000068        0x0 C:\Users\rikta\OneDrive\Documents\UBC 2nd Year\ELEC291\gcc-arm-none-eabi-10.3-2021.10\arm-none-eabi\lib\thumb\v6-m\nofp\libc_nano.a(lib_a-memcpy-stub.o)
 .data          0x20000068        0x0 C:\Users\rikta\OneDrive\Documents\UBC 2nd Year\ELEC291\gcc-arm-none-eabi-10.3-2021.10\arm-none-eabi\lib\thumb\v6-m\nofp\libc_nano.a(lib_a-memmove.o)
 .data          0x20000068        0x0 C:\Users\rikta\OneDrive\Documents\UBC 2nd Year\ELEC291\gcc-arm-none-eabi-10.3-2021.10\arm-none-eabi\lib\thumb\v6-m\nofp\libc_nano.a(lib_a-mlock.o)
 .data          0x20000068        0x0 C:\Users\rikta\OneDrive\Documents\UBC 2nd Year\ELEC291\gcc-arm-none-eabi-10.3-2021.10\arm-none-eabi\lib\thumb\v6-m\nofp\libc_nano.a(lib_a-nano-reallocr.o)
 .data          0x20000068        0x0 C:\Users\rikta\OneDrive\Documents\UBC 2nd Year\ELEC291\gcc-arm-none-eabi-10.3-2021.10\arm-none-eabi\lib\thumb\v6-m\nofp\libc_nano.a(lib_a-readr.o)
 .data          0x20000068        0x0 C:\Users\rikta\OneDrive\Documents\UBC 2nd Year\ELEC291\gcc-arm-none-eabi-10.3-2021.10\arm-none-eabi\lib\thumb\v6-m\nofp\libc_nano.a(lib_a-nano-msizer.o)
 .data          0x20000068        0x0 C:\Users\rikta\OneDrive\Documents\UBC 2nd Year\ELEC291\gcc-arm-none-eabi-10.3-2021.10\lib\gcc\arm-none-eabi\10.3.1\thumb\v6-m\nofp\libgcc.a(_thumb1_case_shi.o)
 .data          0x20000068        0x0 C:\Users\rikta\OneDrive\Documents\UBC 2nd Year\ELEC291\gcc-arm-none-eabi-10.3-2021.10\lib\gcc\arm-none-eabi\10.3.1\thumb\v6-m\nofp\libgcc.a(_udivsi3.o)
                0x20000068                . = ALIGN (0x4)
                0x20000068                _edata = .

.igot.plt       0x20000068        0x0 load address 0x08004890
 .igot.plt      0x20000068        0x0 main.o

.bss            0x20000068      0x17c load address 0x08004890
                0x20000068                _bss = .
 *(.bss*)
 .bss           0x20000068       0x14 main.o
                0x20000068                PWM_Counter
                0x2000006c                pwm1
                0x20000070                pwm2
                0x20000074                pwm3
                0x20000078                pwm4
 .bss           0x2000007c       0xa4 serial.o
                0x2000007c                ComRXBuffer
                0x200000c8                ComTXBuffer
                0x20000114                ComOpen
                0x20000118                ComError
                0x2000011c                ComBusy
 .bss           0x20000120       0xa4 UART2.o
                0x20000120                ComRXBuffer2
                0x2000016c                ComTXBuffer2
                0x200001b8                ComOpen2
                0x200001bc                ComError2
                0x200001c0                ComBusy2
 .bss           0x200001c4        0x0 startup.o
 .bss           0x200001c4        0x8 newlib_stubs.o
                0x200001c4                __env
 .bss           0x200001cc        0x0 C:\Users\rikta\OneDrive\Documents\UBC 2nd Year\ELEC291\gcc-arm-none-eabi-10.3-2021.10\arm-none-eabi\lib\thumb\v6-m\nofp\libnosys.a(errno.o)
 .bss.errno     0x200001cc        0x4 C:\Users\rikta\OneDrive\Documents\UBC 2nd Year\ELEC291\gcc-arm-none-eabi-10.3-2021.10\arm-none-eabi\lib\thumb\v6-m\nofp\libnosys.a(errno.o)
                0x200001cc                errno
 .bss           0x200001d0        0x0 C:\Users\rikta\OneDrive\Documents\UBC 2nd Year\ELEC291\gcc-arm-none-eabi-10.3-2021.10\lib\gcc\arm-none-eabi\10.3.1\thumb\v6-m\nofp\libgcc.a(_divsi3.o)
 .bss           0x200001d0        0x0 C:\Users\rikta\OneDrive\Documents\UBC 2nd Year\ELEC291\gcc-arm-none-eabi-10.3-2021.10\lib\gcc\arm-none-eabi\10.3.1\thumb\v6-m\nofp\libgcc.a(_dvmd_tls.o)
 .bss           0x200001d0        0x0 C:\Users\rikta\OneDrive\Documents\UBC 2nd Year\ELEC291\gcc-arm-none-eabi-10.3-2021.10\lib\gcc\arm-none-eabi\10.3.1\thumb\v6-m\nofp\libgcc.a(muldf3.o)
 .bss           0x200001d0        0x0 C:\Users\rikta\OneDrive\Documents\UBC 2nd Year\ELEC291\gcc-arm-none-eabi-10.3-2021.10\lib\gcc\arm-none-eabi\10.3.1\thumb\v6-m\nofp\libgcc.a(fixdfsi.o)
 .bss           0x200001d0        0x0 C:\Users\rikta\OneDrive\Documents\UBC 2nd Year\ELEC291\gcc-arm-none-eabi-10.3-2021.10\lib\gcc\arm-none-eabi\10.3.1\thumb\v6-m\nofp\libgcc.a(floatsidf.o)
 .bss           0x200001d0        0x0 C:\Users\rikta\OneDrive\Documents\UBC 2nd Year\ELEC291\gcc-arm-none-eabi-10.3-2021.10\lib\gcc\arm-none-eabi\10.3.1\thumb\v6-m\nofp\libgcc.a(_clzsi2.o)
 .bss           0x200001d0        0x0 C:\Users\rikta\OneDrive\Documents\UBC 2nd Year\ELEC291\gcc-arm-none-eabi-10.3-2021.10\arm-none-eabi\lib\thumb\v6-m\nofp\libc_nano.a(lib_a-atoi.o)
 .bss           0x200001d0        0x0 C:\Users\rikta\OneDrive\Documents\UBC 2nd Year\ELEC291\gcc-arm-none-eabi-10.3-2021.10\arm-none-eabi\lib\thumb\v6-m\nofp\libc_nano.a(lib_a-printf.o)
 .bss           0x200001d0        0x0 C:\Users\rikta\OneDrive\Documents\UBC 2nd Year\ELEC291\gcc-arm-none-eabi-10.3-2021.10\arm-none-eabi\lib\thumb\v6-m\nofp\libc_nano.a(lib_a-puts.o)
 .bss           0x200001d0        0x0 C:\Users\rikta\OneDrive\Documents\UBC 2nd Year\ELEC291\gcc-arm-none-eabi-10.3-2021.10\arm-none-eabi\lib\thumb\v6-m\nofp\libc_nano.a(lib_a-strcmp.o)
 .bss           0x200001d0        0x0 C:\Users\rikta\OneDrive\Documents\UBC 2nd Year\ELEC291\gcc-arm-none-eabi-10.3-2021.10\arm-none-eabi\lib\thumb\v6-m\nofp\libc_nano.a(lib_a-strlen.o)
 .bss           0x200001d0        0x0 C:\Users\rikta\OneDrive\Documents\UBC 2nd Year\ELEC291\gcc-arm-none-eabi-10.3-2021.10\arm-none-eabi\lib\thumb\v6-m\nofp\libc_nano.a(lib_a-strtol.o)
 .bss           0x200001d0        0x0 C:\Users\rikta\OneDrive\Documents\UBC 2nd Year\ELEC291\gcc-arm-none-eabi-10.3-2021.10\arm-none-eabi\lib\thumb\v6-m\nofp\libc_nano.a(lib_a-wbuf.o)
 .bss           0x200001d0        0x0 C:\Users\rikta\OneDrive\Documents\UBC 2nd Year\ELEC291\gcc-arm-none-eabi-10.3-2021.10\arm-none-eabi\lib\thumb\v6-m\nofp\libc_nano.a(lib_a-wsetup.o)
 .bss           0x200001d0        0x0 C:\Users\rikta\OneDrive\Documents\UBC 2nd Year\ELEC291\gcc-arm-none-eabi-10.3-2021.10\arm-none-eabi\lib\thumb\v6-m\nofp\libc_nano.a(lib_a-ctype_.o)
 .bss           0x200001d0        0x0 C:\Users\rikta\OneDrive\Documents\UBC 2nd Year\ELEC291\gcc-arm-none-eabi-10.3-2021.10\arm-none-eabi\lib\thumb\v6-m\nofp\libc_nano.a(lib_a-errno.o)
 .bss           0x200001d0        0x0 C:\Users\rikta\OneDrive\Documents\UBC 2nd Year\ELEC291\gcc-arm-none-eabi-10.3-2021.10\arm-none-eabi\lib\thumb\v6-m\nofp\libc_nano.a(lib_a-fflush.o)
 .bss           0x200001d0        0x0 C:\Users\rikta\OneDrive\Documents\UBC 2nd Year\ELEC291\gcc-arm-none-eabi-10.3-2021.10\arm-none-eabi\lib\thumb\v6-m\nofp\libc_nano.a(lib_a-findfp.o)
 .bss           0x200001d0        0x0 C:\Users\rikta\OneDrive\Documents\UBC 2nd Year\ELEC291\gcc-arm-none-eabi-10.3-2021.10\arm-none-eabi\lib\thumb\v6-m\nofp\libc_nano.a(lib_a-fwalk.o)
 .bss           0x200001d0        0x0 C:\Users\rikta\OneDrive\Documents\UBC 2nd Year\ELEC291\gcc-arm-none-eabi-10.3-2021.10\arm-none-eabi\lib\thumb\v6-m\nofp\libc_nano.a(lib_a-impure.o)
 .bss           0x200001d0        0x0 C:\Users\rikta\OneDrive\Documents\UBC 2nd Year\ELEC291\gcc-arm-none-eabi-10.3-2021.10\arm-none-eabi\lib\thumb\v6-m\nofp\libc_nano.a(lib_a-lock.o)
 .bss.__lock___arc4random_mutex
                0x200001d0        0x1 C:\Users\rikta\OneDrive\Documents\UBC 2nd Year\ELEC291\gcc-arm-none-eabi-10.3-2021.10\arm-none-eabi\lib\thumb\v6-m\nofp\libc_nano.a(lib_a-lock.o)
                0x200001d0                __lock___arc4random_mutex
 .bss.__lock___at_quick_exit_mutex
                0x200001d1        0x1 C:\Users\rikta\OneDrive\Documents\UBC 2nd Year\ELEC291\gcc-arm-none-eabi-10.3-2021.10\arm-none-eabi\lib\thumb\v6-m\nofp\libc_nano.a(lib_a-lock.o)
                0x200001d1                __lock___at_quick_exit_mutex
 .bss.__lock___atexit_recursive_mutex
                0x200001d2        0x1 C:\Users\rikta\OneDrive\Documents\UBC 2nd Year\ELEC291\gcc-arm-none-eabi-10.3-2021.10\arm-none-eabi\lib\thumb\v6-m\nofp\libc_nano.a(lib_a-lock.o)
                0x200001d2                __lock___atexit_recursive_mutex
 .bss.__lock___dd_hash_mutex
                0x200001d3        0x1 C:\Users\rikta\OneDrive\Documents\UBC 2nd Year\ELEC291\gcc-arm-none-eabi-10.3-2021.10\arm-none-eabi\lib\thumb\v6-m\nofp\libc_nano.a(lib_a-lock.o)
                0x200001d3                __lock___dd_hash_mutex
 .bss.__lock___env_recursive_mutex
                0x200001d4        0x1 C:\Users\rikta\OneDrive\Documents\UBC 2nd Year\ELEC291\gcc-arm-none-eabi-10.3-2021.10\arm-none-eabi\lib\thumb\v6-m\nofp\libc_nano.a(lib_a-lock.o)
                0x200001d4                __lock___env_recursive_mutex
 .bss.__lock___malloc_recursive_mutex
                0x200001d5        0x1 C:\Users\rikta\OneDrive\Documents\UBC 2nd Year\ELEC291\gcc-arm-none-eabi-10.3-2021.10\arm-none-eabi\lib\thumb\v6-m\nofp\libc_nano.a(lib_a-lock.o)
                0x200001d5                __lock___malloc_recursive_mutex
 .bss.__lock___sfp_recursive_mutex
                0x200001d6        0x1 C:\Users\rikta\OneDrive\Documents\UBC 2nd Year\ELEC291\gcc-arm-none-eabi-10.3-2021.10\arm-none-eabi\lib\thumb\v6-m\nofp\libc_nano.a(lib_a-lock.o)
                0x200001d6                __lock___sfp_recursive_mutex
 .bss.__lock___sinit_recursive_mutex
                0x200001d7        0x1 C:\Users\rikta\OneDrive\Documents\UBC 2nd Year\ELEC291\gcc-arm-none-eabi-10.3-2021.10\arm-none-eabi\lib\thumb\v6-m\nofp\libc_nano.a(lib_a-lock.o)
                0x200001d7                __lock___sinit_recursive_mutex
 .bss.__lock___tz_mutex
                0x200001d8        0x1 C:\Users\rikta\OneDrive\Documents\UBC 2nd Year\ELEC291\gcc-arm-none-eabi-10.3-2021.10\arm-none-eabi\lib\thumb\v6-m\nofp\libc_nano.a(lib_a-lock.o)
                0x200001d8                __lock___tz_mutex
 .bss           0x200001d9        0x0 C:\Users\rikta\OneDrive\Documents\UBC 2nd Year\ELEC291\gcc-arm-none-eabi-10.3-2021.10\arm-none-eabi\lib\thumb\v6-m\nofp\libc_nano.a(lib_a-makebuf.o)
 .bss           0x200001d9        0x0 C:\Users\rikta\OneDrive\Documents\UBC 2nd Year\ELEC291\gcc-arm-none-eabi-10.3-2021.10\arm-none-eabi\lib\thumb\v6-m\nofp\libc_nano.a(lib_a-memset.o)
 .bss           0x200001d9        0x0 C:\Users\rikta\OneDrive\Documents\UBC 2nd Year\ELEC291\gcc-arm-none-eabi-10.3-2021.10\arm-none-eabi\lib\thumb\v6-m\nofp\libc_nano.a(lib_a-nano-freer.o)
 .bss           0x200001d9        0x0 C:\Users\rikta\OneDrive\Documents\UBC 2nd Year\ELEC291\gcc-arm-none-eabi-10.3-2021.10\arm-none-eabi\lib\thumb\v6-m\nofp\libc_nano.a(lib_a-nano-mallocr.o)
 *fill*         0x200001d9        0x3 
 .bss.__malloc_free_list
                0x200001dc        0x4 C:\Users\rikta\OneDrive\Documents\UBC 2nd Year\ELEC291\gcc-arm-none-eabi-10.3-2021.10\arm-none-eabi\lib\thumb\v6-m\nofp\libc_nano.a(lib_a-nano-mallocr.o)
                0x200001dc                __malloc_free_list
 .bss.__malloc_sbrk_start
                0x200001e0        0x4 C:\Users\rikta\OneDrive\Documents\UBC 2nd Year\ELEC291\gcc-arm-none-eabi-10.3-2021.10\arm-none-eabi\lib\thumb\v6-m\nofp\libc_nano.a(lib_a-nano-mallocr.o)
                0x200001e0                __malloc_sbrk_start
 .bss           0x200001e4        0x0 C:\Users\rikta\OneDrive\Documents\UBC 2nd Year\ELEC291\gcc-arm-none-eabi-10.3-2021.10\arm-none-eabi\lib\thumb\v6-m\nofp\libc_nano.a(lib_a-nano-vfprintf.o)
 .bss           0x200001e4        0x0 C:\Users\rikta\OneDrive\Documents\UBC 2nd Year\ELEC291\gcc-arm-none-eabi-10.3-2021.10\arm-none-eabi\lib\thumb\v6-m\nofp\libc_nano.a(lib_a-nano-vfprintf_i.o)
 .bss           0x200001e4        0x0 C:\Users\rikta\OneDrive\Documents\UBC 2nd Year\ELEC291\gcc-arm-none-eabi-10.3-2021.10\arm-none-eabi\lib\thumb\v6-m\nofp\libc_nano.a(lib_a-sbrkr.o)
 .bss           0x200001e4        0x0 C:\Users\rikta\OneDrive\Documents\UBC 2nd Year\ELEC291\gcc-arm-none-eabi-10.3-2021.10\arm-none-eabi\lib\thumb\v6-m\nofp\libc_nano.a(lib_a-stdio.o)
 .bss           0x200001e4        0x0 C:\Users\rikta\OneDrive\Documents\UBC 2nd Year\ELEC291\gcc-arm-none-eabi-10.3-2021.10\arm-none-eabi\lib\thumb\v6-m\nofp\libc_nano.a(lib_a-writer.o)
 .bss           0x200001e4        0x0 C:\Users\rikta\OneDrive\Documents\UBC 2nd Year\ELEC291\gcc-arm-none-eabi-10.3-2021.10\arm-none-eabi\lib\thumb\v6-m\nofp\libc_nano.a(lib_a-closer.o)
 .bss           0x200001e4        0x0 C:\Users\rikta\OneDrive\Documents\UBC 2nd Year\ELEC291\gcc-arm-none-eabi-10.3-2021.10\arm-none-eabi\lib\thumb\v6-m\nofp\libc_nano.a(lib_a-fstatr.o)
 .bss           0x200001e4        0x0 C:\Users\rikta\OneDrive\Documents\UBC 2nd Year\ELEC291\gcc-arm-none-eabi-10.3-2021.10\arm-none-eabi\lib\thumb\v6-m\nofp\libc_nano.a(lib_a-fvwrite.o)
 .bss           0x200001e4        0x0 C:\Users\rikta\OneDrive\Documents\UBC 2nd Year\ELEC291\gcc-arm-none-eabi-10.3-2021.10\arm-none-eabi\lib\thumb\v6-m\nofp\libc_nano.a(lib_a-isattyr.o)
 .bss           0x200001e4        0x0 C:\Users\rikta\OneDrive\Documents\UBC 2nd Year\ELEC291\gcc-arm-none-eabi-10.3-2021.10\arm-none-eabi\lib\thumb\v6-m\nofp\libc_nano.a(lib_a-lseekr.o)
 .bss           0x200001e4        0x0 C:\Users\rikta\OneDrive\Documents\UBC 2nd Year\ELEC291\gcc-arm-none-eabi-10.3-2021.10\arm-none-eabi\lib\thumb\v6-m\nofp\libc_nano.a(lib_a-memchr-stub.o)
 .bss           0x200001e4        0x0 C:\Users\rikta\OneDrive\Documents\UBC 2nd Year\ELEC291\gcc-arm-none-eabi-10.3-2021.10\arm-none-eabi\lib\thumb\v6-m\nofp\libc_nano.a(lib_a-memcpy-stub.o)
 .bss           0x200001e4        0x0 C:\Users\rikta\OneDrive\Documents\UBC 2nd Year\ELEC291\gcc-arm-none-eabi-10.3-2021.10\arm-none-eabi\lib\thumb\v6-m\nofp\libc_nano.a(lib_a-memmove.o)
 .bss           0x200001e4        0x0 C:\Users\rikta\OneDrive\Documents\UBC 2nd Year\ELEC291\gcc-arm-none-eabi-10.3-2021.10\arm-none-eabi\lib\thumb\v6-m\nofp\libc_nano.a(lib_a-mlock.o)
 .bss           0x200001e4        0x0 C:\Users\rikta\OneDrive\Documents\UBC 2nd Year\ELEC291\gcc-arm-none-eabi-10.3-2021.10\arm-none-eabi\lib\thumb\v6-m\nofp\libc_nano.a(lib_a-nano-reallocr.o)
 .bss           0x200001e4        0x0 C:\Users\rikta\OneDrive\Documents\UBC 2nd Year\ELEC291\gcc-arm-none-eabi-10.3-2021.10\arm-none-eabi\lib\thumb\v6-m\nofp\libc_nano.a(lib_a-readr.o)
 .bss           0x200001e4        0x0 C:\Users\rikta\OneDrive\Documents\UBC 2nd Year\ELEC291\gcc-arm-none-eabi-10.3-2021.10\arm-none-eabi\lib\thumb\v6-m\nofp\libc_nano.a(lib_a-nano-msizer.o)
 .bss           0x200001e4        0x0 C:\Users\rikta\OneDrive\Documents\UBC 2nd Year\ELEC291\gcc-arm-none-eabi-10.3-2021.10\lib\gcc\arm-none-eabi\10.3.1\thumb\v6-m\nofp\libgcc.a(_thumb1_case_shi.o)
 .bss           0x200001e4        0x0 C:\Users\rikta\OneDrive\Documents\UBC 2nd Year\ELEC291\gcc-arm-none-eabi-10.3-2021.10\lib\gcc\arm-none-eabi\10.3.1\thumb\v6-m\nofp\libgcc.a(_udivsi3.o)
 *(COMMON)
                0x200001e4                . = ALIGN (0x4)
                0x200001e4                _ebss = .
                [!provide]                PROVIDE (end = .)
                0x200001e4                PROVIDE (_HeapStart = .)
                0x20002000                PROVIDE (_StackTop = (ORIGIN (ram) + LENGTH (ram)))
OUTPUT(main.elf elf32-littlearm)
LOAD linker stubs

.debug_info     0x00000000     0x23c8
 .debug_info    0x00000000      0x887 main.o
 .debug_info    0x00000887      0x82d serial.o
 .debug_info    0x000010b4      0x843 UART2.o
 .debug_info    0x000018f7      0x3ad startup.o
 .debug_info    0x00001ca4      0x724 newlib_stubs.o

.debug_abbrev   0x00000000      0x8eb
 .debug_abbrev  0x00000000      0x212 main.o
 .debug_abbrev  0x00000212      0x1f5 serial.o
 .debug_abbrev  0x00000407      0x1f5 UART2.o
 .debug_abbrev  0x000005fc      0x174 startup.o
 .debug_abbrev  0x00000770      0x17b newlib_stubs.o

.debug_aranges  0x00000000       0xa8
 .debug_aranges
                0x00000000       0x20 main.o
 .debug_aranges
                0x00000020       0x20 serial.o
 .debug_aranges
                0x00000040       0x20 UART2.o
 .debug_aranges
                0x00000060       0x28 startup.o
 .debug_aranges
                0x00000088       0x20 newlib_stubs.o

.debug_ranges   0x00000000       0x30
 .debug_ranges  0x00000000       0x18 main.o
 .debug_ranges  0x00000018       0x18 startup.o

.debug_line     0x00000000     0x1829
 .debug_line    0x00000000      0x8ca main.o
 .debug_line    0x000008ca      0x4f2 serial.o
 .debug_line    0x00000dbc      0x4db UART2.o
 .debug_line    0x00001297      0x2b4 startup.o
 .debug_line    0x0000154b      0x2de newlib_stubs.o

.debug_str      0x00000000      0x8b2
 .debug_str     0x00000000      0x396 main.o
                                0x3df (size before relaxing)
 .debug_str     0x00000396      0x11b serial.o
                                0x3a3 (size before relaxing)
 .debug_str     0x000004b1       0xe9 UART2.o
                                0x3b4 (size before relaxing)
 .debug_str     0x0000059a       0xee startup.o
                                0x2cb (size before relaxing)
 .debug_str     0x00000688      0x22a newlib_stubs.o
                                0x3c9 (size before relaxing)

.comment        0x00000000       0x49
 .comment       0x00000000       0x49 main.o
                                 0x4a (size before relaxing)
 .comment       0x00000049       0x4a serial.o
 .comment       0x00000049       0x4a UART2.o
 .comment       0x00000049       0x4a startup.o
 .comment       0x00000049       0x4a newlib_stubs.o

.ARM.attributes
                0x00000000       0x2a
 .ARM.attributes
                0x00000000       0x2c main.o
 .ARM.attributes
                0x0000002c       0x2c serial.o
 .ARM.attributes
                0x00000058       0x2c UART2.o
 .ARM.attributes
                0x00000084       0x2c startup.o
 .ARM.attributes
                0x000000b0       0x2c newlib_stubs.o
 .ARM.attributes
                0x000000dc       0x2c C:\Users\rikta\OneDrive\Documents\UBC 2nd Year\ELEC291\gcc-arm-none-eabi-10.3-2021.10\arm-none-eabi\lib\thumb\v6-m\nofp\libnosys.a(errno.o)
 .ARM.attributes
                0x00000108       0x1e C:\Users\rikta\OneDrive\Documents\UBC 2nd Year\ELEC291\gcc-arm-none-eabi-10.3-2021.10\lib\gcc\arm-none-eabi\10.3.1\thumb\v6-m\nofp\libgcc.a(_divsi3.o)
 .ARM.attributes
                0x00000126       0x1e C:\Users\rikta\OneDrive\Documents\UBC 2nd Year\ELEC291\gcc-arm-none-eabi-10.3-2021.10\lib\gcc\arm-none-eabi\10.3.1\thumb\v6-m\nofp\libgcc.a(_dvmd_tls.o)
 .ARM.attributes
                0x00000144       0x2c C:\Users\rikta\OneDrive\Documents\UBC 2nd Year\ELEC291\gcc-arm-none-eabi-10.3-2021.10\lib\gcc\arm-none-eabi\10.3.1\thumb\v6-m\nofp\libgcc.a(muldf3.o)
 .ARM.attributes
                0x00000170       0x2c C:\Users\rikta\OneDrive\Documents\UBC 2nd Year\ELEC291\gcc-arm-none-eabi-10.3-2021.10\lib\gcc\arm-none-eabi\10.3.1\thumb\v6-m\nofp\libgcc.a(fixdfsi.o)
 .ARM.attributes
                0x0000019c       0x2c C:\Users\rikta\OneDrive\Documents\UBC 2nd Year\ELEC291\gcc-arm-none-eabi-10.3-2021.10\lib\gcc\arm-none-eabi\10.3.1\thumb\v6-m\nofp\libgcc.a(floatsidf.o)
 .ARM.attributes
                0x000001c8       0x1e C:\Users\rikta\OneDrive\Documents\UBC 2nd Year\ELEC291\gcc-arm-none-eabi-10.3-2021.10\lib\gcc\arm-none-eabi\10.3.1\thumb\v6-m\nofp\libgcc.a(_clzsi2.o)
 .ARM.attributes
                0x000001e6       0x2c C:\Users\rikta\OneDrive\Documents\UBC 2nd Year\ELEC291\gcc-arm-none-eabi-10.3-2021.10\arm-none-eabi\lib\thumb\v6-m\nofp\libc_nano.a(lib_a-atoi.o)
 .ARM.attributes
                0x00000212       0x2c C:\Users\rikta\OneDrive\Documents\UBC 2nd Year\ELEC291\gcc-arm-none-eabi-10.3-2021.10\arm-none-eabi\lib\thumb\v6-m\nofp\libc_nano.a(lib_a-printf.o)
 .ARM.attributes
                0x0000023e       0x2c C:\Users\rikta\OneDrive\Documents\UBC 2nd Year\ELEC291\gcc-arm-none-eabi-10.3-2021.10\arm-none-eabi\lib\thumb\v6-m\nofp\libc_nano.a(lib_a-puts.o)
 .ARM.attributes
                0x0000026a       0x1c C:\Users\rikta\OneDrive\Documents\UBC 2nd Year\ELEC291\gcc-arm-none-eabi-10.3-2021.10\arm-none-eabi\lib\thumb\v6-m\nofp\libc_nano.a(lib_a-strcmp.o)
 .ARM.attributes
                0x00000286       0x1c C:\Users\rikta\OneDrive\Documents\UBC 2nd Year\ELEC291\gcc-arm-none-eabi-10.3-2021.10\arm-none-eabi\lib\thumb\v6-m\nofp\libc_nano.a(lib_a-strlen.o)
 .ARM.attributes
                0x000002a2       0x2c C:\Users\rikta\OneDrive\Documents\UBC 2nd Year\ELEC291\gcc-arm-none-eabi-10.3-2021.10\arm-none-eabi\lib\thumb\v6-m\nofp\libc_nano.a(lib_a-strtol.o)
 .ARM.attributes
                0x000002ce       0x2c C:\Users\rikta\OneDrive\Documents\UBC 2nd Year\ELEC291\gcc-arm-none-eabi-10.3-2021.10\arm-none-eabi\lib\thumb\v6-m\nofp\libc_nano.a(lib_a-wbuf.o)
 .ARM.attributes
                0x000002fa       0x2c C:\Users\rikta\OneDrive\Documents\UBC 2nd Year\ELEC291\gcc-arm-none-eabi-10.3-2021.10\arm-none-eabi\lib\thumb\v6-m\nofp\libc_nano.a(lib_a-wsetup.o)
 .ARM.attributes
                0x00000326       0x2c C:\Users\rikta\OneDrive\Documents\UBC 2nd Year\ELEC291\gcc-arm-none-eabi-10.3-2021.10\arm-none-eabi\lib\thumb\v6-m\nofp\libc_nano.a(lib_a-ctype_.o)
 .ARM.attributes
                0x00000352       0x2c C:\Users\rikta\OneDrive\Documents\UBC 2nd Year\ELEC291\gcc-arm-none-eabi-10.3-2021.10\arm-none-eabi\lib\thumb\v6-m\nofp\libc_nano.a(lib_a-errno.o)
 .ARM.attributes
                0x0000037e       0x2c C:\Users\rikta\OneDrive\Documents\UBC 2nd Year\ELEC291\gcc-arm-none-eabi-10.3-2021.10\arm-none-eabi\lib\thumb\v6-m\nofp\libc_nano.a(lib_a-fflush.o)
 .ARM.attributes
                0x000003aa       0x2c C:\Users\rikta\OneDrive\Documents\UBC 2nd Year\ELEC291\gcc-arm-none-eabi-10.3-2021.10\arm-none-eabi\lib\thumb\v6-m\nofp\libc_nano.a(lib_a-findfp.o)
 .ARM.attributes
                0x000003d6       0x2c C:\Users\rikta\OneDrive\Documents\UBC 2nd Year\ELEC291\gcc-arm-none-eabi-10.3-2021.10\arm-none-eabi\lib\thumb\v6-m\nofp\libc_nano.a(lib_a-fwalk.o)
 .ARM.attributes
                0x00000402       0x2c C:\Users\rikta\OneDrive\Documents\UBC 2nd Year\ELEC291\gcc-arm-none-eabi-10.3-2021.10\arm-none-eabi\lib\thumb\v6-m\nofp\libc_nano.a(lib_a-impure.o)
 .ARM.attributes
                0x0000042e       0x2c C:\Users\rikta\OneDrive\Documents\UBC 2nd Year\ELEC291\gcc-arm-none-eabi-10.3-2021.10\arm-none-eabi\lib\thumb\v6-m\nofp\libc_nano.a(lib_a-lock.o)
 .ARM.attributes
                0x0000045a       0x2c C:\Users\rikta\OneDrive\Documents\UBC 2nd Year\ELEC291\gcc-arm-none-eabi-10.3-2021.10\arm-none-eabi\lib\thumb\v6-m\nofp\libc_nano.a(lib_a-makebuf.o)
 .ARM.attributes
                0x00000486       0x2c C:\Users\rikta\OneDrive\Documents\UBC 2nd Year\ELEC291\gcc-arm-none-eabi-10.3-2021.10\arm-none-eabi\lib\thumb\v6-m\nofp\libc_nano.a(lib_a-memset.o)
 .ARM.attributes
                0x000004b2       0x2c C:\Users\rikta\OneDrive\Documents\UBC 2nd Year\ELEC291\gcc-arm-none-eabi-10.3-2021.10\arm-none-eabi\lib\thumb\v6-m\nofp\libc_nano.a(lib_a-nano-freer.o)
 .ARM.attributes
                0x000004de       0x2c C:\Users\rikta\OneDrive\Documents\UBC 2nd Year\ELEC291\gcc-arm-none-eabi-10.3-2021.10\arm-none-eabi\lib\thumb\v6-m\nofp\libc_nano.a(lib_a-nano-mallocr.o)
 .ARM.attributes
                0x0000050a       0x2c C:\Users\rikta\OneDrive\Documents\UBC 2nd Year\ELEC291\gcc-arm-none-eabi-10.3-2021.10\arm-none-eabi\lib\thumb\v6-m\nofp\libc_nano.a(lib_a-nano-vfprintf.o)
 .ARM.attributes
                0x00000536       0x2c C:\Users\rikta\OneDrive\Documents\UBC 2nd Year\ELEC291\gcc-arm-none-eabi-10.3-2021.10\arm-none-eabi\lib\thumb\v6-m\nofp\libc_nano.a(lib_a-nano-vfprintf_i.o)
 .ARM.attributes
                0x00000562       0x2c C:\Users\rikta\OneDrive\Documents\UBC 2nd Year\ELEC291\gcc-arm-none-eabi-10.3-2021.10\arm-none-eabi\lib\thumb\v6-m\nofp\libc_nano.a(lib_a-sbrkr.o)
 .ARM.attributes
                0x0000058e       0x2c C:\Users\rikta\OneDrive\Documents\UBC 2nd Year\ELEC291\gcc-arm-none-eabi-10.3-2021.10\arm-none-eabi\lib\thumb\v6-m\nofp\libc_nano.a(lib_a-stdio.o)
 .ARM.attributes
                0x000005ba       0x2c C:\Users\rikta\OneDrive\Documents\UBC 2nd Year\ELEC291\gcc-arm-none-eabi-10.3-2021.10\arm-none-eabi\lib\thumb\v6-m\nofp\libc_nano.a(lib_a-writer.o)
 .ARM.attributes
                0x000005e6       0x2c C:\Users\rikta\OneDrive\Documents\UBC 2nd Year\ELEC291\gcc-arm-none-eabi-10.3-2021.10\arm-none-eabi\lib\thumb\v6-m\nofp\libc_nano.a(lib_a-closer.o)
 .ARM.attributes
                0x00000612       0x2c C:\Users\rikta\OneDrive\Documents\UBC 2nd Year\ELEC291\gcc-arm-none-eabi-10.3-2021.10\arm-none-eabi\lib\thumb\v6-m\nofp\libc_nano.a(lib_a-fstatr.o)
 .ARM.attributes
                0x0000063e       0x2c C:\Users\rikta\OneDrive\Documents\UBC 2nd Year\ELEC291\gcc-arm-none-eabi-10.3-2021.10\arm-none-eabi\lib\thumb\v6-m\nofp\libc_nano.a(lib_a-fvwrite.o)
 .ARM.attributes
                0x0000066a       0x2c C:\Users\rikta\OneDrive\Documents\UBC 2nd Year\ELEC291\gcc-arm-none-eabi-10.3-2021.10\arm-none-eabi\lib\thumb\v6-m\nofp\libc_nano.a(lib_a-isattyr.o)
 .ARM.attributes
                0x00000696       0x2c C:\Users\rikta\OneDrive\Documents\UBC 2nd Year\ELEC291\gcc-arm-none-eabi-10.3-2021.10\arm-none-eabi\lib\thumb\v6-m\nofp\libc_nano.a(lib_a-lseekr.o)
 .ARM.attributes
                0x000006c2       0x2c C:\Users\rikta\OneDrive\Documents\UBC 2nd Year\ELEC291\gcc-arm-none-eabi-10.3-2021.10\arm-none-eabi\lib\thumb\v6-m\nofp\libc_nano.a(lib_a-memchr-stub.o)
 .ARM.attributes
                0x000006ee       0x2c C:\Users\rikta\OneDrive\Documents\UBC 2nd Year\ELEC291\gcc-arm-none-eabi-10.3-2021.10\arm-none-eabi\lib\thumb\v6-m\nofp\libc_nano.a(lib_a-memcpy-stub.o)
 .ARM.attributes
                0x0000071a       0x2c C:\Users\rikta\OneDrive\Documents\UBC 2nd Year\ELEC291\gcc-arm-none-eabi-10.3-2021.10\arm-none-eabi\lib\thumb\v6-m\nofp\libc_nano.a(lib_a-memmove.o)
 .ARM.attributes
                0x00000746       0x2c C:\Users\rikta\OneDrive\Documents\UBC 2nd Year\ELEC291\gcc-arm-none-eabi-10.3-2021.10\arm-none-eabi\lib\thumb\v6-m\nofp\libc_nano.a(lib_a-mlock.o)
 .ARM.attributes
                0x00000772       0x2c C:\Users\rikta\OneDrive\Documents\UBC 2nd Year\ELEC291\gcc-arm-none-eabi-10.3-2021.10\arm-none-eabi\lib\thumb\v6-m\nofp\libc_nano.a(lib_a-nano-reallocr.o)
 .ARM.attributes
                0x0000079e       0x2c C:\Users\rikta\OneDrive\Documents\UBC 2nd Year\ELEC291\gcc-arm-none-eabi-10.3-2021.10\arm-none-eabi\lib\thumb\v6-m\nofp\libc_nano.a(lib_a-readr.o)
 .ARM.attributes
                0x000007ca       0x2c C:\Users\rikta\OneDrive\Documents\UBC 2nd Year\ELEC291\gcc-arm-none-eabi-10.3-2021.10\arm-none-eabi\lib\thumb\v6-m\nofp\libc_nano.a(lib_a-nano-msizer.o)
 .ARM.attributes
                0x000007f6       0x1e C:\Users\rikta\OneDrive\Documents\UBC 2nd Year\ELEC291\gcc-arm-none-eabi-10.3-2021.10\lib\gcc\arm-none-eabi\10.3.1\thumb\v6-m\nofp\libgcc.a(_thumb1_case_shi.o)
 .ARM.attributes
                0x00000814       0x1e C:\Users\rikta\OneDrive\Documents\UBC 2nd Year\ELEC291\gcc-arm-none-eabi-10.3-2021.10\lib\gcc\arm-none-eabi\10.3.1\thumb\v6-m\nofp\libgcc.a(_udivsi3.o)

.debug_frame    0x00000000     0x1298
 .debug_frame   0x00000000      0x164 main.o
 .debug_frame   0x00000164      0x1e8 serial.o
 .debug_frame   0x0000034c      0x204 UART2.o
 .debug_frame   0x00000550       0x94 startup.o
 .debug_frame   0x000005e4      0x228 newlib_stubs.o
 .debug_frame   0x0000080c       0x20 C:\Users\rikta\OneDrive\Documents\UBC 2nd Year\ELEC291\gcc-arm-none-eabi-10.3-2021.10\lib\gcc\arm-none-eabi\10.3.1\thumb\v6-m\nofp\libgcc.a(_divsi3.o)
 .debug_frame   0x0000082c       0x3c C:\Users\rikta\OneDrive\Documents\UBC 2nd Year\ELEC291\gcc-arm-none-eabi-10.3-2021.10\lib\gcc\arm-none-eabi\10.3.1\thumb\v6-m\nofp\libgcc.a(muldf3.o)
 .debug_frame   0x00000868       0x2c C:\Users\rikta\OneDrive\Documents\UBC 2nd Year\ELEC291\gcc-arm-none-eabi-10.3-2021.10\lib\gcc\arm-none-eabi\10.3.1\thumb\v6-m\nofp\libgcc.a(fixdfsi.o)
 .debug_frame   0x00000894       0x2c C:\Users\rikta\OneDrive\Documents\UBC 2nd Year\ELEC291\gcc-arm-none-eabi-10.3-2021.10\lib\gcc\arm-none-eabi\10.3.1\thumb\v6-m\nofp\libgcc.a(floatsidf.o)
 .debug_frame   0x000008c0       0x40 C:\Users\rikta\OneDrive\Documents\UBC 2nd Year\ELEC291\gcc-arm-none-eabi-10.3-2021.10\arm-none-eabi\lib\thumb\v6-m\nofp\libc_nano.a(lib_a-atoi.o)
 .debug_frame   0x00000900       0x50 C:\Users\rikta\OneDrive\Documents\UBC 2nd Year\ELEC291\gcc-arm-none-eabi-10.3-2021.10\arm-none-eabi\lib\thumb\v6-m\nofp\libc_nano.a(lib_a-printf.o)
 .debug_frame   0x00000950       0x44 C:\Users\rikta\OneDrive\Documents\UBC 2nd Year\ELEC291\gcc-arm-none-eabi-10.3-2021.10\arm-none-eabi\lib\thumb\v6-m\nofp\libc_nano.a(lib_a-puts.o)
 .debug_frame   0x00000994       0x20 C:\Users\rikta\OneDrive\Documents\UBC 2nd Year\ELEC291\gcc-arm-none-eabi-10.3-2021.10\arm-none-eabi\lib\thumb\v6-m\nofp\libc_nano.a(lib_a-strcmp.o)
 .debug_frame   0x000009b4       0x78 C:\Users\rikta\OneDrive\Documents\UBC 2nd Year\ELEC291\gcc-arm-none-eabi-10.3-2021.10\arm-none-eabi\lib\thumb\v6-m\nofp\libc_nano.a(lib_a-strtol.o)
 .debug_frame   0x00000a2c       0x48 C:\Users\rikta\OneDrive\Documents\UBC 2nd Year\ELEC291\gcc-arm-none-eabi-10.3-2021.10\arm-none-eabi\lib\thumb\v6-m\nofp\libc_nano.a(lib_a-wbuf.o)
 .debug_frame   0x00000a74       0x2c C:\Users\rikta\OneDrive\Documents\UBC 2nd Year\ELEC291\gcc-arm-none-eabi-10.3-2021.10\arm-none-eabi\lib\thumb\v6-m\nofp\libc_nano.a(lib_a-wsetup.o)
 .debug_frame   0x00000aa0       0x20 C:\Users\rikta\OneDrive\Documents\UBC 2nd Year\ELEC291\gcc-arm-none-eabi-10.3-2021.10\arm-none-eabi\lib\thumb\v6-m\nofp\libc_nano.a(lib_a-errno.o)
 .debug_frame   0x00000ac0       0x68 C:\Users\rikta\OneDrive\Documents\UBC 2nd Year\ELEC291\gcc-arm-none-eabi-10.3-2021.10\arm-none-eabi\lib\thumb\v6-m\nofp\libc_nano.a(lib_a-fflush.o)
 .debug_frame   0x00000b28      0x170 C:\Users\rikta\OneDrive\Documents\UBC 2nd Year\ELEC291\gcc-arm-none-eabi-10.3-2021.10\arm-none-eabi\lib\thumb\v6-m\nofp\libc_nano.a(lib_a-findfp.o)
 .debug_frame   0x00000c98       0x58 C:\Users\rikta\OneDrive\Documents\UBC 2nd Year\ELEC291\gcc-arm-none-eabi-10.3-2021.10\arm-none-eabi\lib\thumb\v6-m\nofp\libc_nano.a(lib_a-fwalk.o)
 .debug_frame   0x00000cf0       0xb0 C:\Users\rikta\OneDrive\Documents\UBC 2nd Year\ELEC291\gcc-arm-none-eabi-10.3-2021.10\arm-none-eabi\lib\thumb\v6-m\nofp\libc_nano.a(lib_a-lock.o)
 .debug_frame   0x00000da0       0x54 C:\Users\rikta\OneDrive\Documents\UBC 2nd Year\ELEC291\gcc-arm-none-eabi-10.3-2021.10\arm-none-eabi\lib\thumb\v6-m\nofp\libc_nano.a(lib_a-makebuf.o)
 .debug_frame   0x00000df4       0x20 C:\Users\rikta\OneDrive\Documents\UBC 2nd Year\ELEC291\gcc-arm-none-eabi-10.3-2021.10\arm-none-eabi\lib\thumb\v6-m\nofp\libc_nano.a(lib_a-memset.o)
 .debug_frame   0x00000e14       0x2c C:\Users\rikta\OneDrive\Documents\UBC 2nd Year\ELEC291\gcc-arm-none-eabi-10.3-2021.10\arm-none-eabi\lib\thumb\v6-m\nofp\libc_nano.a(lib_a-nano-freer.o)
 .debug_frame   0x00000e40       0x50 C:\Users\rikta\OneDrive\Documents\UBC 2nd Year\ELEC291\gcc-arm-none-eabi-10.3-2021.10\arm-none-eabi\lib\thumb\v6-m\nofp\libc_nano.a(lib_a-nano-mallocr.o)
 .debug_frame   0x00000e90       0x9c C:\Users\rikta\OneDrive\Documents\UBC 2nd Year\ELEC291\gcc-arm-none-eabi-10.3-2021.10\arm-none-eabi\lib\thumb\v6-m\nofp\libc_nano.a(lib_a-nano-vfprintf.o)
 .debug_frame   0x00000f2c       0x54 C:\Users\rikta\OneDrive\Documents\UBC 2nd Year\ELEC291\gcc-arm-none-eabi-10.3-2021.10\arm-none-eabi\lib\thumb\v6-m\nofp\libc_nano.a(lib_a-nano-vfprintf_i.o)
 .debug_frame   0x00000f80       0x2c C:\Users\rikta\OneDrive\Documents\UBC 2nd Year\ELEC291\gcc-arm-none-eabi-10.3-2021.10\arm-none-eabi\lib\thumb\v6-m\nofp\libc_nano.a(lib_a-sbrkr.o)
 .debug_frame   0x00000fac       0x90 C:\Users\rikta\OneDrive\Documents\UBC 2nd Year\ELEC291\gcc-arm-none-eabi-10.3-2021.10\arm-none-eabi\lib\thumb\v6-m\nofp\libc_nano.a(lib_a-stdio.o)
 .debug_frame   0x0000103c       0x2c C:\Users\rikta\OneDrive\Documents\UBC 2nd Year\ELEC291\gcc-arm-none-eabi-10.3-2021.10\arm-none-eabi\lib\thumb\v6-m\nofp\libc_nano.a(lib_a-writer.o)
 .debug_frame   0x00001068       0x2c C:\Users\rikta\OneDrive\Documents\UBC 2nd Year\ELEC291\gcc-arm-none-eabi-10.3-2021.10\arm-none-eabi\lib\thumb\v6-m\nofp\libc_nano.a(lib_a-closer.o)
 .debug_frame   0x00001094       0x2c C:\Users\rikta\OneDrive\Documents\UBC 2nd Year\ELEC291\gcc-arm-none-eabi-10.3-2021.10\arm-none-eabi\lib\thumb\v6-m\nofp\libc_nano.a(lib_a-fstatr.o)
 .debug_frame   0x000010c0       0x30 C:\Users\rikta\OneDrive\Documents\UBC 2nd Year\ELEC291\gcc-arm-none-eabi-10.3-2021.10\arm-none-eabi\lib\thumb\v6-m\nofp\libc_nano.a(lib_a-fvwrite.o)
 .debug_frame   0x000010f0       0x2c C:\Users\rikta\OneDrive\Documents\UBC 2nd Year\ELEC291\gcc-arm-none-eabi-10.3-2021.10\arm-none-eabi\lib\thumb\v6-m\nofp\libc_nano.a(lib_a-isattyr.o)
 .debug_frame   0x0000111c       0x2c C:\Users\rikta\OneDrive\Documents\UBC 2nd Year\ELEC291\gcc-arm-none-eabi-10.3-2021.10\arm-none-eabi\lib\thumb\v6-m\nofp\libc_nano.a(lib_a-lseekr.o)
 .debug_frame   0x00001148       0x20 C:\Users\rikta\OneDrive\Documents\UBC 2nd Year\ELEC291\gcc-arm-none-eabi-10.3-2021.10\arm-none-eabi\lib\thumb\v6-m\nofp\libc_nano.a(lib_a-memchr-stub.o)
 .debug_frame   0x00001168       0x28 C:\Users\rikta\OneDrive\Documents\UBC 2nd Year\ELEC291\gcc-arm-none-eabi-10.3-2021.10\arm-none-eabi\lib\thumb\v6-m\nofp\libc_nano.a(lib_a-memcpy-stub.o)
 .debug_frame   0x00001190       0x28 C:\Users\rikta\OneDrive\Documents\UBC 2nd Year\ELEC291\gcc-arm-none-eabi-10.3-2021.10\arm-none-eabi\lib\thumb\v6-m\nofp\libc_nano.a(lib_a-memmove.o)
 .debug_frame   0x000011b8       0x40 C:\Users\rikta\OneDrive\Documents\UBC 2nd Year\ELEC291\gcc-arm-none-eabi-10.3-2021.10\arm-none-eabi\lib\thumb\v6-m\nofp\libc_nano.a(lib_a-mlock.o)
 .debug_frame   0x000011f8       0x34 C:\Users\rikta\OneDrive\Documents\UBC 2nd Year\ELEC291\gcc-arm-none-eabi-10.3-2021.10\arm-none-eabi\lib\thumb\v6-m\nofp\libc_nano.a(lib_a-nano-reallocr.o)
 .debug_frame   0x0000122c       0x2c C:\Users\rikta\OneDrive\Documents\UBC 2nd Year\ELEC291\gcc-arm-none-eabi-10.3-2021.10\arm-none-eabi\lib\thumb\v6-m\nofp\libc_nano.a(lib_a-readr.o)
 .debug_frame   0x00001258       0x20 C:\Users\rikta\OneDrive\Documents\UBC 2nd Year\ELEC291\gcc-arm-none-eabi-10.3-2021.10\arm-none-eabi\lib\thumb\v6-m\nofp\libc_nano.a(lib_a-nano-msizer.o)
 .debug_frame   0x00001278       0x20 C:\Users\rikta\OneDrive\Documents\UBC 2nd Year\ELEC291\gcc-arm-none-eabi-10.3-2021.10\lib\gcc\arm-none-eabi\10.3.1\thumb\v6-m\nofp\libgcc.a(_udivsi3.o)

Cross Reference Table

Symbol                                            File
ADC_COMP_Handler                                  startup.o
ComBusy                                           serial.o
ComBusy2                                          UART2.o
ComError                                          serial.o
ComError2                                         UART2.o
ComOpen                                           serial.o
ComOpen2                                          UART2.o
ComRXBuffer                                       serial.o
ComRXBuffer2                                      UART2.o
ComTXBuffer                                       serial.o
ComTXBuffer2                                      UART2.o
DMA_CH1_Handler                                   startup.o
DMA_CH2_3_Handler                                 startup.o
DMA_CH4_5_6_7_Handler                             startup.o
Default_Handler                                   startup.o
Delay_us                                          main.o
EXTI0_1_Handler                                   startup.o
EXTI2_3_Handler                                   startup.o
EXTI4_15_Handler                                  startup.o
FLASH_Handler                                     startup.o
GetBuf                                            serial.o
GetBuf2                                           UART2.o
GetBufCount                                       serial.o
GetBufCount2                                      UART2.o
GetPeriod                                         main.o
Hard_Fault_Handler                                startup.o
Hardware_Init                                     main.o
I2C1_Handler                                      startup.o
I2C2_Handler                                      startup.o
LPTIM1_Handler                                    startup.o
LPUART1_Handler                                   startup.o
NMI_Handler                                       startup.o
PVD_Handler                                       startup.o
PWM_Counter                                       main.o
PendSV_Handler                                    startup.o
PutBuf                                            serial.o
PutBuf2                                           UART2.o
RCC_Handler                                       startup.o
RTC_Handler                                       startup.o
ReadCom                                           serial.o
ReadCom2                                          UART2.o
ReceivedBytes2                                    UART2.o
                                                  main.o
ResetInit                                         startup.o
SPI1_Handler                                      startup.o
SPI2_Handler                                      startup.o
SVC_Handler                                       startup.o
SendATCommand                                     main.o
SysTick_Handler                                   startup.o
TIM21_Handler                                     startup.o
TIM22_Handler                                     startup.o
TIM2_Handler                                      main.o
TIM6_Handler                                      startup.o
USART1_Handler                                    serial.o
USART2_Handler                                    UART2.o
Vectors                                           startup.o
WWDG_Handler                                      startup.o
WriteCom                                          serial.o
WriteCom2                                         UART2.o
_HeapStart                                        newlib_stubs.o
_StackTop                                         newlib_stubs.o
                                                  startup.o
__aeabi_d2iz                                      C:\Users\rikta\OneDrive\Documents\UBC 2nd Year\ELEC291\gcc-arm-none-eabi-10.3-2021.10\lib\gcc\arm-none-eabi\10.3.1\thumb\v6-m\nofp\libgcc.a(fixdfsi.o)
                                                  main.o
__aeabi_dmul                                      C:\Users\rikta\OneDrive\Documents\UBC 2nd Year\ELEC291\gcc-arm-none-eabi-10.3-2021.10\lib\gcc\arm-none-eabi\10.3.1\thumb\v6-m\nofp\libgcc.a(muldf3.o)
                                                  main.o
__aeabi_i2d                                       C:\Users\rikta\OneDrive\Documents\UBC 2nd Year\ELEC291\gcc-arm-none-eabi-10.3-2021.10\lib\gcc\arm-none-eabi\10.3.1\thumb\v6-m\nofp\libgcc.a(floatsidf.o)
                                                  main.o
__aeabi_idiv                                      C:\Users\rikta\OneDrive\Documents\UBC 2nd Year\ELEC291\gcc-arm-none-eabi-10.3-2021.10\lib\gcc\arm-none-eabi\10.3.1\thumb\v6-m\nofp\libgcc.a(_divsi3.o)
                                                  C:\Users\rikta\OneDrive\Documents\UBC 2nd Year\ELEC291\gcc-arm-none-eabi-10.3-2021.10\arm-none-eabi\lib\thumb\v6-m\nofp\libc_nano.a(lib_a-fvwrite.o)
                                                  UART2.o
                                                  serial.o
                                                  main.o
__aeabi_idiv0                                     C:\Users\rikta\OneDrive\Documents\UBC 2nd Year\ELEC291\gcc-arm-none-eabi-10.3-2021.10\lib\gcc\arm-none-eabi\10.3.1\thumb\v6-m\nofp\libgcc.a(_dvmd_tls.o)
                                                  C:\Users\rikta\OneDrive\Documents\UBC 2nd Year\ELEC291\gcc-arm-none-eabi-10.3-2021.10\lib\gcc\arm-none-eabi\10.3.1\thumb\v6-m\nofp\libgcc.a(_udivsi3.o)
                                                  C:\Users\rikta\OneDrive\Documents\UBC 2nd Year\ELEC291\gcc-arm-none-eabi-10.3-2021.10\lib\gcc\arm-none-eabi\10.3.1\thumb\v6-m\nofp\libgcc.a(_divsi3.o)
__aeabi_idivmod                                   C:\Users\rikta\OneDrive\Documents\UBC 2nd Year\ELEC291\gcc-arm-none-eabi-10.3-2021.10\lib\gcc\arm-none-eabi\10.3.1\thumb\v6-m\nofp\libgcc.a(_divsi3.o)
                                                  main.o
__aeabi_ldiv0                                     C:\Users\rikta\OneDrive\Documents\UBC 2nd Year\ELEC291\gcc-arm-none-eabi-10.3-2021.10\lib\gcc\arm-none-eabi\10.3.1\thumb\v6-m\nofp\libgcc.a(_dvmd_tls.o)
__aeabi_uidiv                                     C:\Users\rikta\OneDrive\Documents\UBC 2nd Year\ELEC291\gcc-arm-none-eabi-10.3-2021.10\lib\gcc\arm-none-eabi\10.3.1\thumb\v6-m\nofp\libgcc.a(_udivsi3.o)
__aeabi_uidivmod                                  C:\Users\rikta\OneDrive\Documents\UBC 2nd Year\ELEC291\gcc-arm-none-eabi-10.3-2021.10\lib\gcc\arm-none-eabi\10.3.1\thumb\v6-m\nofp\libgcc.a(_udivsi3.o)
                                                  C:\Users\rikta\OneDrive\Documents\UBC 2nd Year\ELEC291\gcc-arm-none-eabi-10.3-2021.10\arm-none-eabi\lib\thumb\v6-m\nofp\libc_nano.a(lib_a-nano-vfprintf_i.o)
                                                  C:\Users\rikta\OneDrive\Documents\UBC 2nd Year\ELEC291\gcc-arm-none-eabi-10.3-2021.10\arm-none-eabi\lib\thumb\v6-m\nofp\libc_nano.a(lib_a-strtol.o)
__clzsi2                                          C:\Users\rikta\OneDrive\Documents\UBC 2nd Year\ELEC291\gcc-arm-none-eabi-10.3-2021.10\lib\gcc\arm-none-eabi\10.3.1\thumb\v6-m\nofp\libgcc.a(_clzsi2.o)
                                                  C:\Users\rikta\OneDrive\Documents\UBC 2nd Year\ELEC291\gcc-arm-none-eabi-10.3-2021.10\lib\gcc\arm-none-eabi\10.3.1\thumb\v6-m\nofp\libgcc.a(floatsidf.o)
                                                  C:\Users\rikta\OneDrive\Documents\UBC 2nd Year\ELEC291\gcc-arm-none-eabi-10.3-2021.10\lib\gcc\arm-none-eabi\10.3.1\thumb\v6-m\nofp\libgcc.a(muldf3.o)
__divsi3                                          C:\Users\rikta\OneDrive\Documents\UBC 2nd Year\ELEC291\gcc-arm-none-eabi-10.3-2021.10\lib\gcc\arm-none-eabi\10.3.1\thumb\v6-m\nofp\libgcc.a(_divsi3.o)
__env                                             newlib_stubs.o
__errno                                           C:\Users\rikta\OneDrive\Documents\UBC 2nd Year\ELEC291\gcc-arm-none-eabi-10.3-2021.10\arm-none-eabi\lib\thumb\v6-m\nofp\libc_nano.a(lib_a-errno.o)
                                                  C:\Users\rikta\OneDrive\Documents\UBC 2nd Year\ELEC291\gcc-arm-none-eabi-10.3-2021.10\arm-none-eabi\lib\thumb\v6-m\nofp\libc_nano.a(lib_a-strtol.o)
__fp_lock_all                                     C:\Users\rikta\OneDrive\Documents\UBC 2nd Year\ELEC291\gcc-arm-none-eabi-10.3-2021.10\arm-none-eabi\lib\thumb\v6-m\nofp\libc_nano.a(lib_a-findfp.o)
__fp_unlock_all                                   C:\Users\rikta\OneDrive\Documents\UBC 2nd Year\ELEC291\gcc-arm-none-eabi-10.3-2021.10\arm-none-eabi\lib\thumb\v6-m\nofp\libc_nano.a(lib_a-findfp.o)
__gnu_thumb1_case_shi                             C:\Users\rikta\OneDrive\Documents\UBC 2nd Year\ELEC291\gcc-arm-none-eabi-10.3-2021.10\lib\gcc\arm-none-eabi\10.3.1\thumb\v6-m\nofp\libgcc.a(_thumb1_case_shi.o)
                                                  C:\Users\rikta\OneDrive\Documents\UBC 2nd Year\ELEC291\gcc-arm-none-eabi-10.3-2021.10\arm-none-eabi\lib\thumb\v6-m\nofp\libc_nano.a(lib_a-nano-vfprintf_i.o)
__init_array_end                                  startup.o
__init_array_start                                startup.o
__lock___arc4random_mutex                         C:\Users\rikta\OneDrive\Documents\UBC 2nd Year\ELEC291\gcc-arm-none-eabi-10.3-2021.10\arm-none-eabi\lib\thumb\v6-m\nofp\libc_nano.a(lib_a-lock.o)
__lock___at_quick_exit_mutex                      C:\Users\rikta\OneDrive\Documents\UBC 2nd Year\ELEC291\gcc-arm-none-eabi-10.3-2021.10\arm-none-eabi\lib\thumb\v6-m\nofp\libc_nano.a(lib_a-lock.o)
__lock___atexit_recursive_mutex                   C:\Users\rikta\OneDrive\Documents\UBC 2nd Year\ELEC291\gcc-arm-none-eabi-10.3-2021.10\arm-none-eabi\lib\thumb\v6-m\nofp\libc_nano.a(lib_a-lock.o)
__lock___dd_hash_mutex                            C:\Users\rikta\OneDrive\Documents\UBC 2nd Year\ELEC291\gcc-arm-none-eabi-10.3-2021.10\arm-none-eabi\lib\thumb\v6-m\nofp\libc_nano.a(lib_a-lock.o)
__lock___env_recursive_mutex                      C:\Users\rikta\OneDrive\Documents\UBC 2nd Year\ELEC291\gcc-arm-none-eabi-10.3-2021.10\arm-none-eabi\lib\thumb\v6-m\nofp\libc_nano.a(lib_a-lock.o)
__lock___malloc_recursive_mutex                   C:\Users\rikta\OneDrive\Documents\UBC 2nd Year\ELEC291\gcc-arm-none-eabi-10.3-2021.10\arm-none-eabi\lib\thumb\v6-m\nofp\libc_nano.a(lib_a-lock.o)
                                                  C:\Users\rikta\OneDrive\Documents\UBC 2nd Year\ELEC291\gcc-arm-none-eabi-10.3-2021.10\arm-none-eabi\lib\thumb\v6-m\nofp\libc_nano.a(lib_a-mlock.o)
__lock___sfp_recursive_mutex                      C:\Users\rikta\OneDrive\Documents\UBC 2nd Year\ELEC291\gcc-arm-none-eabi-10.3-2021.10\arm-none-eabi\lib\thumb\v6-m\nofp\libc_nano.a(lib_a-lock.o)
                                                  C:\Users\rikta\OneDrive\Documents\UBC 2nd Year\ELEC291\gcc-arm-none-eabi-10.3-2021.10\arm-none-eabi\lib\thumb\v6-m\nofp\libc_nano.a(lib_a-findfp.o)
__lock___sinit_recursive_mutex                    C:\Users\rikta\OneDrive\Documents\UBC 2nd Year\ELEC291\gcc-arm-none-eabi-10.3-2021.10\arm-none-eabi\lib\thumb\v6-m\nofp\libc_nano.a(lib_a-lock.o)
                                                  C:\Users\rikta\OneDrive\Documents\UBC 2nd Year\ELEC291\gcc-arm-none-eabi-10.3-2021.10\arm-none-eabi\lib\thumb\v6-m\nofp\libc_nano.a(lib_a-findfp.o)
__lock___tz_mutex                                 C:\Users\rikta\OneDrive\Documents\UBC 2nd Year\ELEC291\gcc-arm-none-eabi-10.3-2021.10\arm-none-eabi\lib\thumb\v6-m\nofp\libc_nano.a(lib_a-lock.o)
__malloc_free_list                                C:\Users\rikta\OneDrive\Documents\UBC 2nd Year\ELEC291\gcc-arm-none-eabi-10.3-2021.10\arm-none-eabi\lib\thumb\v6-m\nofp\libc_nano.a(lib_a-nano-mallocr.o)
                                                  C:\Users\rikta\OneDrive\Documents\UBC 2nd Year\ELEC291\gcc-arm-none-eabi-10.3-2021.10\arm-none-eabi\lib\thumb\v6-m\nofp\libc_nano.a(lib_a-nano-freer.o)
__malloc_lock                                     C:\Users\rikta\OneDrive\Documents\UBC 2nd Year\ELEC291\gcc-arm-none-eabi-10.3-2021.10\arm-none-eabi\lib\thumb\v6-m\nofp\libc_nano.a(lib_a-mlock.o)
                                                  C:\Users\rikta\OneDrive\Documents\UBC 2nd Year\ELEC291\gcc-arm-none-eabi-10.3-2021.10\arm-none-eabi\lib\thumb\v6-m\nofp\libc_nano.a(lib_a-nano-mallocr.o)
                                                  C:\Users\rikta\OneDrive\Documents\UBC 2nd Year\ELEC291\gcc-arm-none-eabi-10.3-2021.10\arm-none-eabi\lib\thumb\v6-m\nofp\libc_nano.a(lib_a-nano-freer.o)
__malloc_sbrk_start                               C:\Users\rikta\OneDrive\Documents\UBC 2nd Year\ELEC291\gcc-arm-none-eabi-10.3-2021.10\arm-none-eabi\lib\thumb\v6-m\nofp\libc_nano.a(lib_a-nano-mallocr.o)
__malloc_unlock                                   C:\Users\rikta\OneDrive\Documents\UBC 2nd Year\ELEC291\gcc-arm-none-eabi-10.3-2021.10\arm-none-eabi\lib\thumb\v6-m\nofp\libc_nano.a(lib_a-mlock.o)
                                                  C:\Users\rikta\OneDrive\Documents\UBC 2nd Year\ELEC291\gcc-arm-none-eabi-10.3-2021.10\arm-none-eabi\lib\thumb\v6-m\nofp\libc_nano.a(lib_a-nano-mallocr.o)
                                                  C:\Users\rikta\OneDrive\Documents\UBC 2nd Year\ELEC291\gcc-arm-none-eabi-10.3-2021.10\arm-none-eabi\lib\thumb\v6-m\nofp\libc_nano.a(lib_a-nano-freer.o)
__retarget_lock_acquire                           C:\Users\rikta\OneDrive\Documents\UBC 2nd Year\ELEC291\gcc-arm-none-eabi-10.3-2021.10\arm-none-eabi\lib\thumb\v6-m\nofp\libc_nano.a(lib_a-lock.o)